Last login: Tue May  8 11:00:05 on ttys000
wifi-131-179-35-123:~ hermmy$ ssh huimin@lnxsrv09.seas.ucla.edu
huimin@lnxsrv09.seas.ucla.edu's password: 
Last login: Tue May  8 11:00:22 2018 from wifi-natpool-131-179-58-133.host.ucla.edu
*****************************************************************************
                        lnxsrv09.seas.ucla.edu RHEL 7
*****************************************************************************

        RedHat 7 -- may not behave the same as other lnxsrv
        Will be used by CS 32, CS 35L, CS 111, and CS 131

*****************************************************************************
*****************************************************************************
* ========================================================================= *
* SEASnet Computing Access                                                  *
*                                                                           *
* Priority is given both on the servers and in the student labs to those    *
* students doing coursework. Computing support for research is provided by  *
* each department.                                                          *
*****************************************************************************
* For assistance please contact help@seas.ucla.edu or call 206-6864.        *
*****************************************************************************
[huimin@lnxsrv09 ~]$ emacs sfrobu.c
[huimin@lnxsrv09 ~]$ gcc -o sfrobu sfrobu.c
sfrobu.c: In function 'frobcmp':
sfrobu.c:39:5: error: too few arguments to function 'write'
     write(2, "frobcmp failed\n");
     ^~~~~
In file included from sfrobu.c:3:
/usr/include/unistd.h:366:16: note: declared here
 extern ssize_t write (int __fd, const void *__buf, size_t __n) __wur;
                ^~~~~
sfrobu.c: In function 'main':
sfrobu.c:52:5: error: too few arguments to function 'write'
     write(2, "malloc failed\n");
     ^~~~~
In file included from sfrobu.c:3:
/usr/include/unistd.h:366:16: note: declared here
 extern ssize_t write (int __fd, const void *__buf, size_t __n) __wur;
                ^~~~~
sfrobu.c:74:2: error: too few arguments to function 'write'
  write(2, "malloc failed\n");
  ^~~~~
In file included from sfrobu.c:3:
/usr/include/unistd.h:366:16: note: declared here
 extern ssize_t write (int __fd, const void *__buf, size_t __n) __wur;
                ^~~~~
sfrobu.c:86:6: error: too few arguments to function 'write'
      write(2, "realloc failed\n");
      ^~~~~
In file included from sfrobu.c:3:
/usr/include/unistd.h:366:16: note: declared here
 extern ssize_t write (int __fd, const void *__buf, size_t __n) __wur;
                ^~~~~
sfrobu.c:115:9: error: too few arguments to function 'write'
         write(2, "realloc failed\n");
         ^~~~~
In file included from sfrobu.c:3:
/usr/include/unistd.h:366:16: note: declared here
 extern ssize_t write (int __fd, const void *__buf, size_t __n) __wur;
                ^~~~~
sfrobu.c:124:5: error: too few arguments to function 'write'
     write(2, "read error\n");
     ^~~~~
In file included from sfrobu.c:3:
/usr/include/unistd.h:366:16: note: declared here
 extern ssize_t write (int __fd, const void *__buf, size_t __n) __wur;
                ^~~~~
sfrobu.c:140:18: warning: passing argument 2 of 'write' makes pointer from integer without a cast [-Wint-conversion]
         write(1, ' ', 1);
                  ^~~
In file included from sfrobu.c:3:
/usr/include/unistd.h:366:45: note: expected 'const void *' but argument is of type 'in'
 extern ssize_t write (int __fd, const void *__buf, size_t __n) __wur;
                                 ~~~~~~~~~~~~^~~~~
[huimin@lnxsrv09 ~]$ emacs sfrobu.c
[huimin@lnxsrv09 ~]$ gcc -o sfrobu sfrobu.c
sfrobu.c:3:10: fatal error: unilib.h: No such file or directory
 #include <unilib.h>
          ^~~~~~~~~~
compilation terminated.
[huimin@lnxsrv09 ~]$ emacs sfrobu.c
[huimin@lnxsrv09 ~]$ gcc -o sfrobu sfrobu.c
sfrobu.c: In function 'main':
sfrobu.c:140:18: warning: passing argument 2 of 'write' makes pointer from integer without a cast [-Wint-conversion]
         write(1, ' ', 1);
                  ^~~
In file included from sfrobu.c:3:
/usr/include/unistd.h:366:45: note: expected 'const void *' but argument is of type 'in'
 extern ssize_t write (int __fd, const void *__buf, size_t __n) __wur;
                                 ~~~~~~~~~~~~^~~~~
[huimin@lnxsrv09 ~]$ emacs sfrobu.c
[huimin@lnxsrv09 ~]$ gcc -o sfrobu sfrobu.c
[huimin@lnxsrv09 ~]$ cat foo.txt | ./sfrobu
1 [huimin@lnxsrv09 ~]$ cat foo.txt
12346abc
[huimin@lnxsrv09 ~]$ cat foo.txt
12346abc
[huimin@lnxsrv09 ~]$ emacs foo.txt
[huimin@lnxsrv09 ~]$ cat foo.txt | ./sfrobu
1 [huimin@lnxsrv09 ~]$ printf '*~BO *{_CIA *hXE]D *LER #@_GZY #E\\OX #^BO #FKPS #NEM\4' |
> ./sfrob |
> od -ta
-bash: ./sfrob: No such file or directory
0000000
[huimin@lnxsrv09 ~]$ printf '*~BO *{_CIA *hXE]D *LER #@_GZY #E\\OX #^BO #FKPS #NEM\4' | ./sfrobu | od -ta
0000000   *  sp
0000002
[huimin@lnxsrv09 ~]$ emacs sfrobu.c
[huimin@lnxsrv09 ~]$ gcc -o sfrobu sfrobu.c
[huimin@lnxsrv09 ~]$ printf '*~BO *{_CIA *hXE]D *LER #@_GZY #E\\OX #^BO #FKPS #NEM\4' | ./sfrobu | od -ta
0000000   *   B  sp   {   C   A   *   X   ]  sp   L   R   #   _   Z  sp
0000020   E   O  sp   ^   O   #   K   S   #   E eot  sp
0000034
[huimin@lnxsrv09 ~]$ emacs sfrob.u
[huimin@lnxsrv09 ~]$ emacs sfrobu.c
[huimin@lnxsrv09 ~]$ cd 35LA4
[huimin@lnxsrv09 ~/35LA4]$ printf '*~BO *{_CIA *hXE]D *LER #@_GZY #E\\OX #^BO #FKPS #NEM\4' |
> > ./sfrob |
> > od -ta
-bash: -ta: command not found
[huimin@lnxsrv09 ~/35LA4]$ 
[huimin@lnxsrv09 ~/35LA4]$ printf '*~BO *{_CIA *hXE]D *LER #@_GZY #E\\OX #^BO #FKPS #NEM\4' | ./sfrob | od -ta
0000000
[huimin@lnxsrv09 ~/35LA4]$ printf '*~BO *{_CIA *hXE]D *LER #@_GZY #E\\OX #^BO #FKPS #NEM\4' |
> ./sfrob | od -ta
0000000
[huimin@lnxsrv09 ~/35LA4]$ emacs sfrob.c
[huimin@lnxsrv09 ~/35LA4]$ printf '*~BO *{_CIA *hXE]D *LER #@_GZY #E\\OX #^BO #FKPS #NEM\4' |
> ./sfrob |
> od -ta
0000000
[huimin@lnxsrv09 ~/35LA4]$ printf '*~BO *{_CIA *hXE]D *LER #@_GZY #E\\OX #^BO #FKPS #NEM\4'
*~BO *{_CIA *hXE]D *LER #@_GZY #E\OX #^BO #FKPS #NEM[huimin@lnxsrv09 ~/35LA4]$ printf '*\4' | ./sfrob | od -ta
0000000
[huimin@lnxsrv09 ~/35LA4]$ emacs sfrob.c
[huimin@lnxsrv09 ~/35LA4]$ gcc -o sfrob sfrob.c
[huimin@lnxsrv09 ~/35LA4]$ printf '*~BO *{_CIA *hXE]D *LER #@_GZY #E\\OX #^BO #FKPS #NEM\4' |
> ./sfrob |
> od -ta
0000000   *   h   X   E   ]   D  sp   *   {   _   C   I   A  sp   *   ~
0000020   B   O  sp   *   L   E   R  sp   #   N   E   M eot  sp   #   @
0000040   _   G   Z   Y  sp   #   F   K   P   S  sp   #   E   \   O   X
0000060  sp   #   ^   B   O  sp
0000066
[huimin@lnxsrv09 ~/35LA4]$ echo "" | ./sfrob | od -ta
0000000  sp
0000001
[huimin@lnxsrv09 ~/35LA4]$ echo " " | ./sfrob | od -ta
0000000  sp  nl  sp
0000003
[huimin@lnxsrv09 ~/35LA4]$ cd ~
[huimin@lnxsrv09 ~]$ emacs sfrobu.c
[huimin@lnxsrv09 ~]$ gcc -o sfrobu sfrobu.c
[huimin@lnxsrv09 ~]$ printf '*~BO *{_CIA *hXE]D *LER #@_GZY #E\\OX #^BO #FKPS #NEM\4' | ./sfrobu | od -ta
^C
[huimin@lnxsrv09 ~]$ printf '*~BO *{_CIA *hXE]D *LER #@_GZY #E\\OX #^BO #FKPS #NEM\4' > f.txt
[huimin@lnxsrv09 ~]$ ./sfrobu.c < f.txt
-bash: ./sfrobu.c: Permission denied
[huimin@lnxsrv09 ~]$ ./sfrobu < f.txt
^C
[huimin@lnxsrv09 ~]$ man fstat
[huimin@lnxsrv09 ~]$ emacs sfrobu.c
[huimin@lnxsrv09 ~]$ man fstat
[huimin@lnxsrv09 ~]$ emacs sfrobu.c
[huimin@lnxsrv09 ~]$ gcc -o sfrobu sfrobu.c
sfrobu.c:3:10: fatal error: unilib.h: No such file or directory
 #include <unilib.h>
          ^~~~~~~~~~
compilation terminated.
[huimin@lnxsrv09 ~]$ emacs sfrobu.c
[huimin@lnxsrv09 ~]$ gcc -o sfrobu sfrobu.c
sfrobu.c: In function 'main':
sfrobu.c:47:7: error: expected ';' before 'buf'
   stat buf;
       ^~~~
       ;
sfrobu.c:48:21: error: 'buf' undeclared (first use in this function)
   int f = fstat(0, &buf);
                     ^~~
sfrobu.c:48:21: note: each undeclared identifier is reported only once for each function it appears in
sfrobu.c:49:3: error: unknown type name 'off_tq'; did you mean 'off_t'?
   off_tq size = buf.st_size;
   ^~~~~~
   off_t
[huimin@lnxsrv09 ~]$ emacs sfrobu.c
[huimin@lnxsrv09 ~]$ gcc -o sfrobu sfrobu.c
sfrobu.c: In function 'main':
sfrobu.c:47:7: error: expected ';' before 'buf'
   stat buf;
       ^~~~
       ;
sfrobu.c:48:21: error: 'buf' undeclared (first use in this function)
   int f = fstat(0, &buf);
                     ^~~
sfrobu.c:48:21: note: each undeclared identifier is reported only once for each function it appears in
[huimin@lnxsrv09 ~]$ emacs sfrobu.c
[huimin@lnxsrv09 ~]$ gcc -o sfrobu sfrobu.c
sfrobu.c: In function 'main':
sfrobu.c:47:9: error: 'buf' undeclared (first use in this function)
   stat* buf;
         ^~~
sfrobu.c:47:9: note: each undeclared identifier is reported only once for each function it appears in
[huimin@lnxsrv09 ~]$ emacs sfrobu.c
[huimin@lnxsrv09 ~]$ gcc -o sfrobu sfrobu.c
[huimin@lnxsrv09 ~]$ emacs f.txt
[huimin@lnxsrv09 ~]$ cat f.txt | od -ta
0000000   1   2   3   4  sp   1   2   3   4  nl
0000012
[huimin@lnxsrv09 ~]$ ./sfrobu < f.txt
size: 10
[huimin@lnxsrv09 ~]$ printf '1234 1234' > f.txt
[huimin@lnxsrv09 ~]$ cat f.txt | od -ta
0000000   1   2   3   4  sp   1   2   3   4
0000011
[huimin@lnxsrv09 ~]$ ./sfrobu < f.txt
size: 9
[huimin@lnxsrv09 ~]$ emacs sfrobu
[huimin@lnxsrv09 ~]$ emacs sfrobu.c
[huimin@lnxsrv09 ~]$ gcc -o sfrobu sfrobu.c
[huimin@lnxsrv09 ~]$ ./sfrobu < f.txt
size: 9
1234 1234[huimin@lnxsrv09 ~]$ ./sfrobu < f.txt | od -ta
0000000   s   i   z   e   :  sp   9  nl   1   2   3   4  sp   1   2   3
0000020   4
0000021
[huimin@lnxsrv09 ~]$ emacs sfrobu.c
[huimin@lnxsrv09 ~]$ gcc -o sfrobu sfrobu.c
sfrobu.c: In function 'main':
sfrobu.c:51:5: error: too few arguments to function 'write'
     write(2, "fstat failed");
     ^~~~~
In file included from sfrobu.c:3:
/usr/include/unistd.h:366:16: note: declared here
 extern ssize_t write (int __fd, const void *__buf, size_t __n) __wur;
                ^~~~~
sfrobu.c:80:17: error: 'i' undeclared (first use in this function); did you mean 'it'?
   if (text[size-i] != ' ') {
                 ^
                 it
sfrobu.c:80:17: note: each undeclared identifier is reported only once for each function it appears in
sfrobu.c:87:5: error: 'arr' undeclared (first use in this function)
     arr[size-1] = ' ';
     ^~~
[huimin@lnxsrv09 ~]$ gcc -o sfrobu sfrobu.c
sfrobu.c: In function 'main':
sfrobu.c:51:5: error: too few arguments to function 'write'
     write(2, "fstat failed");
     ^~~~~
In file included from sfrobu.c:3:
/usr/include/unistd.h:366:16: note: declared here
 extern ssize_t write (int __fd, const void *__buf, size_t __n) __wur;
                ^~~~~
sfrobu.c:80:17: error: 'i' undeclared (first use in this function); did you mean 'it'?
   if (text[size-i] != ' ') {
                 ^
                 it
sfrobu.c:80:17: note: each undeclared identifier is reported only once for each function it appears in
sfrobu.c:87:5: error: 'arr' undeclared (first use in this function)
     arr[size-1] = ' ';
     ^~~
[huimin@lnxsrv09 ~]$ emacs sfrobu.c
[huimin@lnxsrv09 ~]$ gcc -o sfrobu sfrobu.c
sfrobu.c: In function 'main':
sfrobu.c:81:17: error: 'i' undeclared (first use in this function); did you mean 'it'?
   if (text[size-i] != ' ') {
                 ^
                 it
sfrobu.c:81:17: note: each undeclared identifier is reported only once for each function it appears in
[huimin@lnxsrv09 ~]$ emacs sfrobu.c
[huimin@lnxsrv09 ~]$ gcc -o sfrobu sfrobu.c
[huimin@lnxsrv09 ~]$ ./sfrob < f.txt
-bash: ./sfrob: No such file or directory
[huimin@lnxsrv09 ~]$ ./sfrobu < f.txt
size: 9
1234 12340 phrases
[huimin@lnxsrv09 ~]$ emacs sfrobu.c
[huimin@lnxsrv09 ~]$ gcc -o sfrobu sfrobu.c
[huimin@lnxsrv09 ~]$ ./sfrobu < f.txt
size: 9
1234 1234
2 phrases
[huimin@lnxsrv09 ~]$ emacs sfrobu.c
[huimin@lnxsrv09 ~]$ printf '12 13 34 231 ' > f.txt
[huimin@lnxsrv09 ~]$ ./sfrobu < f.txt
size: 13
12 13 34 231 
4 phrases
[huimin@lnxsrv09 ~]$ emacs sfrobu.c
[huimin@lnxsrv09 ~]$ gcc -o sfrobu sfrobu.c
sfrobu.c: In function 'main':
sfrobu.c:104:10: warning: assignment to 'char *' from incompatible pointer type 'char *' [-Wincompatible-pointer-types]
   arr[0] = &text;
          ^
[huimin@lnxsrv09 ~]$ ./sfrobu < f.txt
size: 13
12 13 34 231 
4 phrases
`?
13 34 231 
34 231 
231 
[huimin@lnxsrv09 ~]$ gcc -o sfrobu sfrobu.c
sfrobu.c: In function 'main':
sfrobu.c:104:10: warning: assignment to 'char *' from incompatible pointer type 'char **' [-Wincompatible-pointer-types]
   arr[0] = &text;
          ^
[huimin@lnxsrv09 ~]$ emacs sfrobu.c
[huimin@lnxsrv09 ~]$ gcc -o sfrobu sfrobu.c
[huimin@lnxsrv09 ~]$ ./sfrobu < f.txt
size: 13
12 13 34 231 
4 phrases
12 13 34 231 
13 34 231 
34 231 
231 
[huimin@lnxsrv09 ~]$ emacs sfrobu.c
[huimin@lnxsrv09 ~]$ gcc -o sfrobu sfrobu.c
[huimin@lnxsrv09 ~]$ ./sfrobu < f.txt
size: 13
12 13 34 231 
4 phrases
231 34 12 13 [huimin@lnxsrv09 ~]$ printf '*~BO *{_CIA *hXE]D *LER #@_GZY #E\\OX #^BO #FKPS #NEM\4' > f.txt
[huimin@lnxsrv09 ~]$ ./sfrobu < f.txt
size: 53
*~BO *{_CIA *hXE]D *LER #@_GZY #E\OX #^BO #FKPS #NEM
9 phrases
*hXE]D *{_CIA *~BO *LER #NEM #@_GZY #FKPS #E\OX #^BO [huimin@lnxsrv09 ~]$                                                                                                      printf '*~BO *{_CIA *hXE]D *LER #@_GZY #E\\OX #^
[huimin@lnxsrv09 ~]$ 
[huimin@lnxsrv09 ~]$ 
[huimin@lnxsrv09 ~]$ 
[huimin@lnxsrv09 ~]$ 
[huimin@lnxsrv09 ~]$ 
[huimin@lnxsrv09 ~]$ 
[huimin@lnxsrv09 ~]$ 
[huimin@lnxsrv09 ~]$ 
[huimin@lnxsrv09 ~]$ emacs sfrobu.c
[huimin@lnxsrv09 ~]$ emacs sfrobu.c
[huimin@lnxsrv09 ~]$ gcc -o sfrobu sfrobu.c
[huimin@lnxsrv09 ~]$ ./sfrobu < f.txt | od -ta
0000000   *   h   X   E   ]   D  sp   *   {   _   C   I   A  sp   *   ~
0000020   B   O  sp   *   L   E   R  sp   #   N   E   M eot  sp   #   @
0000040   _   G   Z   Y  sp   #   F   K   P   S  sp   #   E   \   O   X
0000060  sp   #   ^   B   O  sp
0000066
[huimin@lnxsrv09 ~]$ echo "" | ./sfrobu

 [huimin@lnxsrv09 ~]$ ./sfrobu < /proc/self/status
                                                                     (running)
Tgid:	10580
Ngid:	0
Pid:	10580
PPid:	8898
TracerPid:	0
Uid:	12428	12428	12428	12428
Gid:	130	130	130	130
FDSize:	256
Groups:	130 28 290 272 344 344 0 0 0 0 1892 180 132 1144 72 4 4296 4324 
VmPeak:	 kB
RssAnon:	 kB
RssFile:	 kB
RssShmem:	 kB
VmHWM:	 kB
VmLib:	 kB
VmLck:	 kB
VmData:	 kB
VmExe:	 kB
VmRSS:	 kB
VmSize:	 kB
VmSwap:	 kB
VmStk:	 kB
VmPin:	 kB
VmPTE:	 kB
Threads:	1
SigQ:	0/256753
SigPnd:	0000000000000000
ShdPnd:	0000000000000000
SigBlk:	0000000000000000
SigIgn:	0000000000000000
SigCgt:	0000000000000000
CapInh:	0000000000000000
CapPrm:	0000000000000000
CapEff:	0000000000000000
CapBnd:	0000001fffffffff
CapAmb:	0000000000000000
Seccomp:	0
Cpus_allowed:	ffff,ffffffff
Cpus_allowed_list:	0-47
Mems_allowed:	00000000,00000000,00000000,00000000,00000000,00000000,00000000,00000000,00000000,00000000,00000000,00000000,00000000,00000000,00000000,00000000,00000000,00000000,00000000,00000000,00000000,00000000,00000000,00000000,00000000,00000000,00000000,00000000,00000000,00000000,00000000,00000003
Mems_allowed_list:	0-1
voluntary_ctxt_switches:	3
nonvoluntary_ctxt_switches:	1
 Name:	sfrobu
Umask:	0022
State:	R [huimin@lnxsrv09 ~]$ cat /proc/self/status
Name:	cat
Umask:	0022
State:	R (running)
Tgid:	10617
Ngid:	0
Pid:	10617
PPid:	8898
TracerPid:	0
Uid:	12428	12428	12428	12428
Gid:	130	130	130	130
FDSize:	256
Groups:	130 290 1144 
VmPeak:	  108048 kB
VmSize:	  108048 kB
VmLck:	       0 kB
VmPin:	       0 kB
VmHWM:	     352 kB
VmRSS:	     352 kB
RssAnon:	      76 kB
RssFile:	     276 kB
RssShmem:	       0 kB
VmData:	     316 kB
VmStk:	     132 kB
VmExe:	      32 kB
VmLib:	    1892 kB
VmPTE:	      40 kB
VmSwap:	       0 kB
Threads:	1
SigQ:	0/256753
SigPnd:	0000000000000000
ShdPnd:	0000000000000000
SigBlk:	0000000000000000
SigIgn:	0000000000000000
SigCgt:	0000000000000000
CapInh:	0000000000000000
CapPrm:	0000000000000000
CapEff:	0000000000000000
CapBnd:	0000001fffffffff
CapAmb:	0000000000000000
Seccomp:	0
Cpus_allowed:	ffff,ffffffff
Cpus_allowed_list:	0-47
Mems_allowed:	00000000,00000000,00000000,00000000,00000000,00000000,00000000,00000000,00000000,00000000,00000000,00000000,00000000,00000000,00000000,00000000,00000000,00000000,00000000,00000000,00000000,00000000,00000000,00000000,00000000,00000000,00000000,00000000,00000000,00000000,00000000,00000003
Mems_allowed_list:	0-1
voluntary_ctxt_switches:	8
nonvoluntary_ctxt_switches:	1
[huimin@lnxsrv09 ~]$ printf 'sydre obl ' > f.txt
[huimin@lnxsrv09 ~]$ ./sfrobu < f.txt | od -ta
0000000   o   b   l  sp   s   y   d   r   e  sp
0000012
[huimin@lnxsrv09 ~]$ emacs tr2u.c
[huimin@lnxsrv09 ~]$ gcc -o tr2u tr2u.c
tr2u.c: In function 'main':
tr2u.c:37:11: warning: implicit declaration of function 'ferror' [-Wimplicit-function-declaration]
   while (!ferror(stdin)) {
           ^~~~~~
tr2u.c:37:18: error: 'stdin' undeclared (first use in this function)
   while (!ferror(stdin)) {
                  ^~~~~
tr2u.c:37:18: note: 'stdin' is defined in header '<stdio.h>'; did you forget to '#include <stdio.h>'?
tr2u.c:4:1:
+#include <stdio.h>
 #define STDIN_FILENO 0
tr2u.c:37:18:
   while (!ferror(stdin)) {
                  ^~~~~
tr2u.c:37:18: note: each undeclared identifier is reported only once for each function it appears in
tr2u.c:47:5: warning: implicit declaration of function 'putchar' [-Wimplicit-function-declaration]
     putchar(c);
     ^~~~~~~
[huimin@lnxsrv09 ~]$ emacs tr2u.c
[huimin@lnxsrv09 ~]$ gcc -o tr2u tr2u.c
tr2u.c: In function 'main':
tr2u.c:37:11: warning: implicit declaration of function 'ferror' [-Wimplicit-function-declaration]
   while (!ferror(stdin)) {
           ^~~~~~
tr2u.c:37:18: error: 'stdin' undeclared (first use in this function)
   while (!ferror(stdin)) {
                  ^~~~~
tr2u.c:37:18: note: 'stdin' is defined in header '<stdio.h>'; did you forget to '#include <stdio.h>'?
tr2u.c:4:1:
+#include <stdio.h>
 #define STDIN_FILENO 0
tr2u.c:37:18:
   while (!ferror(stdin)) {
                  ^~~~~
tr2u.c:37:18: note: each undeclared identifier is reported only once for each function it appears in
[huimin@lnxsrv09 ~]$ emacs tr2u.c
[huimin@lnxsrv09 ~]$ gcc -o tr2u tr2u.c
[huimin@lnxsrv09 ~]$ ./tr2u obl abc < f.txt
sydre abc [huimin@lnxsrv09 ~]$ printf 'sydre obl' > f.txt
[huimin@lnxsrv09 ~]$ ./sfrobu < f.txt
obl sydre [huimin@lnx./tr2u obl abc <dre obl' > f.txt
sydre abc[huimin@lnxsrv09 ~]$ ls
 3132proj                    cs31               f.txt~        perl5             test.c~
 35                          datalab0-handout   hw2.c         prac              tr2b
 35LA1                       datalab1-handout   junk          sfrobu            tr2b2
 35LA2                       d.diff             lab3          sfrobu.c          tr2b2.c
 35LA3                       Desktop            lab4          sfrobu.c~         tr2b.c
 35LA4                       Documents          nsdefault     strace_output     tr2b.c~
 assign1.html                Downloads          o1.txt        strace_output2    tr2u
 assign2.html                file.txt           o2.txt        strace_output2~   tr2u2.c
 automake-1.15               file.txt~          o3.txt        target17          tr2u.c
 automake-1.15.tar.gz       '#foo.txt#'         o4.txt        target17.tar      tr2u.c~
 bomblab                     foo.txt            output.txt    temp1.txt         WINDOWS
 coreutils-with-bug          foo.txt~           output.txt~   test
 coreutils-with-bug.tar.gz   f.txt              out.txt       test.c
[huimin@lnxsrv09 ~]$ rm tr2b2*
[huimin@lnxsrv09 ~]$ rm tr2u2
rm: cannot remove 'tr2u2': No such file or directory
[huimin@lnxsrv09 ~]$ rm tr2u2*
[huimin@lnxsrv09 ~]$ ls
 3132proj               coreutils-with-bug.tar.gz   foo.txt~    output.txt        target17.tar
 35                     cs31                        f.txt       output.txt~       temp1.txt
 35LA1                  datalab0-handout            f.txt~      out.txt           test
 35LA2                  datalab1-handout            hw2.c       perl5             test.c
 35LA3                  d.diff                      junk        prac              test.c~
 35LA4                  Desktop                     lab3        sfrobu            tr2b
 assign1.html           Documents                   lab4        sfrobu.c          tr2b.c
 assign2.html           Downloads                   nsdefault   sfrobu.c~         tr2b.c~
 automake-1.15          file.txt                    o1.txt      strace_output     tr2u
 automake-1.15.tar.gz   file.txt~                   o2.txt      strace_output2    tr2u.c
 bomblab               '#foo.txt#'                  o3.txt      strace_output2~   tr2u.c~
 coreutils-with-bug     foo.txt                     o4.txt      target17          WINDOWS
[huimin@lnxsrv09 ~]$ emacs sfrobu
[huimin@lnxsrv09 ~]$ emacs sfrobu.c
[huimin@lnxsrv09 ~]$ gcc -o sfrobu sfrobu.c
sfrobu.c: In function 'main':
sfrobu.c:60:11: warning: implicit declaration of function 'ferror' [-Wimplicit-function-declaration]
   while (!ferror(stdin)) {
           ^~~~~~
sfrobu.c:60:18: error: 'stdin' undeclared (first use in this function)
   while (!ferror(stdin)) {
                  ^~~~~
sfrobu.c:60:18: note: 'stdin' is defined in header '<stdio.h>'; did you forget to '#include <stdio.h'?
sfrobu.c:6:1:
+#include <stdio.h>
 int frobcmp(const void* a, const void* b)
sfrobu.c:60:18:
   while (!ferror(stdin)) {
                  ^~~~~
sfrobu.c:60:18: note: each undeclared identifier is reported only once for each function it appears in
[huimin@lnxsrv09 ~]$ emacs sfrobu.c
[huimin@lnxsrv09 ~]$ gcc -o sfrobu sfrobu.c
[huimin@lnxsrv09 ~]$ emacs sfrobu.c
[huimin@lnxsrv09 ~]$ gcc -o sfrobu sfrobu.c
[huimin@lnxsrv09 ~]$ ./sfrobu -u < f.txt
arg error
obl sydre [huimin@lnxsrv09 ~]$ emacs sfrobu.c
[huimin@lnxsrv09 ~]$ gcc -o sfrobu sfrobu.c
[huimin@lnxsrv09 ~]$ ./sfrobu -u < f.txt
arg error
[huimin@lnxsrv09 ~]$ ./sfrobu u < f.txt
arg error
[huimin@lnxsrv09 ~]$ ./sfrobu -f < f.txt
arg error
[huimin@lnxsrv09 ~]$ ./sfrobu "-f" < f.txt
arg error
[huimin@lnxsrv09 ~]$ ./sfrobu -f < f.txt
arg error
[huimin@lnxsrv09 ~]$ ./sfrobu f < f.txt
arg error
[huimin@lnxsrv09 ~]$ emacs sfrobu.c
[huimin@lnxsrv09 ~]$ ./sfrobu f < f.txt
arg error
[huimin@lnxsrv09 ~]$ gcc -o sfrobu sfrobu.c
[huimin@lnxsrv09 ~]$ ./sfrobu f < f.txt
./sfrobu
arg error
[huimin@lnxsrv09 ~]$ gcc -o sfrobu sfrobu.c
[huimin@lnxsrv09 ~]$ emacs sfrobu.c
[huimin@lnxsrv09 ~]$ gcc -o sfrobu sfrobu.c
[huimin@lnxsrv09 ~]$ ./sfrobu f < f.txt
arg error
[huimin@lnxsrv09 ~]$ ./sfrobu -f < f.txt
arg error
[huimin@lnxsrv09 ~]$ ./sfrobu < f.txt
arg error
[huimin@lnxsrv09 ~]$ emacs sfrobu.c
[huimin@lnxsrv09 ~]$ gcc -o sfrobu sfrobu.c
[huimin@lnxsrv09 ~]$ ./sfrobu < f.txt
1, (null)
arg error
[huimin@lnxsrv09 ~]$ emacs sfrobu.c
[huimin@lnxsrv09 ~]$ gcc -o sfrobu sfrobu.c
[huimin@lnxsrv09 ~]$ ./sfrobu < f.txt
obl sydre [huimin@lnxsrv09 ~]$ ./sfrobu f < f.txt
2, f
arg error
[huimin@lnxsrv09 ~]$ ./sfrobu -f < f.txt
2, -f
arg error
[huimin@lnxsrv09 ~]$ emacs sfrobu.c
[huimin@lnxsrv09 ~]$ gcc -o sfrobu sfrobu.c
sfrobu.c: In function 'main':
sfrobu.c:53:31: warning: multi-character character constant [-Wmultichar]
   if (argc == 2 && argv[1] == '-f') {
                               ^~~~
sfrobu.c:53:28: warning: comparison between pointer and integer
   if (argc == 2 && argv[1] == '-f') {
                            ^~
[huimin@lnxsrv09 ~]$ emacs sfrobu.c
[huimin@lnxsrv09 ~]$ gcc -o sfrobu sfrobu.c
[huimin@lnxsrv09 ~]$ ./sfrobu -f < f.txt
obl sydre [huimin@lnxsrv09 ~]$ gcc -o sfrobu sfrobu.c
[huimin@lnxsrv09 ~]$ emacs sfrobu.c
[huimin@lnxsrv09 ~]$ gcc -o sfrobu sfrobu.c
[huimin@lnxsrv09 ~]$ ./sfrobu -f < f.txt
obl sydre ![huimin@lnxsrv09 ~]$ gcc -o sfrobu sfrobu.c
[huimin@lnxsrv09 ~]$ emacs sfrobu.c
[huimin@lnxsrv09 ~]$ gcc -o sfrobu sfrobu.c
sfrobu.c: In function 'cmp':
sfrobu.c:23:7: warning: implicit declaration of function 'toupper' [-Wimplicit-function-declaration]
  ca = toupper(ca);
       ^~~~~~~
[huimin@lnxsrv09 ~]$ emacs sfrobu.c
[huimin@lnxsrv09 ~]$ gcc -o sfrobu sfrobu.c
[huimin@lnxsrv09 ~]$ ./sfrobu -f < f.txt
obl sydre [huimin@lnxsrv09 ~]$ ./sfrobu -f < fpo.txt
-bash: fpo.txt: No such file or directory
[huimin@lnxsrv09 ~]$ ./sfrobu -f < foo.txt
34 12 56
 [huimin@lnxsrv09 ~]$ cat foo.txt
12 34 56
[huimin@lnxsrv09 ~]$ cat foo.txt | od -ta
0000000   1   2  sp   3   4  sp   5   6  nl
0000011
[huimin@lnxsrv09 ~]$ printf '*~BO *{_CIA *hXE]D *LER #@_GZY #E\\OX #^BO #FKPS #NEM\4' > foo.txt
[huimin@lnxsrv09 ~]$ ./sfrobu -f < foo.txt
*hXE]D *LER *{_CIA *~BO #NEM #@_GZY #FKPS #E\OX #^BO [huimin@lnxsrv09 ~]$ ./sfrobu < foo.txt
*hXE]D *{_CIA *~BO *LER #NEM #@_GZY #FKPS #E\OX #^BO [huimin@lnxsrv09 ~]$                                                                                                      printf '*~BO *{_CIA *hXE]D *LER #@_GZY #E\\OX #^
[huimin@lnxsrv09 ~]$ 
[huimin@lnxsrv09 ~]$ 
[huimin@lnxsrv09 ~]$ 
[huimin@lnxsrv09 ~]$ 
[huimin@lnxsrv09 ~]$ 
[huimin@lnxsrv09 ~]$ 
[huimin@lnxsrv09 ~]$ 
[huimin@lnxsrv09 ~]$ 
[huimin@lnxsrv09 ~]$ 
[huimin@lnxsrv09 ~]$ printf 'a b c d A B C D' > foo.txt
[huimin@lnxsrv09 ~]$ cat foo.txt | od -ta
0000000   a  sp   b  sp   c  sp   d  sp   A  sp   B  sp   C  sp   D
0000017
[huimin@lnxsrv09 ~]$ ./sfrob < foo.txt
-bash: ./sfrob: No such file or directory
[huimin@lnxsrv09 ~]$ ./sfrobu < foo.txt
b c a d B C A D [huimin@lnxsrv09 ~]$ ./sfrobu -f < foo.txt
b B c C a A d D [huimin@lnxsrv09 ~]$ cd 35LA4
[huimin@lnxsrv09 ~/35LA4]$ cp sfrob.c ~/sfrob.c
[huimin@lnxsrv09 ~/35LA4]$ cd
[huimin@lnxsrv09 ~]$ gcc -o sfrob sfrob.c
[huimin@lnxsrv09 ~]$ time ./sfrob < foo.txt
b c a d B C A D 
real	0m0.003s
user	0m0.002s
sys	0m0.000s
[huimin@lnxsrv09 ~]$ time ./sfrobu < foo.txt
b c a d B C A D 
real	0m0.051s
user	0m0.000s
sys	0m0.005s
[huimin@lnxsrv09 ~]$ time ./sfrobu -f < foo.txt
b B c C a A d D 
real	0m0.062s
user	0m0.000s
sys	0m0.005s
[huimin@lnxsrv09 ~]$ foo.txt
-bash: foo.txt: command not found
[huimin@lnxsrv09 ~]$ emacs foo.txt
[huimin@lnxsrv09 ~]$ ls -l
total 478884
drwxr-xr-x 23 huimin csugrad      4096 Apr 17 20:49 3132proj
drwxr-xr-x  2 huimin csugrad      4096 Apr 17 20:50 35
drwxr-xr-x  2 huimin csugrad      4096 Apr 17 20:45 35LA1
drwxr-xr-x  2 huimin csugrad      4096 May  7 14:29 35LA2
drwxr-xr-x  4 huimin csugrad      4096 May  2 14:41 35LA3
drwxr-xr-x  4 huimin csugrad      4096 May  8 12:18 35LA4
-rw-r--r--  1 huimin csugrad     16028 Mar 30 17:04 assign1.html
-rw-r--r--  1 huimin csugrad      8668 Apr  8  2013 assign2.html
drwxr-xr-x 12 huimin csugrad      4096 Apr 23 18:12 automake-1.15
-rw-r--r--  1 huimin csugrad   2244206 Jan  5  2015 automake-1.15.tar.gz
drwxr-xr-x  3 huimin csugrad      4096 Apr 24 15:34 bomblab
drwxr-xr-x 11 huimin csugrad      8192 May  5 19:09 coreutils-with-bug
-rw-r--r--  1 huimin csugrad   7369926 Jan 26  2010 coreutils-with-bug.tar.gz
drwxr-xr-x  2 huimin csugrad      4096 Apr 17 20:46 cs31
drwxr-xr-x  2 huimin csugrad      4096 Apr  6 12:53 datalab0-handout
drwxr-xr-x  2 huimin csugrad      4096 Apr 14 01:46 datalab1-handout
-rw-r--r--  1 huimin csugrad         0 May  7 23:51 d.diff
drwx------  2 huimin csugrad      4096 Feb 22 15:20 Desktop
drwx------  2 huimin csugrad      4096 Sep 27  2017 Documents
drwx------  2 huimin csugrad      4096 Sep 27  2017 Downloads
-rw-r--r--  1 huimin csugrad   1835609 May  7 22:54 file.txt
-rw-r--r--  1 huimin csugrad   5000000 May  7 22:48 file.txt~
-rw-r--r--  1 huimin csugrad      3025 May  8 14:59 foo.txt
-rw-r--r--  1 huimin csugrad        15 May  8 14:53 foo.txt~
-rw-r--r--  1 huimin csugrad         9 May  8 14:19 f.txt
-rw-r--r--  1 huimin csugrad        53 May  8 12:21 f.txt~
-rw-r--r--  1 huimin csugrad       887 Apr 26 00:12 hw2.c
drwxr-xr-x  2 huimin csugrad      4096 Apr  5 21:23 junk
drwxr-xr-x  5 huimin csugrad      4096 Apr 23 17:53 lab3
drwxr-xr-x  4 huimin csugrad      4096 May  2 15:54 lab4
drwx------  2 huimin csugrad      4096 Sep 27  2017 nsdefault
-rw-r--r--  1 huimin csugrad   5000000 May  8 01:18 o1.txt
-rw-r--r--  1 huimin csugrad   5000000 May  8 01:26 o2.txt
-rw-r--r--  1 huimin csugrad   5000000 May  8 01:17 o3.txt
-rw-r--r--  1 huimin csugrad   5000000 May  8 00:43 o4.txt
-rw-r--r--  1 huimin csugrad   5000000 May  7 23:53 output.txt
-rw-r--r--  1 huimin csugrad       134 May  7 23:23 output.txt~
-rw-r--r--  1 huimin csugrad      1161 May  7 22:01 out.txt
drwxr-xr-x  2 huimin csugrad      4096 Oct  4  2017 perl5
drwxr-xr-x  2 huimin csugrad      4096 Apr 17 20:52 prac
-rwxr-xr-x  1 huimin csugrad     12856 May  8 14:54 sfrob
-rw-r--r--  1 huimin csugrad      2745 May  8 14:54 sfrob.c
-rwxr-xr-x  1 huimin csugrad     13040 May  8 14:51 sfrobu
-rw-r--r--  1 huimin csugrad      3103 May  8 14:51 sfrobu.c
-rw-r--r--  1 huimin csugrad      3085 May  8 14:50 sfrobu.c~
-rw-r--r--  1 huimin csugrad   2230829 May  8 01:19 strace_output
-rw-r--r--  1 huimin csugrad 222160209 May  8 01:36 strace_output2
-rw-r--r--  1 huimin csugrad 222160208 May  8 01:34 strace_output2~
drwxr-xr-x  2 huimin csugrad      4096 May  6 00:31 target17
-rw-r--r--  1 huimin csugrad    153600 May  6 00:30 target17.tar
-rw-r--r--  1 huimin csugrad         0 May  8 00:44 temp1.txt
-rwxr-xr-x  1 huimin csugrad      8272 May  7 23:22 test
-rw-r--r--  1 huimin csugrad       180 May  7 23:22 test.c
-rw-r--r--  1 huimin csugrad       149 May  7 23:20 test.c~
-rwxr-xr-x  1 huimin csugrad      8552 May  8 01:09 tr2b
-rw-r--r--  1 huimin csugrad       989 May  8 01:06 tr2b.c
-rw-r--r--  1 huimin csugrad      1005 May  8 01:05 tr2b.c~
-rwxr-xr-x  1 huimin csugrad      8448 May  8 14:18 tr2u
-rw-r--r--  1 huimin csugrad       888 May  8 14:18 tr2u.c
-rw-r--r--  1 huimin csugrad       890 May  8 14:18 tr2u.c~
drwx------  3 huimin csugrad      4096 Oct  4  2017 WINDOWS
[huimin@lnxsrv09 ~]$ time ./sfrob < foo.txt
* * * * * * * * * * * * * * * * * * * * * ( ( ( ( ( ( ( ( ( ( ( ( ( ( ( ( ( ( ( ( ( ) ) ) ) ) ) ) ) ) ) ) ) ) ) ) ) ) ) ) ) ) # # # # # # # # # # # # # # # # # # # # # ! ! ! ! ! ! ! ! ! ! ! ! ! ! ! ! ! ! ! ! ! & & & & & & & & & & & & & & & & & & & & & $ $ $ $ $ $ $ $ $ $ $ $ $ $ $ $ $ $ $ $ $ % % % % % % % % % % % % % % % % % % % % % 8 8 8 8 8 8 8 8 8 8 8 8 8 8 8 8 8 8 8 8 8 9 9 9 9 9 9 9 9 9 9 9 9 9 9 9 9 9 9 9 9 9 2 2 2 2 2 2 2 2 2 2 2 2 2 2 2 2 2 2 2 2 2 3 3 3 3 3 3 3 3 3 3 3 3 3 3 3 3 3 3 3 3 3 0 0 0 0 0 0 0 0 0 0 0 0 0 0 0 0 0 0 0 0 0 1 1 1 1 1 1 1 1 1 1 1 1 1 1 1 1 1 1 1 1 1 6 6 6 6 6 6 6 6 6 6 6 6 6 6 6 6 6 6 6 6 6 7 7 7 7 7 7 7 7 7 7 7 7 7 7 7 7 7 7 7 7 7 4 4 4 4 4 4 4 4 4 4 4 4 4 4 4 4 4 4 4 4 4 5 5 5 5 5 5 5 5 5 5 5 5 5 5 5 5 5 5 5 5 5 
 j j j j j j j j j j j j j j j j j j j j j k k k k k k k k k k k k k k k k k k k k k h h h h h h h h h h h h h h h h h h h h h i i i i i i i i i i i i i i i i i i i i i n n n n n n n n n n n n n n n n n n n n n o o o o o o o o o o o o o o o o o o o o o l l l l l l l l l l l l l l l l l l l l l m m m m m m m m m m m m m m m m m m m m m b b b b b b b b b b b b b b b b b b b b b c c c c c c c c c c c c c c c c c c c c c a a a a a a a a a a a a a a a a a a a a a f f f f f f f f f f f f f f f f f f f f f g g g g g g g g g g g g g g g g g g g g g d d d d d d d d d d d d d d d d d d d d d e e e e e e e e e e e e e e e e e e e e e z z z z z z z z z z z z z z z z z z z z z x x x x x x x x x x x x x x x x x x x x x y y y y y y y y y y y y y y y y y y y y y r r r r r r r r r r r r r r r r r r r r r s s s s s s s s s s s s s s s s s s s s s p p p p p p p p p p p p p p p p p p p p p q q q q q q q q q q q q q q q q q q q q q v v v v v v v v v v v v v v v v v v v v v w w w w w w w w w w w w w w w w w w w w w t t t t t t t t t t t t t t t t t t t t t u u u u u u u u u u u u u u u u u u u u u J J J J J J J J J J J J J J J J J J J J J K K K K K K K K K K K K K K K K K K K K K H H H H H H H H H H H H H H H H H H H H H I I I I I I I I I I I I I I I I I I I I I N N N N N N N N N N N N N N N N N N N N N O O O O O O O O O O O O O O O O O O O O O L L L L L L L L L L L L L L L L L L L L L M M M M M M M M M M M M M M M M M M M M M B B B B B B B B B B B B B B B B B B B B B C C C C C C C C C C C C C C C C C C C C C @ @ @ @ @ @ @ @ @ @ @ @ @ @ @ @ @ @ @ @ @ A A A A A A A A A A A A A A A A A A A A A F F F F F F F F F F F F F F F F F F F F F G G G G G G G G G G G G G G G G G G G G G D D D D D D D D D D D D D D D D D D D D D E E E E E E E E E E E E E E E E E E E E E Z Z Z Z Z Z Z Z Z Z Z Z Z Z Z Z Z Z Z Z Z X X X X X X X X X X X X X X X X X X X X X Y Y Y Y Y Y Y Y Y Y Y Y Y Y Y Y Y Y Y Y Y ^ ^ ^ ^ ^ ^ ^ ^ ^ ^ ^ ^ ^ ^ ^ ^ ^ ^ ^ ^ ^ R R R R R R R R R R R R R R R R R R R R R S S S S S S S S S S S S S S S S S S S S S P P P P P P P P P P P P P P P P P P P P P Q Q Q Q Q Q Q Q Q Q Q Q Q Q Q Q Q Q Q Q Q V V V V V V V V V V V V V V V V V V V V V W W W W W W W W W W W W W W W W W W W W W T T T T T T T T T T T T T T T T T T T T T U U U U U U U U U U U U U U U U U U U U U 
real	0m0.062s
user	0m0.000s
sys	0m0.006s
[huimin@lnxsrv09 ~]$ time ./sfrob < foo.txt > a1.txt

real	0m0.083s
user	0m0.002s
sys	0m0.000s
[huimin@lnxsrv09 ~]$ time ./sfrob < foo.txt > a1.txt

real	0m0.077s
user	0m0.000s
sys	0m0.005s
[huimin@lnxsrv09 ~]$ time ./sfrob < foo.txt > a1.txt

real	0m0.084s
user	0m0.004s
sys	0m0.005s
[huimin@lnxsrv09 ~]$ time ./sfrob < foo.txt > a1.txt

real	0m0.019s
user	0m0.003s
sys	0m0.006s
[huimin@lnxsrv09 ~]$ time ./sfrob < foo.txt > a1.txt

real	0m0.034s
user	0m0.001s
sys	0m0.008s
[huimin@lnxsrv09 ~]$ time ./sfrob < foo.txt > a1.txt

real	0m0.013s
user	0m0.003s
sys	0m0.006s
[huimin@lnxsrv09 ~]$ time ./sfrob < foo.txt > a1.txt

real	0m0.012s
user	0m0.002s
sys	0m0.008s
[huimin@lnxsrv09 ~]$ time ./sfrob < foo.txt > a1.txt

real	0m0.013s
user	0m0.002s
sys	0m0.009s
[huimin@lnxsrv09 ~]$ time ./sfrob < foo.txt > a1.txt

real	0m0.026s
user	0m0.000s
sys	0m0.010s
[huimin@lnxsrv09 ~]$ time ./sfrob < foo.txt
* * * * * * * * * * * * * * * * * * * * * ( ( ( ( ( ( ( ( ( ( ( ( ( ( ( ( ( ( ( ( ( ) ) ) ) ) ) ) ) ) ) ) ) ) ) ) ) ) ) ) ) ) # # # # # # # # # # # # # # # # # # # # # ! ! ! ! ! ! ! ! ! ! ! ! ! ! ! ! ! ! ! ! ! & & & & & & & & & & & & & & & & & & & & & $ $ $ $ $ $ $ $ $ $ $ $ $ $ $ $ $ $ $ $ $ % % % % % % % % % % % % % % % % % % % % % 8 8 8 8 8 8 8 8 8 8 8 8 8 8 8 8 8 8 8 8 8 9 9 9 9 9 9 9 9 9 9 9 9 9 9 9 9 9 9 9 9 9 2 2 2 2 2 2 2 2 2 2 2 2 2 2 2 2 2 2 2 2 2 3 3 3 3 3 3 3 3 3 3 3 3 3 3 3 3 3 3 3 3 3 0 0 0 0 0 0 0 0 0 0 0 0 0 0 0 0 0 0 0 0 0 1 1 1 1 1 1 1 1 1 1 1 1 1 1 1 1 1 1 1 1 1 6 6 6 6 6 6 6 6 6 6 6 6 6 6 6 6 6 6 6 6 6 7 7 7 7 7 7 7 7 7 7 7 7 7 7 7 7 7 7 7 7 7 4 4 4 4 4 4 4 4 4 4 4 4 4 4 4 4 4 4 4 4 4 5 5 5 5 5 5 5 5 5 5 5 5 5 5 5 5 5 5 5 5 5 
 j j j j j j j j j j j j j j j j j j j j j k k k k k k k k k k k k k k k k k k k k k h h h h h h h h h h h h h h h h h h h h h i i i i i i i i i i i i i i i i i i i i i n n n n n n n n n n n n n n n n n n n n n o o o o o o o o o o o o o o o o o o o o o l l l l l l l l l l l l l l l l l l l l l m m m m m m m m m m m m m m m m m m m m m b b b b b b b b b b b b b b b b b b b b b c c c c c c c c c c c c c c c c c c c c c a a a a a a a a a a a a a a a a a a a a a f f f f f f f f f f f f f f f f f f f f f g g g g g g g g g g g g g g g g g g g g g d d d d d d d d d d d d d d d d d d d d d e e e e e e e e e e e e e e e e e e e e e z z z z z z z z z z z z z z z z z z z z z x x x x x x x x x x x x x x x x x x x x x y y y y y y y y y y y y y y y y y y y y y r r r r r r r r r r r r r r r r r r r r r s s s s s s s s s s s s s s s s s s s s s p p p p p p p p p p p p p p p p p p p p p q q q q q q q q q q q q q q q q q q q q q v v v v v v v v v v v v v v v v v v v v v w w w w w w w w w w w w w w w w w w w w w t t t t t t t t t t t t t t t t t t t t t u u u u u u u u u u u u u u u u u u u u u J J J J J J J J J J J J J J J J J J J J J K K K K K K K K K K K K K K K K K K K K K H H H H H H H H H H H H H H H H H H H H H I I I I I I I I I I I I I I I I I I I I I N N N N N N N N N N N N N N N N N N N N N O O O O O O O O O O O O O O O O O O O O O L L L L L L L L L L L L L L L L L L L L L M M M M M M M M M M M M M M M M M M M M M B B B B B B B B B B B B B B B B B B B B B C C C C C C C C C C C C C C C C C C C C C @ @ @ @ @ @ @ @ @ @ @ @ @ @ @ @ @ @ @ @ @ A A A A A A A A A A A A A A A A A A A A A F F F F F F F F F F F F F F F F F F F F F G G G G G G G G G G G G G G G G G G G G G D D D D D D D D D D D D D D D D D D D D D E E E E E E E E E E E E E E E E E E E E E Z Z Z Z Z Z Z Z Z Z Z Z Z Z Z Z Z Z Z Z Z X X X X X X X X X X X X X X X X X X X X X Y Y Y Y Y Y Y Y Y Y Y Y Y Y Y Y Y Y Y Y Y ^ ^ ^ ^ ^ ^ ^ ^ ^ ^ ^ ^ ^ ^ ^ ^ ^ ^ ^ ^ ^ R R R R R R R R R R R R R R R R R R R R R S S S S S S S S S S S S S S S S S S S S S P P P P P P P P P P P P P P P P P P P P P Q Q Q Q Q Q Q Q Q Q Q Q Q Q Q Q Q Q Q Q Q V V V V V V V V V V V V V V V V V V V V V W W W W W W W W W W W W W W W W W W W W W T T T T T T T T T T T T T T T T T T T T T U U U U U U U U U U U U U U U U U U U U U 
real	0m0.011s
user	0m0.003s
sys	0m0.008s
[huimin@lnxsrv09 ~]$ time ./sfrob < foo.txt
* * * * * * * * * * * * * * * * * * * * * ( ( ( ( ( ( ( ( ( ( ( ( ( ( ( ( ( ( ( ( ( ) ) ) ) ) ) ) ) ) ) ) ) ) ) ) ) ) ) ) ) ) # # # # # # # # # # # # # # # # # # # # # ! ! ! ! ! ! ! ! ! ! ! ! ! ! ! ! ! ! ! ! ! & & & & & & & & & & & & & & & & & & & & & $ $ $ $ $ $ $ $ $ $ $ $ $ $ $ $ $ $ $ $ $ % % % % % % % % % % % % % % % % % % % % % 8 8 8 8 8 8 8 8 8 8 8 8 8 8 8 8 8 8 8 8 8 9 9 9 9 9 9 9 9 9 9 9 9 9 9 9 9 9 9 9 9 9 2 2 2 2 2 2 2 2 2 2 2 2 2 2 2 2 2 2 2 2 2 3 3 3 3 3 3 3 3 3 3 3 3 3 3 3 3 3 3 3 3 3 0 0 0 0 0 0 0 0 0 0 0 0 0 0 0 0 0 0 0 0 0 1 1 1 1 1 1 1 1 1 1 1 1 1 1 1 1 1 1 1 1 1 6 6 6 6 6 6 6 6 6 6 6 6 6 6 6 6 6 6 6 6 6 7 7 7 7 7 7 7 7 7 7 7 7 7 7 7 7 7 7 7 7 7 4 4 4 4 4 4 4 4 4 4 4 4 4 4 4 4 4 4 4 4 4 5 5 5 5 5 5 5 5 5 5 5 5 5 5 5 5 5 5 5 5 5 
 j j j j j j j j j j j j j j j j j j j j j k k k k k k k k k k k k k k k k k k k k k h h h h h h h h h h h h h h h h h h h h h i i i i i i i i i i i i i i i i i i i i i n n n n n n n n n n n n n n n n n n n n n o o o o o o o o o o o o o o o o o o o o o l l l l l l l l l l l l l l l l l l l l l m m m m m m m m m m m m m m m m m m m m m b b b b b b b b b b b b b b b b b b b b b c c c c c c c c c c c c c c c c c c c c c a a a a a a a a a a a a a a a a a a a a a f f f f f f f f f f f f f f f f f f f f f g g g g g g g g g g g g g g g g g g g g g d d d d d d d d d d d d d d d d d d d d d e e e e e e e e e e e e e e e e e e e e e z z z z z z z z z z z z z z z z z z z z z x x x x x x x x x x x x x x x x x x x x x y y y y y y y y y y y y y y y y y y y y y r r r r r r r r r r r r r r r r r r r r r s s s s s s s s s s s s s s s s s s s s s p p p p p p p p p p p p p p p p p p p p p q q q q q q q q q q q q q q q q q q q q q v v v v v v v v v v v v v v v v v v v v v w w w w w w w w w w w w w w w w w w w w w t t t t t t t t t t t t t t t t t t t t t u u u u u u u u u u u u u u u u u u u u u J J J J J J J J J J J J J J J J J J J J J K K K K K K K K K K K K K K K K K K K K K H H H H H H H H H H H H H H H H H H H H H I I I I I I I I I I I I I I I I I I I I I N N N N N N N N N N N N N N N N N N N N N O O O O O O O O O O O O O O O O O O O O O L L L L L L L L L L L L L L L L L L L L L M M M M M M M M M M M M M M M M M M M M M B B B B B B B B B B B B B B B B B B B B B C C C C C C C C C C C C C C C C C C C C C @ @ @ @ @ @ @ @ @ @ @ @ @ @ @ @ @ @ @ @ @ A A A A A A A A A A A A A A A A A A A A A F F F F F F F F F F F F F F F F F F F F F G G G G G G G G G G G G G G G G G G G G G D D D D D D D D D D D D D D D D D D D D D E E E E E E E E E E E E E E E E E E E E E Z Z Z Z Z Z Z Z Z Z Z Z Z Z Z Z Z Z Z Z Z X X X X X X X X X X X X X X X X X X X X X Y Y Y Y Y Y Y Y Y Y Y Y Y Y Y Y Y Y Y Y Y ^ ^ ^ ^ ^ ^ ^ ^ ^ ^ ^ ^ ^ ^ ^ ^ ^ ^ ^ ^ ^ R R R R R R R R R R R R R R R R R R R R R S S S S S S S S S S S S S S S S S S S S S P P P P P P P P P P P P P P P P P P P P P Q Q Q Q Q Q Q Q Q Q Q Q Q Q Q Q Q Q Q Q Q V V V V V V V V V V V V V V V V V V V V V W W W W W W W W W W W W W W W W W W W W W T T T T T T T T T T T T T T T T T T T T T U U U U U U U U U U U U U U U U U U U U U 
real	0m0.049s
user	0m0.006s
sys	0m0.004s
[huimin@lnxsrv09 ~]$ time ./sfrob < foo.txt
* * * * * * * * * * * * * * * * * * * * * ( ( ( ( ( ( ( ( ( ( ( ( ( ( ( ( ( ( ( ( ( ) ) ) ) ) ) ) ) ) ) ) ) ) ) ) ) ) ) ) ) ) # # # # # # # # # # # # # # # # # # # # # ! ! ! ! ! ! ! ! ! ! ! ! ! ! ! ! ! ! ! ! ! & & & & & & & & & & & & & & & & & & & & & $ $ $ $ $ $ $ $ $ $ $ $ $ $ $ $ $ $ $ $ $ % % % % % % % % % % % % % % % % % % % % % 8 8 8 8 8 8 8 8 8 8 8 8 8 8 8 8 8 8 8 8 8 9 9 9 9 9 9 9 9 9 9 9 9 9 9 9 9 9 9 9 9 9 2 2 2 2 2 2 2 2 2 2 2 2 2 2 2 2 2 2 2 2 2 3 3 3 3 3 3 3 3 3 3 3 3 3 3 3 3 3 3 3 3 3 0 0 0 0 0 0 0 0 0 0 0 0 0 0 0 0 0 0 0 0 0 1 1 1 1 1 1 1 1 1 1 1 1 1 1 1 1 1 1 1 1 1 6 6 6 6 6 6 6 6 6 6 6 6 6 6 6 6 6 6 6 6 6 7 7 7 7 7 7 7 7 7 7 7 7 7 7 7 7 7 7 7 7 7 4 4 4 4 4 4 4 4 4 4 4 4 4 4 4 4 4 4 4 4 4 5 5 5 5 5 5 5 5 5 5 5 5 5 5 5 5 5 5 5 5 5 
 j j j j j j j j j j j j j j j j j j j j j k k k k k k k k k k k k k k k k k k k k k h h h h h h h h h h h h h h h h h h h h h i i i i i i i i i i i i i i i i i i i i i n n n n n n n n n n n n n n n n n n n n n o o o o o o o o o o o o o o o o o o o o o l l l l l l l l l l l l l l l l l l l l l m m m m m m m m m m m m m m m m m m m m m b b b b b b b b b b b b b b b b b b b b b c c c c c c c c c c c c c c c c c c c c c a a a a a a a a a a a a a a a a a a a a a f f f f f f f f f f f f f f f f f f f f f g g g g g g g g g g g g g g g g g g g g g d d d d d d d d d d d d d d d d d d d d d e e e e e e e e e e e e e e e e e e e e e z z z z z z z z z z z z z z z z z z z z z x x x x x x x x x x x x x x x x x x x x x y y y y y y y y y y y y y y y y y y y y y r r r r r r r r r r r r r r r r r r r r r s s s s s s s s s s s s s s s s s s s s s p p p p p p p p p p p p p p p p p p p p p q q q q q q q q q q q q q q q q q q q q q v v v v v v v v v v v v v v v v v v v v v w w w w w w w w w w w w w w w w w w w w w t t t t t t t t t t t t t t t t t t t t t u u u u u u u u u u u u u u u u u u u u u J J J J J J J J J J J J J J J J J J J J J K K K K K K K K K K K K K K K K K K K K K H H H H H H H H H H H H H H H H H H H H H I I I I I I I I I I I I I I I I I I I I I N N N N N N N N N N N N N N N N N N N N N O O O O O O O O O O O O O O O O O O O O O L L L L L L L L L L L L L L L L L L L L L M M M M M M M M M M M M M M M M M M M M M B B B B B B B B B B B B B B B B B B B B B C C C C C C C C C C C C C C C C C C C C C @ @ @ @ @ @ @ @ @ @ @ @ @ @ @ @ @ @ @ @ @ A A A A A A A A A A A A A A A A A A A A A F F F F F F F F F F F F F F F F F F F F F G G G G G G G G G G G G G G G G G G G G G D D D D D D D D D D D D D D D D D D D D D E E E E E E E E E E E E E E E E E E E E E Z Z Z Z Z Z Z Z Z Z Z Z Z Z Z Z Z Z Z Z Z X X X X X X X X X X X X X X X X X X X X X Y Y Y Y Y Y Y Y Y Y Y Y Y Y Y Y Y Y Y Y Y ^ ^ ^ ^ ^ ^ ^ ^ ^ ^ ^ ^ ^ ^ ^ ^ ^ ^ ^ ^ ^ R R R R R R R R R R R R R R R R R R R R R S S S S S S S S S S S S S S S S S S S S S P P P P P P P P P P P P P P P P P P P P P Q Q Q Q Q Q Q Q Q Q Q Q Q Q Q Q Q Q Q Q Q V V V V V V V V V V V V V V V V V V V V V W W W W W W W W W W W W W W W W W W W W W T T T T T T T T T T T T T T T T T T T T T U U U U U U U U U U U U U U U U U U U U U 
real	0m0.040s
user	0m0.001s
sys	0m0.008s
[huimin@lnxsrv09 ~]$ time ./sfrob < foo.txt
* * * * * * * * * * * * * * * * * * * * * ( ( ( ( ( ( ( ( ( ( ( ( ( ( ( ( ( ( ( ( ( ) ) ) ) ) ) ) ) ) ) ) ) ) ) ) ) ) ) ) ) ) # # # # # # # # # # # # # # # # # # # # # ! ! ! ! ! ! ! ! ! ! ! ! ! ! ! ! ! ! ! ! ! & & & & & & & & & & & & & & & & & & & & & $ $ $ $ $ $ $ $ $ $ $ $ $ $ $ $ $ $ $ $ $ % % % % % % % % % % % % % % % % % % % % % 8 8 8 8 8 8 8 8 8 8 8 8 8 8 8 8 8 8 8 8 8 9 9 9 9 9 9 9 9 9 9 9 9 9 9 9 9 9 9 9 9 9 2 2 2 2 2 2 2 2 2 2 2 2 2 2 2 2 2 2 2 2 2 3 3 3 3 3 3 3 3 3 3 3 3 3 3 3 3 3 3 3 3 3 0 0 0 0 0 0 0 0 0 0 0 0 0 0 0 0 0 0 0 0 0 1 1 1 1 1 1 1 1 1 1 1 1 1 1 1 1 1 1 1 1 1 6 6 6 6 6 6 6 6 6 6 6 6 6 6 6 6 6 6 6 6 6 7 7 7 7 7 7 7 7 7 7 7 7 7 7 7 7 7 7 7 7 7 4 4 4 4 4 4 4 4 4 4 4 4 4 4 4 4 4 4 4 4 4 5 5 5 5 5 5 5 5 5 5 5 5 5 5 5 5 5 5 5 5 5 
 j j j j j j j j j j j j j j j j j j j j j k k k k k k k k k k k k k k k k k k k k k h h h h h h h h h h h h h h h h h h h h h i i i i i i i i i i i i i i i i i i i i i n n n n n n n n n n n n n n n n n n n n n o o o o o o o o o o o o o o o o o o o o o l l l l l l l l l l l l l l l l l l l l l m m m m m m m m m m m m m m m m m m m m m b b b b b b b b b b b b b b b b b b b b b c c c c c c c c c c c c c c c c c c c c c a a a a a a a a a a a a a a a a a a a a a f f f f f f f f f f f f f f f f f f f f f g g g g g g g g g g g g g g g g g g g g g d d d d d d d d d d d d d d d d d d d d d e e e e e e e e e e e e e e e e e e e e e z z z z z z z z z z z z z z z z z z z z z x x x x x x x x x x x x x x x x x x x x x y y y y y y y y y y y y y y y y y y y y y r r r r r r r r r r r r r r r r r r r r r s s s s s s s s s s s s s s s s s s s s s p p p p p p p p p p p p p p p p p p p p p q q q q q q q q q q q q q q q q q q q q q v v v v v v v v v v v v v v v v v v v v v w w w w w w w w w w w w w w w w w w w w w t t t t t t t t t t t t t t t t t t t t t u u u u u u u u u u u u u u u u u u u u u J J J J J J J J J J J J J J J J J J J J J K K K K K K K K K K K K K K K K K K K K K H H H H H H H H H H H H H H H H H H H H H I I I I I I I I I I I I I I I I I I I I I N N N N N N N N N N N N N N N N N N N N N O O O O O O O O O O O O O O O O O O O O O L L L L L L L L L L L L L L L L L L L L L M M M M M M M M M M M M M M M M M M M M M B B B B B B B B B B B B B B B B B B B B B C C C C C C C C C C C C C C C C C C C C C @ @ @ @ @ @ @ @ @ @ @ @ @ @ @ @ @ @ @ @ @ A A A A A A A A A A A A A A A A A A A A A F F F F F F F F F F F F F F F F F F F F F G G G G G G G G G G G G G G G G G G G G G D D D D D D D D D D D D D D D D D D D D D E E E E E E E E E E E E E E E E E E E E E Z Z Z Z Z Z Z Z Z Z Z Z Z Z Z Z Z Z Z Z Z X X X X X X X X X X X X X X X X X X X X X Y Y Y Y Y Y Y Y Y Y Y Y Y Y Y Y Y Y Y Y Y ^ ^ ^ ^ ^ ^ ^ ^ ^ ^ ^ ^ ^ ^ ^ ^ ^ ^ ^ ^ ^ R R R R R R R R R R R R R R R R R R R R R S S S S S S S S S S S S S S S S S S S S S P P P P P P P P P P P P P P P P P P P P P Q Q Q Q Q Q Q Q Q Q Q Q Q Q Q Q Q Q Q Q Q V V V V V V V V V V V V V V V V V V V V V W W W W W W W W W W W W W W W W W W W W W T T T T T T T T T T T T T T T T T T T T T U U U U U U U U U U U U U U U U U U U U U 
real	0m0.042s
user	0m0.001s
sys	0m0.008s
[huimin@lnxsrv09 ~]$ ls
3132proj      automake-1.15              Desktop    hw2.c      output.txt   sfrobu.c~        test.c~
35            automake-1.15.tar.gz       Documents  junk       output.txt~  strace_output    tr2b
35LA1         bomblab                    Downloads  lab3       out.txt      strace_output2   tr2b.c
35LA2         coreutils-with-bug         file.txt   lab4       perl5        strace_output2~  tr2b.c~
35LA3         coreutils-with-bug.tar.gz  file.txt~  nsdefault  prac         target17         tr2u
35LA4         cs31                       foo.txt    o1.txt     sfrob        target17.tar     tr2u.c
a1.txt        datalab0-handout           foo.txt~   o2.txt     sfrob.c      temp1.txt        tr2u.c~
assign1.html  datalab1-handout           f.txt      o3.txt     sfrobu       test             WINDOWS
assign2.html  d.diff                     f.txt~     o4.txt     sfrobu.c     test.c
[huimin@lnxsrv09 ~]$ emacs file.txt
[huimin@lnxsrv09 ~]$ rm file*
[huimin@lnxsrv09 ~]$ emacs out.txt
[huimin@lnxsrv09 ~]$ rm out.txt
[huimin@lnxsrv09 ~]$ time ./sfrobu -f < foo.txt
* * * * * * * * * * * * * * * * * * * * * ( ( ( ( ( ( ( ( ( ( ( ( ( ( ( ( ( ( ( ( ( ) ) ) ) ) ) ) ) ) ) ) ) ) ) ) ) ) ) ) ) ) # # # # # # # # # # # # # # # # # # # # # ! ! ! ! ! ! ! ! ! ! ! ! ! ! ! ! ! ! ! ! ! & & & & & & & & & & & & & & & & & & & & & $ $ $ $ $ $ $ $ $ $ $ $ $ $ $ $ $ $ $ $ $ % % % % % % % % % % % % % % % % % % % % % 8 8 8 8 8 8 8 8 8 8 8 8 8 8 8 8 8 8 8 8 8 9 9 9 9 9 9 9 9 9 9 9 9 9 9 9 9 9 9 9 9 9 2 2 2 2 2 2 2 2 2 2 2 2 2 2 2 2 2 2 2 2 2 3 3 3 3 3 3 3 3 3 3 3 3 3 3 3 3 3 3 3 3 3 0 0 0 0 0 0 0 0 0 0 0 0 0 0 0 0 0 0 0 0 0 1 1 1 1 1 1 1 1 1 1 1 1 1 1 1 1 1 1 1 1 1 6 6 6 6 6 6 6 6 6 6 6 6 6 6 6 6 6 6 6 6 6 7 7 7 7 7 7 7 7 7 7 7 7 7 7 7 7 7 7 7 7 7 4 4 4 4 4 4 4 4 4 4 4 4 4 4 4 4 4 4 4 4 4 5 5 5 5 5 5 5 5 5 5 5 5 5 5 5 5 5 5 5 5 5 
 j j j j j j j j j j j j j j j j j j j j j k K k K k K k K k K k K k K k K k K k K k K k K k K k K k K k K k K k K k K k K k K h H h H h H h H h H h H h H h H h H h H h H h H h H h H h H h H h H h H h H h H h H i I i I i I i I i I i I i I i I i I i I i I i I i I i I i I i I i I i I i I i I i I n N n N n N n N n N n N n N n N n N n N n N n N n N n N n N n N n N n N n N n N n N o O o O o O o O o O o O o O o O o O o O o O o O o O o O o O o O o O o O o O o O o O l L l L l L l L l L l L l L l L l L l L l L l L l L l L l L l L l L l L l L l L l L m M m M m M m M m M m M m M m M m M m M m M m M m M m M m M m M m M m M m M m M m M b B b B b B b B b B b B b B b B b B b B b B b B b B b B b B b B b B b B b B b B b B c C c C c C c C c C c C c C c C c C c C c C c C c C c C c C c C c C c C c C c C c C @ @ @ @ @ @ @ @ @ @ @ @ @ @ @ @ @ @ @ @ @ a A a A a A a A a A a A a A a A a A a A a A a A a A a A a A a A a A a A a A a A a A f F f F f F f F f F f F f F f F f F f F f F f F f F f F f F f F f F f F f F f F f F g G g G g G g G g G g G g G g G g G g G g G g G g G g G g G g G g G g G g G g G g G d D d D d D d D d D d D d D d D d D d D d D d D d D d D d D d D d D d D d D d D d D e E e E e E e E e E e E e E e E e E e E e E e E e E e E e E e E e E e E e E e E e E z Z z Z z Z z Z z Z z Z z Z z Z z Z z Z z Z z Z z Z z Z z Z z Z z Z z Z z Z z Z z Z x X x X x X x X x X x X x X x X x X x X x X x X x X x X x X x X x X x X x X x X x X y Y y Y y Y y Y y Y y Y y Y y Y y Y y Y y Y y Y y Y y Y y Y y Y y Y y Y y Y y Y y Y ^ ^ ^ ^ ^ ^ ^ ^ ^ ^ ^ ^ ^ ^ ^ ^ ^ ^ ^ ^ ^ r R r R r R r R r R r R r R r R r R r R r R r R r R r R r R r R r R r R r R r R r R s S s S s S s S s S s S s S s S s S s S s S s S s S s S s S s S s S s S s S s S s S p P p P p P p P p P p P p P p P p P p P p P p P p P p P p P p P p P p P p P p P p P q q q q q q q q q q q q q q q q q q q q q v v v v v v v v v v v v v v v v v v v v v w w w w w w w w w w w w w w w w w w w w w t t t t t t t t t t t t t t t t t t t t t u u u u u u u u u u u u u u u u u u u u u J J J J J J J J J J J J J J J J J J J J J Q Q Q Q Q Q Q Q Q Q Q Q Q Q Q Q Q Q Q Q Q V V V V V V V V V V V V V V V V V V V V V W W W W W W W W W W W W W W W W W W W W W T T T T T T T T T T T T T T T T T T T T T U U U U U U U U U U U U U U U U U U U U U 
real	0m0.008s
user	0m0.001s
sys	0m0.006s
[huimin@lnxsrv09 ~]$ emacs
[huimin@lnxsrv09 ~]$ emacs sfrobstrace
[huimin@lnxsrv09 ~]$ emacs sfrobustrace
[huimin@lnxsrv09 ~]$ strace -o sfrobstrace ./sfrob < foo.txt
* * * * * * * * * * * * * * * * * * * * * ( ( ( ( ( ( ( ( ( ( ( ( ( ( ( ( ( ( ( ( ( ) ) ) ) ) ) ) ) ) ) ) ) ) ) ) ) ) ) ) ) ) # # # # # # # # # # # # # # # # # # # # # ! ! ! ! ! ! ! ! ! ! ! ! ! ! ! ! ! ! ! ! ! & & & & & & & & & & & & & & & & & & & & & $ $ $ $ $ $ $ $ $ $ $ $ $ $ $ $ $ $ $ $ $ % % % % % % % % % % % % % % % % % % % % % 8 8 8 8 8 8 8 8 8 8 8 8 8 8 8 8 8 8 8 8 8 9 9 9 9 9 9 9 9 9 9 9 9 9 9 9 9 9 9 9 9 9 2 2 2 2 2 2 2 2 2 2 2 2 2 2 2 2 2 2 2 2 2 3 3 3 3 3 3 3 3 3 3 3 3 3 3 3 3 3 3 3 3 3 0 0 0 0 0 0 0 0 0 0 0 0 0 0 0 0 0 0 0 0 0 1 1 1 1 1 1 1 1 1 1 1 1 1 1 1 1 1 1 1 1 1 6 6 6 6 6 6 6 6 6 6 6 6 6 6 6 6 6 6 6 6 6 7 7 7 7 7 7 7 7 7 7 7 7 7 7 7 7 7 7 7 7 7 4 4 4 4 4 4 4 4 4 4 4 4 4 4 4 4 4 4 4 4 4 5 5 5 5 5 5 5 5 5 5 5 5 5 5 5 5 5 5 5 5 5 
 j j j j j j j j j j j j j j j j j j j j j k k k k k k k k k k k k k k k k k k k k k h h h h h h h h h h h h h h h h h h h h h i i i i i i i i i i i i i i i i i i i i i n n n n n n n n n n n n n n n n n n n n n o o o o o o o o o o o o o o o o o o o o o l l l l l l l l l l l l l l l l l l l l l m m m m m m m m m m m m m m m m m m m m m b b b b b b b b b b b b b b b b b b b b b c c c c c c c c c c c c c c c c c c c c c a a a a a a a a a a a a a a a a a a a a a f f f f f f f f f f f f f f f f f f f f f g g g g g g g g g g g g g g g g g g g g g d d d d d d d d d d d d d d d d d d d d d e e e e e e e e e e e e e e e e e e e e e z z z z z z z z z z z z z z z z z z z z z x x x x x x x x x x x x x x x x x x x x x y y y y y y y y y y y y y y y y y y y y y r r r r r r r r r r r r r r r r r r r r r s s s s s s s s s s s s s s s s s s s s s p p p p p p p p p p p p p p p p p p p p p q q q q q q q q q q q q q q q q q q q q q v v v v v v v v v v v v v v v v v v v v v w w w w w w w w w w w w w w w w w w w w w t t t t t t t t t t t t t t t t t t t t t u u u u u u u u u u u u u u u u u u u u u J J J J J J J J J J J J J J J J J J J J J K K K K K K K K K K K K K K K K K K K K K H H H H H H H H H H H H H H H H H H H H H I I I I I I I I I I I I I I I I I I I I I N N N N N N N N N N N N N N N N N N N N N O O O O O O O O O O O O O O O O O O O O O L L L L L L L L L L L L L L L L L L L L L M M M M M M M M M M M M M M M M M M M M M B B B B B B B B B B B B B B B B B B B B B C C C C C C C C C C C C C C C C C C C C C @ @ @ @ @ @ @ @ @ @ @ @ @ @ @ @ @ @ @ @ @ A A A A A A A A A A A A A A A A A A A A A F F F F F F F F F F F F F F F F F F F F F G G G G G G G G G G G G G G G G G G G G G D D D D D D D D D D D D D D D D D D D D D E E E E E E E E E E E E E E E E E E E E E Z Z Z Z Z Z Z Z Z Z Z Z Z Z Z Z Z Z Z Z Z X X X X X X X X X X X X X X X X X X X X X Y Y Y Y Y Y Y Y Y Y Y Y Y Y Y Y Y Y Y Y Y ^ ^ ^ ^ ^ ^ ^ ^ ^ ^ ^ ^ ^ ^ ^ ^ ^ ^ ^ ^ ^ R R R R R R R R R R R R R R R R R R R R R S S S S S S S S S S S S S S S S S S S S S P P P P P P P P P P P P P P P P P P P P P Q Q Q Q Q Q Q Q Q Q Q Q Q Q Q Q Q Q Q Q Q V V V V V V V V V V V V V V V V V V V V V W W W W W W W W W W W W W W W W W W W W W T T T T T T T T T T T T T T T T T T T T T U U U U U U U U U U U U U U U U U U U U U [huimin@lnxsrv09 ~]$ strace -o sfrobustrace ./sfrobu <* * * * * * * * * * * * * * * * * * * * * ( ( ( ( ( ( ( ( ( ( ( ( ( ( ( ( ( ( ( ( ( ) ) ) ) ) ) ) ) ) ) ) ) ) ) ) ) ) ) ) ) ) # # # # # # # # # # # # # # # # # # # # # ! ! ! ! ! ! ! ! ! ! ! ! ! ! ! ! ! ! ! ! ! & & & & & & & & & & & & & & & & & & & & & $ $ $ $ $ $ $ $ $ $ $ $ $ $ $ $ $ $ $ $ $ % % % % % % % % % % % % % % % % % % % % % 8 8 8 8 8 8 8 8 8 8 8 8 8 8 8 8 8 8 8 8 8 9 9 9 9 9 9 9 9 9 9 9 9 9 9 9 9 9 9 9 9 9 2 2 2 2 2 2 2 2 2 2 2 2 2 2 2 2 2 2 2 2 2 3 3 3 3 3 3 3 3 3 3 3 3 3 3 3 3 3 3 3 3 3 0 0 0 0 0 0 0 0 0 0 0 0 0 0 0 0 0 0 0 0 0 1 1 1 1 1 1 1 1 1 1 1 1 1 1 1 1 1 1 1 1 1 6 6 6 6 6 6 6 6 6 6 6 6 6 6 6 6 6 6 6 6 6 7 7 7 7 7 7 7 7 7 7 7 7 7 7 7 7 7 7 7 7 7 4 4 4 4 4 4 4 4 4 4 4 4 4 4 4 4 4 4 4 4 4 5 5 5 5 5 5 5 5 5 5 5 5 5 5 5 5 5 5 5 5 5 
 j j j j j j j j j j j j j j j j j j j j j k k k k k k k k k k k k k k k k k k k k k h h h h h h h h h h h h h h h h h h h h h i i i i i i i i i i i i i i i i i i i i i n n n n n n n n n n n n n n n n n n n n n o o o o o o o o o o o o o o o o o o o o o l l l l l l l l l l l l l l l l l l l l l m m m m m m m m m m m m m m m m m m m m m b b b b b b b b b b b b b b b b b b b b b c c c c c c c c c c c c c c c c c c c c c a a a a a a a a a a a a a a a a a a a a a f f f f f f f f f f f f f f f f f f f f f g g g g g g g g g g g g g g g g g g g g g d d d d d d d d d d d d d d d d d d d d d e e e e e e e e e e e e e e e e e e e e e z z z z z z z z z z z z z z z z z z z z z x x x x x x x x x x x x x x x x x x x x x y y y y y y y y y y y y y y y y y y y y y r r r r r r r r r r r r r r r r r r r r r s s s s s s s s s s s s s s s s s s s s s p p p p p p p p p p p p p p p p p p p p p q q q q q q q q q q q q q q q q q q q q q v v v v v v v v v v v v v v v v v v v v v w w w w w w w w w w w w w w w w w w w w w t t t t t t t t t t t t t t t t t t t t t u u u u u u u u u u u u u u u u u u u u u J J J J J J J J J J J J J J J J J J J J J K K K K K K K K K K K K K K K K K K K K K H H H H H H H H H H H H H H H H H H H H H I I I I I I I I I I I I I I I I I I I I I N N N N N N N N N N N N N N N N N N N N N O O O O O O O O O O O O O O O O O O O O O L L L L L L L L L L L L L L L L L L L L L M M M M M M M M M M M M M M M M M M M M M B B B B B B B B B B B B B B B B B B B B B C C C C C C C C C C C C C C C C C C C C C @ @ @ @ @ @ @ @ @ @ @ @ @ @ @ @ @ @ @ @ @ A A A A A A A A A A A A A A A A A A A A A F F F F F F F F F F F F F F F F F F F F F G G G G G G G G G G G G G G G G G G G G G D D D D D D D D D D D D D D D D D D D D D E E E E E E E E E E E E E E E E E E E E E Z Z Z Z Z Z Z Z Z Z Z Z Z Z Z Z Z Z Z Z Z X X X X X X X X X X X X X X X X X X X X X Y Y Y Y Y Y Y Y Y Y Y Y Y Y Y Y Y Y Y Y Y ^ ^ ^ ^ ^ ^ ^ ^ ^ ^ ^ ^ ^ ^ ^ ^ ^ ^ ^ ^ ^ R R R R R R R R R R R R R R R R R R R R R S S S S S S S S S S S S S S S S S S S S S P P P P P P P P P P P P P P P P P P P P P Q Q Q Q Q Q Q Q Q Q Q Q Q Q Q Q Q Q Q Q Q V V V V V V V V V V V V V V V V V V V V V W W W W W W W W W W W W W W W W W W W W W T T T T T T T T T T T T T T T T T T T T T U U U U U U U U U U U U U U U U U U U U U [huimin@lnxsrv09 ~]$ emacs sfrobstrace
[huimin@lnxsrv09 ~]$ strace ./sfrob < foo.txt
execve("./sfrob", ["./sfrob"], [/* 35 vars */]) = 0
brk(NULL)                               = 0x17b3000
mmap(NULL, 4096, PROT_READ|PROT_WRITE, MAP_PRIVATE|MAP_ANONYMOUS, -1, 0) = 0x7fcc71879000
access("/etc/ld.so.preload", R_OK)      = -1 ENOENT (No such file or directory)
open("/etc/ld.so.cache", O_RDONLY|O_CLOEXEC) = 3
fstat(3, {st_mode=S_IFREG|0644, st_size=162286, ...}) = 0
mmap(NULL, 162286, PROT_READ, MAP_PRIVATE, 3, 0) = 0x7fcc71851000
close(3)                                = 0
open("/lib64/libc.so.6", O_RDONLY|O_CLOEXEC) = 3
read(3, "\177ELF\2\1\1\3\0\0\0\0\0\0\0\0\3\0>\0\1\0\0\0\20\35\2\0\0\0\0\0"..., 832) = 832
fstat(3, {st_mode=S_IFREG|0755, st_size=2127336, ...}) = 0
mmap(NULL, 3940800, PROT_READ|PROT_EXEC, MAP_PRIVATE|MAP_DENYWRITE, 3, 0) = 0x7fcc71296000
mprotect(0x7fcc7144e000, 2097152, PROT_NONE) = 0
mmap(0x7fcc7164e000, 24576, PROT_READ|PROT_WRITE, MAP_PRIVATE|MAP_FIXED|MAP_DENYWRITE, 3, 0x1b8000) = 0x7fcc7164e000
mmap(0x7fcc71654000, 16832, PROT_READ|PROT_WRITE, MAP_PRIVATE|MAP_FIXED|MAP_ANONYMOUS, -1, 0) = 0x7fcc71654000
close(3)                                = 0
mmap(NULL, 4096, PROT_READ|PROT_WRITE, MAP_PRIVATE|MAP_ANONYMOUS, -1, 0) = 0x7fcc71850000
mmap(NULL, 8192, PROT_READ|PROT_WRITE, MAP_PRIVATE|MAP_ANONYMOUS, -1, 0) = 0x7fcc7184e000
arch_prctl(ARCH_SET_FS, 0x7fcc7184e740) = 0
mprotect(0x7fcc7164e000, 16384, PROT_READ) = 0
mprotect(0x601000, 4096, PROT_READ)     = 0
mprotect(0x7fcc7187a000, 4096, PROT_READ) = 0
munmap(0x7fcc71851000, 162286)          = 0
fstat(0, {st_mode=S_IFREG|0644, st_size=3025, ...}) = 0
mmap(NULL, 8192, PROT_READ|PROT_WRITE, MAP_PRIVATE|MAP_ANONYMOUS, -1, 0) = 0x7fcc71877000
read(0, "a b c d e f g h i j k l m n o p "..., 8192) = 3025
brk(NULL)                               = 0x17b3000
brk(0x17d4000)                          = 0x17d4000
brk(NULL)                               = 0x17d4000
read(0, "", 8192)                       = 0
open("/proc/meminfo", O_RDONLY|O_CLOEXEC) = 3
fstat(3, {st_mode=S_IFREG|0444, st_size=0, ...}) = 0
mmap(NULL, 4096, PROT_READ|PROT_WRITE, MAP_PRIVATE|MAP_ANONYMOUS, -1, 0) = 0x7fcc71876000
read(3, "MemTotal:       65757620 kB\nMemF"..., 1024) = 1024
close(3)                                = 0
munmap(0x7fcc71876000, 4096)            = 0
fstat(1, {st_mode=S_IFCHR|0620, st_rdev=makedev(136, 3), ...}) = 0
mmap(NULL, 4096, PROT_READ|PROT_WRITE, MAP_PRIVATE|MAP_ANONYMOUS, -1, 0) = 0x7fcc71876000
write(1, "* * * * * * * * * * * * * * * * "..., 757* * * * * * * * * * * * * * * * * * * * * ( ( ( ( ( ( ( ( ( ( ( ( ( ( ( ( ( ( ( ( ( ) ) ) ) ) ) ) ) ) ) ) ) ) ) ) ) ) ) ) ) ) # # # # # # # # # # # # # # # # # # # # # ! ! ! ! ! ! ! ! ! ! ! ! ! ! ! ! ! ! ! ! ! & & & & & & & & & & & & & & & & & & & & & $ $ $ $ $ $ $ $ $ $ $ $ $ $ $ $ $ $ $ $ $ % % % % % % % % % % % % % % % % % % % % % 8 8 8 8 8 8 8 8 8 8 8 8 8 8 8 8 8 8 8 8 8 9 9 9 9 9 9 9 9 9 9 9 9 9 9 9 9 9 9 9 9 9 2 2 2 2 2 2 2 2 2 2 2 2 2 2 2 2 2 2 2 2 2 3 3 3 3 3 3 3 3 3 3 3 3 3 3 3 3 3 3 3 3 3 0 0 0 0 0 0 0 0 0 0 0 0 0 0 0 0 0 0 0 0 0 1 1 1 1 1 1 1 1 1 1 1 1 1 1 1 1 1 1 1 1 1 6 6 6 6 6 6 6 6 6 6 6 6 6 6 6 6 6 6 6 6 6 7 7 7 7 7 7 7 7 7 7 7 7 7 7 7 7 7 7 7 7 7 4 4 4 4 4 4 4 4 4 4 4 4 4 4 4 4 4 4 4 4 4 5 5 5 5 5 5 5 5 5 5 5 5 5 5 5 5 5 5 5 5 5 
) = 757
write(1, " j j j j j j j j j j j j j j j j"..., 1024 j j j j j j j j j j j j j j j j j j j j j k k k k k k k k k k k k k k k k k k k k k h h h h h h h h h h h h h h h h h h h h h i i i i i i i i i i i i i i i i i i i i i n n n n n n n n n n n n n n n n n n n n n o o o o o o o o o o o o o o o o o o o o o l l l l l l l l l l l l l l l l l l l l l m m m m m m m m m m m m m m m m m m m m m b b b b b b b b b b b b b b b b b b b b b c c c c c c c c c c c c c c c c c c c c c a a a a a a a a a a a a a a a a a a a a a f f f f f f f f f f f f f f f f f f f f f g g g g g g g g g g g g g g g g g g g g g d d d d d d d d d d d d d d d d d d d d d e e e e e e e e e e e e e e e e e e e e e z z z z z z z z z z z z z z z z z z z z z x x x x x x x x x x x x x x x x x x x x x y y y y y y y y y y y y y y y y y y y y y r r r r r r r r r r r r r r r r r r r r r s s s s s s s s s s s s s s s s s s s s s p p p p p p p p p p p p p p p p p p p p p q q q q q q q q q q q q q q q q q q q q q v v v v v v v v v v v v v v v v v v v v v w w w w w w w w w w w w w w w w w w w w w t t t t t t t t) = 1024
write(1, " t t t t t t t t t t t t t u u u"..., 1024 t t t t t t t t t t t t t u u u u u u u u u u u u u u u u u u u u u J J J J J J J J J J J J J J J J J J J J J K K K K K K K K K K K K K K K K K K K K K H H H H H H H H H H H H H H H H H H H H H I I I I I I I I I I I I I I I I I I I I I N N N N N N N N N N N N N N N N N N N N N O O O O O O O O O O O O O O O O O O O O O L L L L L L L L L L L L L L L L L L L L L M M M M M M M M M M M M M M M M M M M M M B B B B B B B B B B B B B B B B B B B B B C C C C C C C C C C C C C C C C C C C C C @ @ @ @ @ @ @ @ @ @ @ @ @ @ @ @ @ @ @ @ @ A A A A A A A A A A A A A A A A A A A A A F F F F F F F F F F F F F F F F F F F F F G G G G G G G G G G G G G G G G G G G G G D D D D D D D D D D D D D D D D D D D D D E E E E E E E E E E E E E E E E E E E E E Z Z Z Z Z Z Z Z Z Z Z Z Z Z Z Z Z Z Z Z Z X X X X X X X X X X X X X X X X X X X X X Y Y Y Y Y Y Y Y Y Y Y Y Y Y Y Y Y Y Y Y Y ^ ^ ^ ^ ^ ^ ^ ^ ^ ^ ^ ^ ^ ^ ^ ^ ^ ^ ^ ^ ^ R R R R R R R R R R R R R R R R R R R R R S S S S S S S S S S S S S S S S S S S S S P P P P P P P P P P P P P P P P) = 1024
write(1, " P P P P P Q Q Q Q Q Q Q Q Q Q Q"..., 221 P P P P P Q Q Q Q Q Q Q Q Q Q Q Q Q Q Q Q Q Q Q Q Q V V V V V V V V V V V V V V V V V V V V V W W W W W W W W W W W W W W W W W W W W W T T T T T T T T T T T T T T T T T T T T T U U U U U U U U U U U U U U U U U U U U U ) = 221
exit_group(0)                           = ?
+++ exited with 0 +++
[huimin@lnxsrv09 ~]$ strace -c ./sfrob < foo.txt
* * * * * * * * * * * * * * * * * * * * * ( ( ( ( ( ( ( ( ( ( ( ( ( ( ( ( ( ( ( ( ( ) ) ) ) ) ) ) ) ) ) ) ) ) ) ) ) ) ) ) ) ) # # # # # # # # # # # # # # # # # # # # # ! ! ! ! ! ! ! ! ! ! ! ! ! ! ! ! ! ! ! ! ! & & & & & & & & & & & & & & & & & & & & & $ $ $ $ $ $ $ $ $ $ $ $ $ $ $ $ $ $ $ $ $ % % % % % % % % % % % % % % % % % % % % % 8 8 8 8 8 8 8 8 8 8 8 8 8 8 8 8 8 8 8 8 8 9 9 9 9 9 9 9 9 9 9 9 9 9 9 9 9 9 9 9 9 9 2 2 2 2 2 2 2 2 2 2 2 2 2 2 2 2 2 2 2 2 2 3 3 3 3 3 3 3 3 3 3 3 3 3 3 3 3 3 3 3 3 3 0 0 0 0 0 0 0 0 0 0 0 0 0 0 0 0 0 0 0 0 0 1 1 1 1 1 1 1 1 1 1 1 1 1 1 1 1 1 1 1 1 1 6 6 6 6 6 6 6 6 6 6 6 6 6 6 6 6 6 6 6 6 6 7 7 7 7 7 7 7 7 7 7 7 7 7 7 7 7 7 7 7 7 7 4 4 4 4 4 4 4 4 4 4 4 4 4 4 4 4 4 4 4 4 4 5 5 5 5 5 5 5 5 5 5 5 5 5 5 5 5 5 5 5 5 5 
 j j j j j j j j j j j j j j j j j j j j j k k k k k k k k k k k k k k k k k k k k k h h h h h h h h h h h h h h h h h h h h h i i i i i i i i i i i i i i i i i i i i i n n n n n n n n n n n n n n n n n n n n n o o o o o o o o o o o o o o o o o o o o o l l l l l l l l l l l l l l l l l l l l l m m m m m m m m m m m m m m m m m m m m m b b b b b b b b b b b b b b b b b b b b b c c c c c c c c c c c c c c c c c c c c c a a a a a a a a a a a a a a a a a a a a a f f f f f f f f f f f f f f f f f f f f f g g g g g g g g g g g g g g g g g g g g g d d d d d d d d d d d d d d d d d d d d d e e e e e e e e e e e e e e e e e e e e e z z z z z z z z z z z z z z z z z z z z z x x x x x x x x x x x x x x x x x x x x x y y y y y y y y y y y y y y y y y y y y y r r r r r r r r r r r r r r r r r r r r r s s s s s s s s s s s s s s s s s s s s s p p p p p p p p p p p p p p p p p p p p p q q q q q q q q q q q q q q q q q q q q q v v v v v v v v v v v v v v v v v v v v v w w w w w w w w w w w w w w w w w w w w w t t t t t t t t t t t t t t t t t t t t t u u u u u u u u u u u u u u u u u u u u u J J J J J J J J J J J J J J J J J J J J J K K K K K K K K K K K K K K K K K K K K K H H H H H H H H H H H H H H H H H H H H H I I I I I I I I I I I I I I I I I I I I I N N N N N N N N N N N N N N N N N N N N N O O O O O O O O O O O O O O O O O O O O O L L L L L L L L L L L L L L L L L L L L L M M M M M M M M M M M M M M M M M M M M M B B B B B B B B B B B B B B B B B B B B B C C C C C C C C C C C C C C C C C C C C C @ @ @ @ @ @ @ @ @ @ @ @ @ @ @ @ @ @ @ @ @ A A A A A A A A A A A A A A A A A A A A A F F F F F F F F F F F F F F F F F F F F F G G G G G G G G G G G G G G G G G G G G G D D D D D D D D D D D D D D D D D D D D D E E E E E E E E E E E E E E E E E E E E E Z Z Z Z Z Z Z Z Z Z Z Z Z Z Z Z Z Z Z Z Z X X X X X X X X X X X X X X X X X X X X X Y Y Y Y Y Y Y Y Y Y Y Y Y Y Y Y Y Y Y Y Y ^ ^ ^ ^ ^ ^ ^ ^ ^ ^ ^ ^ ^ ^ ^ ^ ^ ^ ^ ^ ^ R R R R R R R R R R R R R R R R R R R R R S S S S S S S S S S S S S S S S S S S S S P P P P P P P P P P P P P P P P P P P P P Q Q Q Q Q Q Q Q Q Q Q Q Q Q Q Q Q Q Q Q Q V V V V V V V V V V V V V V V V V V V V V W W W W W W W W W W W W W W W W W W W W W T T T T T T T T T T T T T T T T T T T T T U U U U U U U U U U U U U U U U U U U U U % time     seconds  usecs/call     calls    errors syscall
------ ----------- ----------- --------- --------- ----------------
  0.00    0.000000           0         4           read
  0.00    0.000000           0         4           write
  0.00    0.000000           0         3           open
  0.00    0.000000           0         3           close
  0.00    0.000000           0         5           fstat
  0.00    0.000000           0        10           mmap
  0.00    0.000000           0         4           mprotect
  0.00    0.000000           0         2           munmap
  0.00    0.000000           0         4           brk
  0.00    0.000000           0         1         1 access
  0.00    0.000000           0         1           execve
  0.00    0.000000           0         1           arch_prctl
------ ----------- ----------- --------- --------- ----------------
100.00    0.000000                    42         1 total
[huimin@lnxsrv09 ~]$ emacs sfrob.c
[huimin@lnxsrv09 ~]$ strace -c ./sfrob < foo.txt > a2.txt
% time     seconds  usecs/call     calls    errors syscall
------ ----------- ----------- --------- --------- ----------------
  0.00    0.000000           0         4           read
  0.00    0.000000           0         1           write
  0.00    0.000000           0         3           open
  0.00    0.000000           0         3           close
  0.00    0.000000           0         5           fstat
  0.00    0.000000           0        10           mmap
  0.00    0.000000           0         4           mprotect
  0.00    0.000000           0         2           munmap
  0.00    0.000000           0         4           brk
  0.00    0.000000           0         1         1 access
  0.00    0.000000           0         1           execve
  0.00    0.000000           0         1           arch_prctl
------ ----------- ----------- --------- --------- ----------------
100.00    0.000000                    39         1 total
[huimin@lnxsrv09 ~]$ strace -cf ./sfrob < foo.txt > a2.txt
% time     seconds  usecs/call     calls    errors syscall
------ ----------- ----------- --------- --------- ----------------
 17.60    0.000157          39         4           mprotect
 16.93    0.000151          76         2           munmap
 15.81    0.000141          35         4           read
 10.76    0.000096          19         5           fstat
  9.53    0.000085          21         4           brk
  8.86    0.000079           8        10           mmap
  8.63    0.000077          26         3           open
  6.73    0.000060          60         1           write
  5.16    0.000046          15         3           close
  0.00    0.000000           0         1         1 access
  0.00    0.000000           0         1           execve
  0.00    0.000000           0         1           arch_prctl
------ ----------- ----------- --------- --------- ----------------
100.00    0.000892                    39         1 total
[huimin@lnxsrv09 ~]$ man strace
[huimin@lnxsrv09 ~]$ emacs sfrob.c
[huimin@lnxsrv09 ~]$ gcc -o sfrob sfrob.c
sfrob.c: In function 'frobcmp':
sfrob.c:17:11: error: expected identifier or '(' before '=' token
     pid_t = getpid();
           ^
[huimin@lnxsrv09 ~]$ emacs sfrob.c
[huimin@lnxsrv09 ~]$ gcc -o sfrob sfrob.c
sfrob.c: In function 'frobcmp':
sfrob.c:17:17: warning: implicit declaration of function 'getpid'; did you mean 'getenv'? [-Wimplicit-function-declaration]
     pid_t pid = getpid();
                 ^~~~~~
                 getenv
[huimin@lnxsrv09 ~]$ emacs sfrob.c
[huimin@lnxsrv09 ~]$ gcc -o sfrob sfrob.c
[huimin@lnxsrv09 ~]$ strace -cf ./sfrob < foo.txt > a2.txt
% time     seconds  usecs/call     calls    errors syscall
------ ----------- ----------- --------- --------- ----------------
 23.32    0.000045           5        10           mmap
 16.58    0.000032           8         4           mprotect
 12.44    0.000024           6         4           read
 11.40    0.000022           7         3           open
 10.36    0.000020           4         5           fstat
  8.81    0.000017           9         2           munmap
  6.22    0.000012           4         3           close
  5.18    0.000010           3         4           brk
  3.11    0.000006           6         1           write
  1.55    0.000003           3         1           arch_prctl
  1.04    0.000002           2         1           getpid
  0.00    0.000000           0         1         1 access
  0.00    0.000000           0         1           execve
------ ----------- ----------- --------- --------- ----------------
100.00    0.000193                    40         1 total
[huimin@lnxsrv09 ~]$ strace -cf ./sfrob < output.txt > a2.txt
% time     seconds  usecs/call     calls    errors syscall
------ ----------- ----------- --------- --------- ----------------
 81.90    0.000783           1       611           write
 16.53    0.000158           0       614           read
  1.46    0.000014           0        68           brk
  0.10    0.000001           0         6           mremap
  0.00    0.000000           0         3           open
  0.00    0.000000           0         3           close
  0.00    0.000000           0         5           fstat
  0.00    0.000000           0        12           mmap
  0.00    0.000000           0         4           mprotect
  0.00    0.000000           0         4           munmap
  0.00    0.000000           0         1         1 access
  0.00    0.000000           0         1           getpid
  0.00    0.000000           0         1           execve
  0.00    0.000000           0         1           arch_prctl
------ ----------- ----------- --------- --------- ----------------
100.00    0.000956                  1334         1 total
[huimin@lnxsrv09 ~]$ ls -l
total 477356
drwxr-xr-x 23 huimin csugrad      4096 Apr 17 20:49 3132proj
drwxr-xr-x  2 huimin csugrad      4096 Apr 17 20:50 35
drwxr-xr-x  2 huimin csugrad      4096 Apr 17 20:45 35LA1
drwxr-xr-x  2 huimin csugrad      4096 May  7 14:29 35LA2
drwxr-xr-x  4 huimin csugrad      4096 May  2 14:41 35LA3
drwxr-xr-x  4 huimin csugrad      4096 May  8 12:18 35LA4
-rw-r--r--  1 huimin csugrad      3026 May  8 15:00 a1.txt
-rw-r--r--  1 huimin csugrad   5000001 May  8 15:14 a2.txt
-rw-r--r--  1 huimin csugrad     16028 Mar 30 17:04 assign1.html
-rw-r--r--  1 huimin csugrad      8668 Apr  8  2013 assign2.html
drwxr-xr-x 12 huimin csugrad      4096 Apr 23 18:12 automake-1.15
-rw-r--r--  1 huimin csugrad   2244206 Jan  5  2015 automake-1.15.tar.gz
drwxr-xr-x  3 huimin csugrad      4096 Apr 24 15:34 bomblab
drwxr-xr-x 11 huimin csugrad      8192 May  5 19:09 coreutils-with-bug
-rw-r--r--  1 huimin csugrad   7369926 Jan 26  2010 coreutils-with-bug.tar.gz
drwxr-xr-x  2 huimin csugrad      4096 Apr 17 20:46 cs31
drwxr-xr-x  2 huimin csugrad      4096 Apr  6 12:53 datalab0-handout
drwxr-xr-x  2 huimin csugrad      4096 Apr 14 01:46 datalab1-handout
-rw-r--r--  1 huimin csugrad         0 May  7 23:51 d.diff
drwx------  2 huimin csugrad      4096 Feb 22 15:20 Desktop
drwx------  2 huimin csugrad      4096 Sep 27  2017 Documents
drwx------  2 huimin csugrad      4096 Sep 27  2017 Downloads
-rw-r--r--  1 huimin csugrad      3025 May  8 14:59 foo.txt
-rw-r--r--  1 huimin csugrad        15 May  8 14:53 foo.txt~
-rw-r--r--  1 huimin csugrad         9 May  8 14:19 f.txt
-rw-r--r--  1 huimin csugrad        53 May  8 12:21 f.txt~
-rw-r--r--  1 huimin csugrad       887 Apr 26 00:12 hw2.c
drwxr-xr-x  2 huimin csugrad      4096 Apr  5 21:23 junk
drwxr-xr-x  5 huimin csugrad      4096 Apr 23 17:53 lab3
drwxr-xr-x  4 huimin csugrad      4096 May  2 15:54 lab4
drwx------  2 huimin csugrad      4096 Sep 27  2017 nsdefault
-rw-r--r--  1 huimin csugrad   5000000 May  8 01:18 o1.txt
-rw-r--r--  1 huimin csugrad   5000000 May  8 01:26 o2.txt
-rw-r--r--  1 huimin csugrad   5000000 May  8 01:17 o3.txt
-rw-r--r--  1 huimin csugrad   5000000 May  8 00:43 o4.txt
-rw-r--r--  1 huimin csugrad   5000000 May  7 23:53 output.txt
-rw-r--r--  1 huimin csugrad       134 May  7 23:23 output.txt~
drwxr-xr-x  2 huimin csugrad      4096 Oct  4  2017 perl5
drwxr-xr-x  2 huimin csugrad      4096 Apr 17 20:52 prac
-rwxr-xr-x  1 huimin csugrad     12904 May  8 15:13 sfrob
-rw-r--r--  1 huimin csugrad      2818 May  8 15:13 sfrob.c
-rw-r--r--  1 huimin csugrad      2776 May  8 15:13 sfrob.c~
-rw-r--r--  1 huimin csugrad      2713 May  8 15:06 sfrobstrace
-rwxr-xr-x  1 huimin csugrad     13040 May  8 14:51 sfrobu
-rw-r--r--  1 huimin csugrad      3103 May  8 14:51 sfrobu.c
-rw-r--r--  1 huimin csugrad      3085 May  8 14:50 sfrobu.c~
-rw-r--r--  1 huimin csugrad    268412 May  8 15:06 sfrobustrace
-rw-r--r--  1 huimin csugrad   2230829 May  8 01:19 strace_output
-rw-r--r--  1 huimin csugrad 222160209 May  8 01:36 strace_output2
-rw-r--r--  1 huimin csugrad 222160208 May  8 01:34 strace_output2~
drwxr-xr-x  2 huimin csugrad      4096 May  6 00:31 target17
-rw-r--r--  1 huimin csugrad    153600 May  6 00:30 target17.tar
-rw-r--r--  1 huimin csugrad         0 May  8 00:44 temp1.txt
-rwxr-xr-x  1 huimin csugrad      8272 May  7 23:22 test
-rw-r--r--  1 huimin csugrad       180 May  7 23:22 test.c
-rw-r--r--  1 huimin csugrad       149 May  7 23:20 test.c~
-rwxr-xr-x  1 huimin csugrad      8552 May  8 01:09 tr2b
-rw-r--r--  1 huimin csugrad       989 May  8 01:06 tr2b.c
-rw-r--r--  1 huimin csugrad      1005 May  8 01:05 tr2b.c~
-rwxr-xr-x  1 huimin csugrad      8448 May  8 14:18 tr2u
-rw-r--r--  1 huimin csugrad       888 May  8 14:18 tr2u.c
-rw-r--r--  1 huimin csugrad       890 May  8 14:18 tr2u.c~
drwx------  3 huimin csugrad      4096 Oct  4  2017 WINDOWS
[huimin@lnxsrv09 ~]$ strace -cf ./sfrob < output.txt > a2.txt
% time     seconds  usecs/call     calls    errors syscall
------ ----------- ----------- --------- --------- ----------------
 84.45    0.000668           1       611           write
 12.14    0.000096           0       614           read
  1.64    0.000013           0        68           brk
  1.01    0.000008           2         5           fstat
  0.76    0.000006           1        12           mmap
  0.00    0.000000           0         3           open
  0.00    0.000000           0         3           close
  0.00    0.000000           0         4           mprotect
  0.00    0.000000           0         4           munmap
  0.00    0.000000           0         1         1 access
  0.00    0.000000           0         6           mremap
  0.00    0.000000           0         1           getpid
  0.00    0.000000           0         1           execve
  0.00    0.000000           0         1           arch_prctl
------ ----------- ----------- --------- --------- ----------------
100.00    0.000791                  1334         1 total
[huimin@lnxsrv09 ~]$ emacs a2.txt
[huimin@lnxsrv09 ~]$ emacs sfrob.c
[huimin@lnxsrv09 ~]$ gcc -o sfrob sfrob.c
[huimin@lnxsrv09 ~]$ strace -cf ./sfrob < output.txt > a2.txt
% time     seconds  usecs/call     calls    errors syscall
------ ----------- ----------- --------- --------- ----------------
 55.12    0.000807           1       611           write
 16.67    0.000244           0       614           read
  6.01    0.000088           7        12           mmap
  5.81    0.000085          85         1           execve
  4.03    0.000059          20         3           open
  3.21    0.000047          12         4           mprotect
  2.46    0.000036           1        68           brk
  2.12    0.000031           8         4           munmap
  1.98    0.000029          10         3           close
  1.64    0.000024           5         5           fstat
  0.61    0.000009           9         1         1 access
  0.34    0.000005           5         1           arch_prctl
  0.00    0.000000           0         6           mremap
------ ----------- ----------- --------- --------- ----------------
100.00    0.001464                  1333         1 total
[huimin@lnxsrv09 ~]$ emacs sfrob.c
[huimin@lnxsrv09 ~]$ gcc -o sfrob sfrob.c
[huimin@lnxsrv09 ~]$ strace -cf ./sfrob < output.txt > a2.txt
% time     seconds  usecs/call     calls    errors syscall
------ ----------- ----------- --------- --------- ----------------
 90.87    0.000786           1       611           write
  9.02    0.000078           0       614           read
  0.12    0.000001           0         4           munmap
  0.00    0.000000           0         3           open
  0.00    0.000000           0         3           close
  0.00    0.000000           0         5           fstat
  0.00    0.000000           0        12           mmap
  0.00    0.000000           0         4           mprotect
  0.00    0.000000           0        68           brk
  0.00    0.000000           0         1         1 access
  0.00    0.000000           0         6           mremap
  0.00    0.000000           0         1           execve
  0.00    0.000000           0         1           arch_prctl
------ ----------- ----------- --------- --------- ----------------
100.00    0.000865                  1333         1 total
[huimin@lnxsrv09 ~]$ emacs s1.txt
[huimin@lnxsrv09 ~]$ emacs s1.txt
[huimin@lnxsrv09 ~]$ emacs sfrob.c
[huimin@lnxsrv09 ~]$ gcc -o sfrob sfrob,.c
gcc: error: sfrob,.c: No such file or directory
gcc: fatal error: no input files
compilation terminated.
[huimin@lnxsrv09 ~]$ gcc -o sfrob sfrob.c
sfrob.c: In function 'main':
sfrob.c:148:8: error: 'k' undeclared (first use in this function)
   for (k = 0; k < asize; k++){
        ^
sfrob.c:148:8: note: each undeclared identifier is reported only once for each function it appears in
[huimin@lnxsrv09 ~]$ gcc -o sfrob sfrob,.c
gcc: error: sfrob,.c: No such file or directory
gcc: fatal error: no input files
compilation terminated.
[huimin@lnxsrv09 ~]$ emacs sfrob.c
[huimin@lnxsrv09 ~]$ gcc -o sfrob sfrob,.c
gcc: error: sfrob,.c: No such file or directory
gcc: fatal error: no input files
compilation terminated.
[huimin@lnxsrv09 ~]$ gcc -o sfrob sfrob.c
[huimin@lnxsrv09 ~]$ ./sfrob < s1.txt
Enter frobcmp
[huimin@lnxsrv09 ~]$ emacs s2.txt
[huimin@lnxsrv09 ~]$ emacs s1.txt
[huimin@lnxsrv09 ~]$ ./sfrob < s1.txt
Enter frobcmp
Enter frobcmp
Enter frobcmp
[huimin@lnxsrv09 ~]$ emacs s1.txt
[huimin@lnxsrv09 ~]$ ./sfrob < s1.txt
Enter frobcmp
[huimin@lnxsrv09 ~]$ ./sfrob < s2.txt
Enter frobcmp
Enter frobcmp
Enter frobcmp
Enter frobcmp
Enter frobcmp
Enter frobcmp
Enter frobcmp
Enter frobcmp
[huimin@lnxsrv09 ~]$ emacs s2.txt
[huimin@lnxsrv09 ~]$ ./sfrob < s2.txt
Enter frobcmp
Enter frobcmp
Enter frobcmp
Enter frobcmp
Enter frobcmp
[huimin@lnxsrv09 ~]$ emacs s3.txt
[huimin@lnxsrv09 ~]$ ./sfrob < s2.txt
Enter frobcmp
Enter frobcmp
Enter frobcmp
Enter frobcmp
Enter frobcmp
[huimin@lnxsrv09 ~]$ ./sfrob < s3.txt
Enter frobcmp
Enter frobcmp
Enter frobcmp
Enter frobcmp
Enter frobcmp
Enter frobcmp
Enter frobcmp
Enter frobcmp
Enter frobcmp
Enter frobcmp
Enter frobcmp
Enter frobcmp
Enter frobcmp
Enter frobcmp
Enter frobcmp
Enter frobcmp
[huimin@lnxsrv09 ~]$ ./sfrob < s3.txt > o.txt
[huimin@lnxsrv09 ~]$ ./sfrob < s3.txt > o
[huimin@lnxsrv09 ~]$ cat o | wc -l
16
[huimin@lnxsrv09 ~]$ emacs s4.txt
[huimin@lnxsrv09 ~]$ ./sfrob < s3.txt > o
[huimin@lnxsrv09 ~]$ cat o | wc -l
16
[huimin@lnxsrv09 ~]$ ./sfrob < s4.txt > o
[huimin@lnxsrv09 ~]$ cat o | wc -l
44
[huimin@lnxsrv09 ~]$ emacs s5.txt
[huimin@lnxsrv09 ~]$ ./sfrob < s5.txt > o
[huimin@lnxsrv09 ~]$ cat o | wc -l
112
[huimin@lnxsrv09 ~]$ emacs s6.txt
[huimin@lnxsrv09 ~]$ ./sfrob < s6.txt > o
[huimin@lnxsrv09 ~]$ cat o | wc -l
272
[huimin@lnxsrv09 ~]$ emacs s7.txt
[huimin@lnxsrv09 ~]$ ./sfrob < s7.txt > o
[huimin@lnxsrv09 ~]$ cat o | wc -l
640
[huimin@lnxsrv09 ~]$ emacs s8.txt
[huimin@lnxsrv09 ~]$ ./sfrob < s8.txt > o
[huimin@lnxsrv09 ~]$ cat o | wc -l
1472
[huimin@lnxsrv09 ~]$ emacs s9.txt
[huimin@lnxsrv09 ~]$ ./sfrob < s9.txt > o
[huimin@lnxsrv09 ~]$ cat o | wc -l
3328
[huimin@lnxsrv09 ~]$ emacs s10.txt
[huimin@lnxsrv09 ~]$ ./sfrob < s10.txt > o
[huimin@lnxsrv09 ~]$ cat o | wc -l
7424
[huimin@lnxsrv09 ~]$ emacs sfrobu.c
[huimin@lnxsrv09 ~]$ valgrind --leak-check=full ./sfrobu
==2754== Memcheck, a memory error detector
==2754== Copyright (C) 2002-2015, and GNU GPL'd, by Julian Seward et al.
==2754== Using Valgrind-3.12.0 and LibVEX; rerun with -h for copyright info
==2754== Command: ./sfrobu
==2754== 
^C==2754== 
==2754== Process terminating with default action of signal 2 (SIGINT)
==2754==    at 0x4F1F7E0: __read_nocancel (in /usr/lib64/libc-2.17.so)
==2754==    by 0x400AFE: main (in /w/home.20/cs/ugrad/huimin/sfrobu)
==2754== 
==2754== HEAP SUMMARY:
==2754==     in use at exit: 0 bytes in 1 blocks
==2754==   total heap usage: 1 allocs, 0 frees, 0 bytes allocated
==2754== 
==2754== LEAK SUMMARY:
==2754==    definitely lost: 0 bytes in 0 blocks
==2754==    indirectly lost: 0 bytes in 0 blocks
==2754==      possibly lost: 0 bytes in 0 blocks
==2754==    still reachable: 0 bytes in 1 blocks
==2754==         suppressed: 0 bytes in 0 blocks
==2754== Reachable blocks (those to which a pointer was found) are not shown.
==2754== To see them, rerun with: --leak-check=full --show-leak-kinds=all
==2754== 
==2754== For counts of detected and suppressed errors, rerun with: -v
==2754== ERROR SUMMARY: 0 errors from 0 contexts (suppressed: 0 from 0)

[huimin@lnxsrv09 ~]$ valgrind --leak-check=full ./sfrobu < foo.txt
==2771== Memcheck, a memory error detector
==2771== Copyright (C) 2002-2015, and GNU GPL'd, by Julian Seward et al.
==2771== Using Valgrind-3.12.0 and LibVEX; rerun with -h for copyright info
==2771== Command: ./sfrobu
==2771== 
* * * * * * * * * * * * * * * * * * * * * ( ( ( ( ( ( ( ( ( ( ( ( ( ( ( ( ( ( ( ( ( ) ) ) ) ) ) ) ) ) ) ) ) ) ) ) ) ) ) ) ) ) # # # # # # # # # # # # # # # # # # # # # ! ! ! ! ! ! ! ! ! ! ! ! ! ! ! ! ! ! ! ! ! & & & & & & & & & & & & & & & & & & & & & $ $ $ $ $ $ $ $ $ $ $ $ $ $ $ $ $ $ $ $ $ % % % % % % % % % % % % % % % % % % % % % 8 8 8 8 8 8 8 8 8 8 8 8 8 8 8 8 8 8 8 8 8 9 9 9 9 9 9 9 9 9 9 9 9 9 9 9 9 9 9 9 9 9 2 2 2 2 2 2 2 2 2 2 2 2 2 2 2 2 2 2 2 2 2 3 3 3 3 3 3 3 3 3 3 3 3 3 3 3 3 3 3 3 3 3 0 0 0 0 0 0 0 0 0 0 0 0 0 0 0 0 0 0 0 0 0 1 1 1 1 1 1 1 1 1 1 1 1 1 1 1 1 1 1 1 1 1 6 6 6 6 6 6 6 6 6 6 6 6 6 6 6 6 6 6 6 6 6 7 7 7 7 7 7 7 7 7 7 7 7 7 7 7 7 7 7 7 7 7 4 4 4 4 4 4 4 4 4 4 4 4 4 4 4 4 4 4 4 4 4 5 5 5 5 5 5 5 5 5 5 5 5 5 5 5 5 5 5 5 5 5 
 j j j j j j j j j j j j j j j j j j j j j k k k k k k k k k k k k k k k k k k k k k h h h h h h h h h h h h h h h h h h h h h i i i i i i i i i i i i i i i i i i i i i n n n n n n n n n n n n n n n n n n n n n o o o o o o o o o o o o o o o o o o o o o l l l l l l l l l l l l l l l l l l l l l m m m m m m m m m m m m m m m m m m m m m b b b b b b b b b b b b b b b b b b b b b c c c c c c c c c c c c c c c c c c c c c a a a a a a a a a a a a a a a a a a a a a f f f f f f f f f f f f f f f f f f f f f g g g g g g g g g g g g g g g g g g g g g d d d d d d d d d d d d d d d d d d d d d e e e e e e e e e e e e e e e e e e e e e z z z z z z z z z z z z z z z z z z z z z x x x x x x x x x x x x x x x x x x x x x y y y y y y y y y y y y y y y y y y y y y r r r r r r r r r r r r r r r r r r r r r s s s s s s s s s s s s s s s s s s s s s p p p p p p p p p p p p p p p p p p p p p q q q q q q q q q q q q q q q q q q q q q v v v v v v v v v v v v v v v v v v v v v w w w w w w w w w w w w w w w w w w w w w t t t t t t t t t t t t t t t t t t t t t u u u u u u u u u u u u u u u u u u u u u J J J J J J J J J J J J J J J J J J J J J K K K K K K K K K K K K K K K K K K K K K H H H H H H H H H H H H H H H H H H H H H I I I I I I I I I I I I I I I I I I I I I N N N N N N N N N N N N N N N N N N N N N O O O O O O O O O O O O O O O O O O O O O L L L L L L L L L L L L L L L L L L L L L M M M M M M M M M M M M M M M M M M M M M B B B B B B B B B B B B B B B B B B B B B C C C C C C C C C C C C C C C C C C C C C @ @ @ @ @ @ @ @ @ @ @ @ @ @ @ @ @ @ @ @ @ A A A A A A A A A A A A A A A A A A A A A F F F F F F F F F F F F F F F F F F F F F G G G G G G G G G G G G G G G G G G G G G D D D D D D D D D D D D D D D D D D D D D E E E E E E E E E E E E E E E E E E E E E Z Z Z Z Z Z Z Z Z Z Z Z Z Z Z Z Z Z Z Z Z X X X X X X X X X X X X X X X X X X X X X Y Y Y Y Y Y Y Y Y Y Y Y Y Y Y Y Y Y Y Y Y ^ ^ ^ ^ ^ ^ ^ ^ ^ ^ ^ ^ ^ ^ ^ ^ ^ ^ ^ ^ ^ R R R R R R R R R R R R R R R R R R R R R S S S S S S S S S S S S S S S S S S S S S P P P P P P P P P P P P P P P P P P P P P Q Q Q Q Q Q Q Q Q Q Q Q Q Q Q Q Q Q Q Q Q V V V V V V V V V V V V V V V V V V V V V W W W W W W W W W W W W W W W W W W W W W T T T T T T T T T T T T T T T T T T T T T U U U U U U U U U U U U U U U U U U U U U ==2771== 
==2771== HEAP SUMMARY:
==2771==     in use at exit: 15,130 bytes in 2 blocks
==2771==   total heap usage: 5 allocs, 3 frees, 30,827 bytes allocated
==2771== 
==2771== 15,130 (12,104 direct, 3,026 indirect) bytes in 1 blocks are definitely lost in loss record 2 of 2
==2771==    at 0x4C29BE3: malloc (vg_replace_malloc.c:299)
==2771==    by 0x400C4C: main (in /w/home.20/cs/ugrad/huimin/sfrobu)
==2771== 
==2771== LEAK SUMMARY:
==2771==    definitely lost: 12,104 bytes in 1 blocks
==2771==    indirectly lost: 3,026 bytes in 1 blocks
==2771==      possibly lost: 0 bytes in 0 blocks
==2771==    still reachable: 0 bytes in 0 blocks
==2771==         suppressed: 0 bytes in 0 blocks
==2771== 
==2771== For counts of detected and suppressed errors, rerun with: -v
==2771== ERROR SUMMARY: 1 errors from 1 contexts (suppressed: 0 from 0)
[huimin@lnxsrv09 ~]$ emacs sfrobu.c
[huimin@lnxsrv09 ~]$ valgrind --leak-check=full ./sfrobu < foo.txt
==2820== Memcheck, a memory error detector
==2820== Copyright (C) 2002-2015, and GNU GPL'd, by Julian Seward et al.
==2820== Using Valgrind-3.12.0 and LibVEX; rerun with -h for copyright info
==2820== Command: ./sfrobu
==2820== 
* * * * * * * * * * * * * * * * * * * * * ( ( ( ( ( ( ( ( ( ( ( ( ( ( ( ( ( ( ( ( ( ) ) ) ) ) ) ) ) ) ) ) ) ) ) ) ) ) ) ) ) ) # # # # # # # # # # # # # # # # # # # # # ! ! ! ! ! ! ! ! ! ! ! ! ! ! ! ! ! ! ! ! ! & & & & & & & & & & & & & & & & & & & & & $ $ $ $ $ $ $ $ $ $ $ $ $ $ $ $ $ $ $ $ $ % % % % % % % % % % % % % % % % % % % % % 8 8 8 8 8 8 8 8 8 8 8 8 8 8 8 8 8 8 8 8 8 9 9 9 9 9 9 9 9 9 9 9 9 9 9 9 9 9 9 9 9 9 2 2 2 2 2 2 2 2 2 2 2 2 2 2 2 2 2 2 2 2 2 3 3 3 3 3 3 3 3 3 3 3 3 3 3 3 3 3 3 3 3 3 0 0 0 0 0 0 0 0 0 0 0 0 0 0 0 0 0 0 0 0 0 1 1 1 1 1 1 1 1 1 1 1 1 1 1 1 1 1 1 1 1 1 6 6 6 6 6 6 6 6 6 6 6 6 6 6 6 6 6 6 6 6 6 7 7 7 7 7 7 7 7 7 7 7 7 7 7 7 7 7 7 7 7 7 4 4 4 4 4 4 4 4 4 4 4 4 4 4 4 4 4 4 4 4 4 5 5 5 5 5 5 5 5 5 5 5 5 5 5 5 5 5 5 5 5 5 
 j j j j j j j j j j j j j j j j j j j j j k k k k k k k k k k k k k k k k k k k k k h h h h h h h h h h h h h h h h h h h h h i i i i i i i i i i i i i i i i i i i i i n n n n n n n n n n n n n n n n n n n n n o o o o o o o o o o o o o o o o o o o o o l l l l l l l l l l l l l l l l l l l l l m m m m m m m m m m m m m m m m m m m m m b b b b b b b b b b b b b b b b b b b b b c c c c c c c c c c c c c c c c c c c c c a a a a a a a a a a a a a a a a a a a a a f f f f f f f f f f f f f f f f f f f f f g g g g g g g g g g g g g g g g g g g g g d d d d d d d d d d d d d d d d d d d d d e e e e e e e e e e e e e e e e e e e e e z z z z z z z z z z z z z z z z z z z z z x x x x x x x x x x x x x x x x x x x x x y y y y y y y y y y y y y y y y y y y y y r r r r r r r r r r r r r r r r r r r r r s s s s s s s s s s s s s s s s s s s s s p p p p p p p p p p p p p p p p p p p p p q q q q q q q q q q q q q q q q q q q q q v v v v v v v v v v v v v v v v v v v v v w w w w w w w w w w w w w w w w w w w w w t t t t t t t t t t t t t t t t t t t t t u u u u u u u u u u u u u u u u u u u u u J J J J J J J J J J J J J J J J J J J J J K K K K K K K K K K K K K K K K K K K K K H H H H H H H H H H H H H H H H H H H H H I I I I I I I I I I I I I I I I I I I I I N N N N N N N N N N N N N N N N N N N N N O O O O O O O O O O O O O O O O O O O O O L L L L L L L L L L L L L L L L L L L L L M M M M M M M M M M M M M M M M M M M M M B B B B B B B B B B B B B B B B B B B B B C C C C C C C C C C C C C C C C C C C C C @ @ @ @ @ @ @ @ @ @ @ @ @ @ @ @ @ @ @ @ @ A A A A A A A A A A A A A A A A A A A A A F F F F F F F F F F F F F F F F F F F F F G G G G G G G G G G G G G G G G G G G G G D D D D D D D D D D D D D D D D D D D D D E E E E E E E E E E E E E E E E E E E E E Z Z Z Z Z Z Z Z Z Z Z Z Z Z Z Z Z Z Z Z Z X X X X X X X X X X X X X X X X X X X X X Y Y Y Y Y Y Y Y Y Y Y Y Y Y Y Y Y Y Y Y Y ^ ^ ^ ^ ^ ^ ^ ^ ^ ^ ^ ^ ^ ^ ^ ^ ^ ^ ^ ^ ^ R R R R R R R R R R R R R R R R R R R R R S S S S S S S S S S S S S S S S S S S S S P P P P P P P P P P P P P P P P P P P P P Q Q Q Q Q Q Q Q Q Q Q Q Q Q Q Q Q Q Q Q Q V V V V V V V V V V V V V V V V V V V V V W W W W W W W W W W W W W W W W W W W W W T T T T T T T T T T T T T T T T T T T T T U U U U U U U U U U U U U U U U U U U U U ==2820== 
==2820== HEAP SUMMARY:
==2820==     in use at exit: 15,130 bytes in 2 blocks
==2820==   total heap usage: 5 allocs, 3 frees, 30,827 bytes allocated
==2820== 
==2820== 15,130 (12,104 direct, 3,026 indirect) bytes in 1 blocks are definitely lost in loss record 2 of 2
==2820==    at 0x4C29BE3: malloc (vg_replace_malloc.c:299)
==2820==    by 0x400C4C: main (in /w/home.20/cs/ugrad/huimin/sfrobu)
==2820== 
==2820== LEAK SUMMARY:
==2820==    definitely lost: 12,104 bytes in 1 blocks
==2820==    indirectly lost: 3,026 bytes in 1 blocks
==2820==      possibly lost: 0 bytes in 0 blocks
==2820==    still reachable: 0 bytes in 0 blocks
==2820==         suppressed: 0 bytes in 0 blocks
==2820== 
==2820== For counts of detected and suppressed errors, rerun with: -v
==2820== ERROR SUMMARY: 1 errors from 1 contexts (suppressed: 0 from 0)
[huimin@lnxsrv09 ~]$ gcc -o sfrobu sfrobu.c
sfrobu.c: In function 'main':
sfrobu.c:173:5: error: 'a' undeclared (first use in this function)
     a[i] = NULL;
     ^
sfrobu.c:173:5: note: each undeclared identifier is reported only once for each function it appears in
[huimin@lnxsrv09 ~]$ emacs sfrobu.c
[huimin@lnxsrv09 ~]$ gcc -o sfrobu sfrobu.c
[huimin@lnxsrv09 ~]$ valgrind --leak-check=full ./sfrobu < foo.txt
==6785== Memcheck, a memory error detector
==6785== Copyright (C) 2002-2015, and GNU GPL'd, by Julian Seward et al.
==6785== Using Valgrind-3.12.0 and LibVEX; rerun with -h for copyright info
==6785== Command: ./sfrobu
==6785== 
* * * * * * * * * * * * * * * * * * * * * ( ( ( ( ( ( ( ( ( ( ( ( ( ( ( ( ( ( ( ( ( ) ) ) ) ) ) ) ) ) ) ) ) ) ) ) ) ) ) ) ) ) # # # # # # # # # # # # # # # # # # # # # ! ! ! ! ! ! ! ! ! ! ! ! ! ! ! ! ! ! ! ! ! & & & & & & & & & & & & & & & & & & & & & $ $ $ $ $ $ $ $ $ $ $ $ $ $ $ $ $ $ $ $ $ % % % % % % % % % % % % % % % % % % % % % 8 8 8 8 8 8 8 8 8 8 8 8 8 8 8 8 8 8 8 8 8 9 9 9 9 9 9 9 9 9 9 9 9 9 9 9 9 9 9 9 9 9 2 2 2 2 2 2 2 2 2 2 2 2 2 2 2 2 2 2 2 2 2 3 3 3 3 3 3 3 3 3 3 3 3 3 3 3 3 3 3 3 3 3 0 0 0 0 0 0 0 0 0 0 0 0 0 0 0 0 0 0 0 0 0 1 1 1 1 1 1 1 1 1 1 1 1 1 1 1 1 1 1 1 1 1 6 6 6 6 6 6 6 6 6 6 6 6 6 6 6 6 6 6 6 6 6 7 7 7 7 7 7 7 7 7 7 7 7 7 7 7 7 7 7 7 7 7 4 4 4 4 4 4 4 4 4 4 4 4 4 4 4 4 4 4 4 4 4 5 5 5 5 5 5 5 5 5 5 5 5 5 5 5 5 5 5 5 5 5 
 j j j j j j j j j j j j j j j j j j j j j k k k k k k k k k k k k k k k k k k k k k h h h h h h h h h h h h h h h h h h h h h i i i i i i i i i i i i i i i i i i i i i n n n n n n n n n n n n n n n n n n n n n o o o o o o o o o o o o o o o o o o o o o l l l l l l l l l l l l l l l l l l l l l m m m m m m m m m m m m m m m m m m m m m b b b b b b b b b b b b b b b b b b b b b c c c c c c c c c c c c c c c c c c c c c a a a a a a a a a a a a a a a a a a a a a f f f f f f f f f f f f f f f f f f f f f g g g g g g g g g g g g g g g g g g g g g d d d d d d d d d d d d d d d d d d d d d e e e e e e e e e e e e e e e e e e e e e z z z z z z z z z z z z z z z z z z z z z x x x x x x x x x x x x x x x x x x x x x y y y y y y y y y y y y y y y y y y y y y r r r r r r r r r r r r r r r r r r r r r s s s s s s s s s s s s s s s s s s s s s p p p p p p p p p p p p p p p p p p p p p q q q q q q q q q q q q q q q q q q q q q v v v v v v v v v v v v v v v v v v v v v w w w w w w w w w w w w w w w w w w w w w t t t t t t t t t t t t t t t t t t t t t u u u u u u u u u u u u u u u u u u u u u J J J J J J J J J J J J J J J J J J J J J K K K K K K K K K K K K K K K K K K K K K H H H H H H H H H H H H H H H H H H H H H I I I I I I I I I I I I I I I I I I I I I N N N N N N N N N N N N N N N N N N N N N O O O O O O O O O O O O O O O O O O O O O L L L L L L L L L L L L L L L L L L L L L M M M M M M M M M M M M M M M M M M M M M B B B B B B B B B B B B B B B B B B B B B C C C C C C C C C C C C C C C C C C C C C @ @ @ @ @ @ @ @ @ @ @ @ @ @ @ @ @ @ @ @ @ A A A A A A A A A A A A A A A A A A A A A F F F F F F F F F F F F F F F F F F F F F G G G G G G G G G G G G G G G G G G G G G D D D D D D D D D D D D D D D D D D D D D E E E E E E E E E E E E E E E E E E E E E Z Z Z Z Z Z Z Z Z Z Z Z Z Z Z Z Z Z Z Z Z X X X X X X X X X X X X X X X X X X X X X Y Y Y Y Y Y Y Y Y Y Y Y Y Y Y Y Y Y Y Y Y ^ ^ ^ ^ ^ ^ ^ ^ ^ ^ ^ ^ ^ ^ ^ ^ ^ ^ ^ ^ ^ R R R R R R R R R R R R R R R R R R R R R S S S S S S S S S S S S S S S S S S S S S P P P P P P P P P P P P P P P P P P P P P Q Q Q Q Q Q Q Q Q Q Q Q Q Q Q Q Q Q Q Q Q V V V V V V V V V V V V V V V V V V V V V W W W W W W W W W W W W W W W W W W W W W T T T T T T T T T T T T T T T T T T T T T U U U U U U U U U U U U U U U U U U U U U ==6785== Invalid free() / delete / delete[] / realloc()
==6785==    at 0x4C2ACDD: free (vg_replace_malloc.c:530)
==6785==    by 0x400E44: main (in /w/home.20/cs/ugrad/huimin/sfrobu)
==6785==  Address 0x51f9cea is 138 bytes inside a block of size 3,026 free'd
==6785==    at 0x4C2ACDD: free (vg_replace_malloc.c:530)
==6785==    by 0x400E14: main (in /w/home.20/cs/ugrad/huimin/sfrobu)
==6785==  Block was alloc'd at
==6785==    at 0x4C2BB78: realloc (vg_replace_malloc.c:785)
==6785==    by 0x400C12: main (in /w/home.20/cs/ugrad/huimin/sfrobu)
==6785== 
==6785== 
==6785== HEAP SUMMARY:
==6785==     in use at exit: 0 bytes in 0 blocks
==6785==   total heap usage: 5 allocs, 1,518 frees, 30,827 bytes allocated
==6785== 
==6785== All heap blocks were freed -- no leaks are possible
==6785== 
==6785== For counts of detected and suppressed errors, rerun with: -v
==6785== ERROR SUMMARY: 1513 errors from 1 contexts (suppressed: 0 from 0)
[huimin@lnxsrv09 ~]$ emacs sfrobu.c
[huimin@lnxsrv09 ~]$ gcc -o sfrobu sfrobu.c
[huimin@lnxsrv09 ~]$ valgrind --leak-check=full ./sfrobu < foo.txt
==7876== Memcheck, a memory error detector
==7876== Copyright (C) 2002-2015, and GNU GPL'd, by Julian Seward et al.
==7876== Using Valgrind-3.12.0 and LibVEX; rerun with -h for copyright info
==7876== Command: ./sfrobu
==7876== 
* * * * * * * * * * * * * * * * * * * * * ( ( ( ( ( ( ( ( ( ( ( ( ( ( ( ( ( ( ( ( ( ) ) ) ) ) ) ) ) ) ) ) ) ) ) ) ) ) ) ) ) ) # # # # # # # # # # # # # # # # # # # # # ! ! ! ! ! ! ! ! ! ! ! ! ! ! ! ! ! ! ! ! ! & & & & & & & & & & & & & & & & & & & & & $ $ $ $ $ $ $ $ $ $ $ $ $ $ $ $ $ $ $ $ $ % % % % % % % % % % % % % % % % % % % % % 8 8 8 8 8 8 8 8 8 8 8 8 8 8 8 8 8 8 8 8 8 9 9 9 9 9 9 9 9 9 9 9 9 9 9 9 9 9 9 9 9 9 2 2 2 2 2 2 2 2 2 2 2 2 2 2 2 2 2 2 2 2 2 3 3 3 3 3 3 3 3 3 3 3 3 3 3 3 3 3 3 3 3 3 0 0 0 0 0 0 0 0 0 0 0 0 0 0 0 0 0 0 0 0 0 1 1 1 1 1 1 1 1 1 1 1 1 1 1 1 1 1 1 1 1 1 6 6 6 6 6 6 6 6 6 6 6 6 6 6 6 6 6 6 6 6 6 7 7 7 7 7 7 7 7 7 7 7 7 7 7 7 7 7 7 7 7 7 4 4 4 4 4 4 4 4 4 4 4 4 4 4 4 4 4 4 4 4 4 5 5 5 5 5 5 5 5 5 5 5 5 5 5 5 5 5 5 5 5 5 
 j j j j j j j j j j j j j j j j j j j j j k k k k k k k k k k k k k k k k k k k k k h h h h h h h h h h h h h h h h h h h h h i i i i i i i i i i i i i i i i i i i i i n n n n n n n n n n n n n n n n n n n n n o o o o o o o o o o o o o o o o o o o o o l l l l l l l l l l l l l l l l l l l l l m m m m m m m m m m m m m m m m m m m m m b b b b b b b b b b b b b b b b b b b b b c c c c c c c c c c c c c c c c c c c c c a a a a a a a a a a a a a a a a a a a a a f f f f f f f f f f f f f f f f f f f f f g g g g g g g g g g g g g g g g g g g g g d d d d d d d d d d d d d d d d d d d d d e e e e e e e e e e e e e e e e e e e e e z z z z z z z z z z z z z z z z z z z z z x x x x x x x x x x x x x x x x x x x x x y y y y y y y y y y y y y y y y y y y y y r r r r r r r r r r r r r r r r r r r r r s s s s s s s s s s s s s s s s s s s s s p p p p p p p p p p p p p p p p p p p p p q q q q q q q q q q q q q q q q q q q q q v v v v v v v v v v v v v v v v v v v v v w w w w w w w w w w w w w w w w w w w w w t t t t t t t t t t t t t t t t t t t t t u u u u u u u u u u u u u u u u u u u u u J J J J J J J J J J J J J J J J J J J J J K K K K K K K K K K K K K K K K K K K K K H H H H H H H H H H H H H H H H H H H H H I I I I I I I I I I I I I I I I I I I I I N N N N N N N N N N N N N N N N N N N N N O O O O O O O O O O O O O O O O O O O O O L L L L L L L L L L L L L L L L L L L L L M M M M M M M M M M M M M M M M M M M M M B B B B B B B B B B B B B B B B B B B B B C C C C C C C C C C C C C C C C C C C C C @ @ @ @ @ @ @ @ @ @ @ @ @ @ @ @ @ @ @ @ @ A A A A A A A A A A A A A A A A A A A A A F F F F F F F F F F F F F F F F F F F F F G G G G G G G G G G G G G G G G G G G G G D D D D D D D D D D D D D D D D D D D D D E E E E E E E E E E E E E E E E E E E E E Z Z Z Z Z Z Z Z Z Z Z Z Z Z Z Z Z Z Z Z Z X X X X X X X X X X X X X X X X X X X X X Y Y Y Y Y Y Y Y Y Y Y Y Y Y Y Y Y Y Y Y Y ^ ^ ^ ^ ^ ^ ^ ^ ^ ^ ^ ^ ^ ^ ^ ^ ^ ^ ^ ^ ^ R R R R R R R R R R R R R R R R R R R R R S S S S S S S S S S S S S S S S S S S S S P P P P P P P P P P P P P P P P P P P P P Q Q Q Q Q Q Q Q Q Q Q Q Q Q Q Q Q Q Q Q Q V V V V V V V V V V V V V V V V V V V V V W W W W W W W W W W W W W W W W W W W W W T T T T T T T T T T T T T T T T T T T T T U U U U U U U U U U U U U U U U U U U U U ==7876== 
==7876== HEAP SUMMARY:
==7876==     in use at exit: 0 bytes in 0 blocks
==7876==   total heap usage: 5 allocs, 5 frees, 30,827 bytes allocated
==7876== 
==7876== All heap blocks were freed -- no leaks are possible
==7876== 
==7876== For counts of detected and suppressed errors, rerun with: -v
==7876== ERROR SUMMARY: 0 errors from 0 contexts (suppressed: 0 from 0)
[huimin@lnxsrv09 ~]$ valgrind --leak-check=full ./tr2b < foo.txt
==7928== Memcheck, a memory error detector
==7928== Copyright (C) 2002-2015, and GNU GPL'd, by Julian Seward et al.
==7928== Using Valgrind-3.12.0 and LibVEX; rerun with -h for copyright info
==7928== Command: ./tr2b
==7928== 
wrong number of arguments
==7928== 
==7928== HEAP SUMMARY:
==7928==     in use at exit: 0 bytes in 0 blocks
==7928==   total heap usage: 0 allocs, 0 frees, 0 bytes allocated
==7928== 
==7928== All heap blocks were freed -- no leaks are possible
==7928== 
==7928== For counts of detected and suppressed errors, rerun with: -v
==7928== ERROR SUMMARY: 0 errors from 0 contexts (suppressed: 0 from 0)
[huimin@lnxsrv09 ~]$ valgrind --leak-check=full ./tr2u < foo.txt
==8012== Memcheck, a memory error detector
==8012== Copyright (C) 2002-2015, and GNU GPL'd, by Julian Seward et al.
==8012== Using Valgrind-3.12.0 and LibVEX; rerun with -h for copyright info
==8012== Command: ./tr2u
==8012== 
wrong number of arguments
==8012== 
==8012== HEAP SUMMARY:
==8012==     in use at exit: 0 bytes in 0 blocks
==8012==   total heap usage: 0 allocs, 0 frees, 0 bytes allocated
==8012== 
==8012== All heap blocks were freed -- no leaks are possible
==8012== 
==8012== For counts of detected and suppressed errors, rerun with: -v
==8012== ERROR SUMMARY: 0 errors from 0 contexts (suppressed: 0 from 0)
[huimin@lnxsrv09 ~]$ valgrind --leak-check=full ./sfrob < foo.txt
==8054== Memcheck, a memory error detector
==8054== Copyright (C) 2002-2015, and GNU GPL'd, by Julian Seward et al.
==8054== Using Valgrind-3.12.0 and LibVEX; rerun with -h for copyright info
==8054== Command: ./sfrob
==8054== 
Enter frobcmp
Enter frobcmp
Enter frobcmp
Enter frobcmp
Enter frobcmp
Enter frobcmp
Enter frobcmp
Enter frobcmp
Enter frobcmp
Enter frobcmp
Enter frobcmp
Enter frobcmp
Enter frobcmp
Enter frobcmp
Enter frobcmp
Enter frobcmp
Enter frobcmp
Enter frobcmp
Enter frobcmp
Enter frobcmp
Enter frobcmp
Enter frobcmp
Enter frobcmp
Enter frobcmp
Enter frobcmp
Enter frobcmp
Enter frobcmp
Enter frobcmp
Enter frobcmp
Enter frobcmp
Enter frobcmp
Enter frobcmp
Enter frobcmp
Enter frobcmp
Enter frobcmp
Enter frobcmp
Enter frobcmp
Enter frobcmp
Enter frobcmp
Enter frobcmp
Enter frobcmp
Enter frobcmp
Enter frobcmp
Enter frobcmp
Enter frobcmp
Enter frobcmp
Enter frobcmp
Enter frobcmp
Enter frobcmp
Enter frobcmp
Enter frobcmp
Enter frobcmp
Enter frobcmp
Enter frobcmp
Enter frobcmp
Enter frobcmp
Enter frobcmp
Enter frobcmp
Enter frobcmp
Enter frobcmp
Enter frobcmp
Enter frobcmp
Enter frobcmp
Enter frobcmp
Enter frobcmp
Enter frobcmp
Enter frobcmp
Enter frobcmp
Enter frobcmp
Enter frobcmp
Enter frobcmp
Enter frobcmp
Enter frobcmp
Enter frobcmp
Enter frobcmp
Enter frobcmp
Enter frobcmp
Enter frobcmp
Enter frobcmp
Enter frobcmp
Enter frobcmp
Enter frobcmp
Enter frobcmp
Enter frobcmp
Enter frobcmp
Enter frobcmp
Enter frobcmp
Enter frobcmp
Enter frobcmp
Enter frobcmp
Enter frobcmp
Enter frobcmp
Enter frobcmp
Enter frobcmp
Enter frobcmp
Enter frobcmp
Enter frobcmp
Enter frobcmp
Enter frobcmp
Enter frobcmp
Enter frobcmp
Enter frobcmp
Enter frobcmp
Enter frobcmp
Enter frobcmp
Enter frobcmp
Enter frobcmp
Enter frobcmp
Enter frobcmp
Enter frobcmp
Enter frobcmp
Enter frobcmp
Enter frobcmp
Enter frobcmp
Enter frobcmp
Enter frobcmp
Enter frobcmp
Enter frobcmp
Enter frobcmp
Enter frobcmp
Enter frobcmp
Enter frobcmp
Enter frobcmp
Enter frobcmp
Enter frobcmp
Enter frobcmp
Enter frobcmp
Enter frobcmp
Enter frobcmp
Enter frobcmp
Enter frobcmp
Enter frobcmp
Enter frobcmp
Enter frobcmp
Enter frobcmp
Enter frobcmp
Enter frobcmp
Enter frobcmp
Enter frobcmp
Enter frobcmp
Enter frobcmp
Enter frobcmp
Enter frobcmp
Enter frobcmp
Enter frobcmp
Enter frobcmp
Enter frobcmp
Enter frobcmp
Enter frobcmp
Enter frobcmp
Enter frobcmp
Enter frobcmp
Enter frobcmp
Enter frobcmp
Enter frobcmp
Enter frobcmp
Enter frobcmp
Enter frobcmp
Enter frobcmp
Enter frobcmp
Enter frobcmp
Enter frobcmp
Enter frobcmp
Enter frobcmp
Enter frobcmp
Enter frobcmp
Enter frobcmp
Enter frobcmp
Enter frobcmp
Enter frobcmp
Enter frobcmp
Enter frobcmp
Enter frobcmp
Enter frobcmp
Enter frobcmp
Enter frobcmp
Enter frobcmp
Enter frobcmp
Enter frobcmp
Enter frobcmp
Enter frobcmp
Enter frobcmp
Enter frobcmp
Enter frobcmp
Enter frobcmp
Enter frobcmp
Enter frobcmp
Enter frobcmp
Enter frobcmp
Enter frobcmp
Enter frobcmp
Enter frobcmp
Enter frobcmp
Enter frobcmp
Enter frobcmp
Enter frobcmp
Enter frobcmp
Enter frobcmp
Enter frobcmp
Enter frobcmp
Enter frobcmp
Enter frobcmp
Enter frobcmp
Enter frobcmp
Enter frobcmp
Enter frobcmp
Enter frobcmp
Enter frobcmp
Enter frobcmp
Enter frobcmp
Enter frobcmp
Enter frobcmp
Enter frobcmp
Enter frobcmp
Enter frobcmp
Enter frobcmp
Enter frobcmp
Enter frobcmp
Enter frobcmp
Enter frobcmp
Enter frobcmp
Enter frobcmp
Enter frobcmp
Enter frobcmp
Enter frobcmp
Enter frobcmp
Enter frobcmp
Enter frobcmp
Enter frobcmp
Enter frobcmp
Enter frobcmp
Enter frobcmp
Enter frobcmp
Enter frobcmp
Enter frobcmp
Enter frobcmp
Enter frobcmp
Enter frobcmp
Enter frobcmp
Enter frobcmp
Enter frobcmp
Enter frobcmp
Enter frobcmp
Enter frobcmp
Enter frobcmp
Enter frobcmp
Enter frobcmp
Enter frobcmp
Enter frobcmp
Enter frobcmp
Enter frobcmp
Enter frobcmp
Enter frobcmp
Enter frobcmp
Enter frobcmp
Enter frobcmp
Enter frobcmp
Enter frobcmp
Enter frobcmp
Enter frobcmp
Enter frobcmp
Enter frobcmp
Enter frobcmp
Enter frobcmp
Enter frobcmp
Enter frobcmp
Enter frobcmp
Enter frobcmp
Enter frobcmp
Enter frobcmp
Enter frobcmp
Enter frobcmp
Enter frobcmp
Enter frobcmp
Enter frobcmp
Enter frobcmp
Enter frobcmp
Enter frobcmp
Enter frobcmp
Enter frobcmp
Enter frobcmp
Enter frobcmp
Enter frobcmp
Enter frobcmp
Enter frobcmp
Enter frobcmp
Enter frobcmp
Enter frobcmp
Enter frobcmp
Enter frobcmp
Enter frobcmp
Enter frobcmp
Enter frobcmp
Enter frobcmp
Enter frobcmp
Enter frobcmp
Enter frobcmp
Enter frobcmp
Enter frobcmp
Enter frobcmp
Enter frobcmp
Enter frobcmp
Enter frobcmp
Enter frobcmp
Enter frobcmp
Enter frobcmp
Enter frobcmp
Enter frobcmp
Enter frobcmp
Enter frobcmp
Enter frobcmp
Enter frobcmp
Enter frobcmp
Enter frobcmp
Enter frobcmp
Enter frobcmp
Enter frobcmp
Enter frobcmp
Enter frobcmp
Enter frobcmp
Enter frobcmp
Enter frobcmp
Enter frobcmp
Enter frobcmp
Enter frobcmp
Enter frobcmp
Enter frobcmp
Enter frobcmp
Enter frobcmp
Enter frobcmp
Enter frobcmp
Enter frobcmp
Enter frobcmp
Enter frobcmp
Enter frobcmp
Enter frobcmp
Enter frobcmp
Enter frobcmp
Enter frobcmp
Enter frobcmp
Enter frobcmp
Enter frobcmp
Enter frobcmp
Enter frobcmp
Enter frobcmp
Enter frobcmp
Enter frobcmp
Enter frobcmp
Enter frobcmp
Enter frobcmp
Enter frobcmp
Enter frobcmp
Enter frobcmp
Enter frobcmp
Enter frobcmp
Enter frobcmp
Enter frobcmp
Enter frobcmp
Enter frobcmp
Enter frobcmp
Enter frobcmp
Enter frobcmp
Enter frobcmp
Enter frobcmp
Enter frobcmp
Enter frobcmp
Enter frobcmp
Enter frobcmp
Enter frobcmp
Enter frobcmp
Enter frobcmp
Enter frobcmp
Enter frobcmp
Enter frobcmp
Enter frobcmp
Enter frobcmp
Enter frobcmp
Enter frobcmp
Enter frobcmp
Enter frobcmp
Enter frobcmp
Enter frobcmp
Enter frobcmp
Enter frobcmp
Enter frobcmp
Enter frobcmp
Enter frobcmp
Enter frobcmp
Enter frobcmp
Enter frobcmp
Enter frobcmp
Enter frobcmp
Enter frobcmp
Enter frobcmp
Enter frobcmp
Enter frobcmp
Enter frobcmp
Enter frobcmp
Enter frobcmp
Enter frobcmp
Enter frobcmp
Enter frobcmp
Enter frobcmp
Enter frobcmp
Enter frobcmp
Enter frobcmp
Enter frobcmp
Enter frobcmp
Enter frobcmp
Enter frobcmp
Enter frobcmp
Enter frobcmp
Enter frobcmp
Enter frobcmp
Enter frobcmp
Enter frobcmp
Enter frobcmp
Enter frobcmp
Enter frobcmp
Enter frobcmp
Enter frobcmp
Enter frobcmp
Enter frobcmp
Enter frobcmp
Enter frobcmp
Enter frobcmp
Enter frobcmp
Enter frobcmp
Enter frobcmp
Enter frobcmp
Enter frobcmp
Enter frobcmp
Enter frobcmp
Enter frobcmp
Enter frobcmp
Enter frobcmp
Enter frobcmp
Enter frobcmp
Enter frobcmp
Enter frobcmp
Enter frobcmp
Enter frobcmp
Enter frobcmp
Enter frobcmp
Enter frobcmp
Enter frobcmp
Enter frobcmp
Enter frobcmp
Enter frobcmp
Enter frobcmp
Enter frobcmp
Enter frobcmp
Enter frobcmp
Enter frobcmp
Enter frobcmp
Enter frobcmp
Enter frobcmp
Enter frobcmp
Enter frobcmp
Enter frobcmp
Enter frobcmp
Enter frobcmp
Enter frobcmp
Enter frobcmp
Enter frobcmp
Enter frobcmp
Enter frobcmp
Enter frobcmp
Enter frobcmp
Enter frobcmp
Enter frobcmp
Enter frobcmp
Enter frobcmp
Enter frobcmp
Enter frobcmp
Enter frobcmp
Enter frobcmp
Enter frobcmp
Enter frobcmp
Enter frobcmp
Enter frobcmp
Enter frobcmp
Enter frobcmp
Enter frobcmp
Enter frobcmp
Enter frobcmp
Enter frobcmp
Enter frobcmp
Enter frobcmp
Enter frobcmp
Enter frobcmp
Enter frobcmp
Enter frobcmp
Enter frobcmp
Enter frobcmp
Enter frobcmp
Enter frobcmp
Enter frobcmp
Enter frobcmp
Enter frobcmp
Enter frobcmp
Enter frobcmp
Enter frobcmp
Enter frobcmp
Enter frobcmp
Enter frobcmp
Enter frobcmp
Enter frobcmp
Enter frobcmp
Enter frobcmp
Enter frobcmp
Enter frobcmp
Enter frobcmp
Enter frobcmp
Enter frobcmp
Enter frobcmp
Enter frobcmp
Enter frobcmp
Enter frobcmp
Enter frobcmp
Enter frobcmp
Enter frobcmp
Enter frobcmp
Enter frobcmp
Enter frobcmp
Enter frobcmp
Enter frobcmp
Enter frobcmp
Enter frobcmp
Enter frobcmp
Enter frobcmp
Enter frobcmp
Enter frobcmp
Enter frobcmp
Enter frobcmp
Enter frobcmp
Enter frobcmp
Enter frobcmp
Enter frobcmp
Enter frobcmp
Enter frobcmp
Enter frobcmp
Enter frobcmp
Enter frobcmp
Enter frobcmp
Enter frobcmp
Enter frobcmp
Enter frobcmp
Enter frobcmp
Enter frobcmp
Enter frobcmp
Enter frobcmp
Enter frobcmp
Enter frobcmp
Enter frobcmp
Enter frobcmp
Enter frobcmp
Enter frobcmp
Enter frobcmp
Enter frobcmp
Enter frobcmp
Enter frobcmp
Enter frobcmp
Enter frobcmp
Enter frobcmp
Enter frobcmp
Enter frobcmp
Enter frobcmp
Enter frobcmp
Enter frobcmp
Enter frobcmp
Enter frobcmp
Enter frobcmp
Enter frobcmp
Enter frobcmp
Enter frobcmp
Enter frobcmp
Enter frobcmp
Enter frobcmp
Enter frobcmp
Enter frobcmp
Enter frobcmp
Enter frobcmp
Enter frobcmp
Enter frobcmp
Enter frobcmp
Enter frobcmp
Enter frobcmp
Enter frobcmp
Enter frobcmp
Enter frobcmp
Enter frobcmp
Enter frobcmp
Enter frobcmp
Enter frobcmp
Enter frobcmp
Enter frobcmp
Enter frobcmp
Enter frobcmp
Enter frobcmp
Enter frobcmp
Enter frobcmp
Enter frobcmp
Enter frobcmp
Enter frobcmp
Enter frobcmp
Enter frobcmp
Enter frobcmp
Enter frobcmp
Enter frobcmp
Enter frobcmp
Enter frobcmp
Enter frobcmp
Enter frobcmp
Enter frobcmp
Enter frobcmp
Enter frobcmp
Enter frobcmp
Enter frobcmp
Enter frobcmp
Enter frobcmp
Enter frobcmp
Enter frobcmp
Enter frobcmp
Enter frobcmp
Enter frobcmp
Enter frobcmp
Enter frobcmp
Enter frobcmp
Enter frobcmp
Enter frobcmp
Enter frobcmp
Enter frobcmp
Enter frobcmp
Enter frobcmp
Enter frobcmp
Enter frobcmp
Enter frobcmp
Enter frobcmp
Enter frobcmp
Enter frobcmp
Enter frobcmp
Enter frobcmp
Enter frobcmp
Enter frobcmp
Enter frobcmp
Enter frobcmp
Enter frobcmp
Enter frobcmp
Enter frobcmp
Enter frobcmp
Enter frobcmp
Enter frobcmp
Enter frobcmp
Enter frobcmp
Enter frobcmp
Enter frobcmp
Enter frobcmp
Enter frobcmp
Enter frobcmp
Enter frobcmp
Enter frobcmp
Enter frobcmp
Enter frobcmp
Enter frobcmp
Enter frobcmp
Enter frobcmp
Enter frobcmp
Enter frobcmp
Enter frobcmp
Enter frobcmp
Enter frobcmp
Enter frobcmp
Enter frobcmp
Enter frobcmp
Enter frobcmp
Enter frobcmp
Enter frobcmp
Enter frobcmp
Enter frobcmp
Enter frobcmp
Enter frobcmp
Enter frobcmp
Enter frobcmp
Enter frobcmp
Enter frobcmp
Enter frobcmp
Enter frobcmp
Enter frobcmp
Enter frobcmp
Enter frobcmp
Enter frobcmp
Enter frobcmp
Enter frobcmp
Enter frobcmp
Enter frobcmp
Enter frobcmp
Enter frobcmp
Enter frobcmp
Enter frobcmp
Enter frobcmp
Enter frobcmp
Enter frobcmp
Enter frobcmp
Enter frobcmp
Enter frobcmp
Enter frobcmp
Enter frobcmp
Enter frobcmp
Enter frobcmp
Enter frobcmp
Enter frobcmp
Enter frobcmp
Enter frobcmp
Enter frobcmp
Enter frobcmp
Enter frobcmp
Enter frobcmp
Enter frobcmp
Enter frobcmp
Enter frobcmp
Enter frobcmp
Enter frobcmp
Enter frobcmp
Enter frobcmp
Enter frobcmp
Enter frobcmp
Enter frobcmp
Enter frobcmp
Enter frobcmp
Enter frobcmp
Enter frobcmp
Enter frobcmp
Enter frobcmp
Enter frobcmp
Enter frobcmp
Enter frobcmp
Enter frobcmp
Enter frobcmp
Enter frobcmp
Enter frobcmp
Enter frobcmp
Enter frobcmp
Enter frobcmp
Enter frobcmp
Enter frobcmp
Enter frobcmp
Enter frobcmp
Enter frobcmp
Enter frobcmp
Enter frobcmp
Enter frobcmp
Enter frobcmp
Enter frobcmp
Enter frobcmp
Enter frobcmp
Enter frobcmp
Enter frobcmp
Enter frobcmp
Enter frobcmp
Enter frobcmp
Enter frobcmp
Enter frobcmp
Enter frobcmp
Enter frobcmp
Enter frobcmp
Enter frobcmp
Enter frobcmp
Enter frobcmp
Enter frobcmp
Enter frobcmp
Enter frobcmp
Enter frobcmp
Enter frobcmp
Enter frobcmp
Enter frobcmp
Enter frobcmp
Enter frobcmp
Enter frobcmp
Enter frobcmp
Enter frobcmp
Enter frobcmp
Enter frobcmp
Enter frobcmp
Enter frobcmp
Enter frobcmp
Enter frobcmp
Enter frobcmp
Enter frobcmp
Enter frobcmp
Enter frobcmp
Enter frobcmp
Enter frobcmp
Enter frobcmp
Enter frobcmp
Enter frobcmp
Enter frobcmp
Enter frobcmp
Enter frobcmp
Enter frobcmp
Enter frobcmp
Enter frobcmp
Enter frobcmp
Enter frobcmp
Enter frobcmp
Enter frobcmp
Enter frobcmp
Enter frobcmp
Enter frobcmp
Enter frobcmp
Enter frobcmp
Enter frobcmp
Enter frobcmp
Enter frobcmp
Enter frobcmp
Enter frobcmp
Enter frobcmp
Enter frobcmp
Enter frobcmp
Enter frobcmp
Enter frobcmp
Enter frobcmp
Enter frobcmp
Enter frobcmp
Enter frobcmp
Enter frobcmp
Enter frobcmp
Enter frobcmp
Enter frobcmp
Enter frobcmp
Enter frobcmp
Enter frobcmp
Enter frobcmp
Enter frobcmp
Enter frobcmp
Enter frobcmp
Enter frobcmp
Enter frobcmp
Enter frobcmp
Enter frobcmp
Enter frobcmp
Enter frobcmp
Enter frobcmp
Enter frobcmp
Enter frobcmp
Enter frobcmp
Enter frobcmp
Enter frobcmp
Enter frobcmp
Enter frobcmp
Enter frobcmp
Enter frobcmp
Enter frobcmp
Enter frobcmp
Enter frobcmp
Enter frobcmp
Enter frobcmp
Enter frobcmp
Enter frobcmp
Enter frobcmp
Enter frobcmp
Enter frobcmp
Enter frobcmp
Enter frobcmp
Enter frobcmp
Enter frobcmp
Enter frobcmp
Enter frobcmp
Enter frobcmp
Enter frobcmp
Enter frobcmp
Enter frobcmp
Enter frobcmp
Enter frobcmp
Enter frobcmp
Enter frobcmp
Enter frobcmp
Enter frobcmp
Enter frobcmp
Enter frobcmp
Enter frobcmp
Enter frobcmp
Enter frobcmp
Enter frobcmp
Enter frobcmp
Enter frobcmp
Enter frobcmp
Enter frobcmp
Enter frobcmp
Enter frobcmp
Enter frobcmp
Enter frobcmp
Enter frobcmp
Enter frobcmp
Enter frobcmp
Enter frobcmp
Enter frobcmp
Enter frobcmp
Enter frobcmp
Enter frobcmp
Enter frobcmp
Enter frobcmp
Enter frobcmp
Enter frobcmp
Enter frobcmp
Enter frobcmp
Enter frobcmp
Enter frobcmp
Enter frobcmp
Enter frobcmp
Enter frobcmp
Enter frobcmp
Enter frobcmp
Enter frobcmp
Enter frobcmp
Enter frobcmp
Enter frobcmp
Enter frobcmp
Enter frobcmp
Enter frobcmp
Enter frobcmp
Enter frobcmp
Enter frobcmp
Enter frobcmp
Enter frobcmp
Enter frobcmp
Enter frobcmp
Enter frobcmp
Enter frobcmp
Enter frobcmp
Enter frobcmp
Enter frobcmp
Enter frobcmp
Enter frobcmp
Enter frobcmp
Enter frobcmp
Enter frobcmp
Enter frobcmp
Enter frobcmp
Enter frobcmp
Enter frobcmp
Enter frobcmp
Enter frobcmp
Enter frobcmp
Enter frobcmp
Enter frobcmp
Enter frobcmp
Enter frobcmp
Enter frobcmp
Enter frobcmp
Enter frobcmp
Enter frobcmp
Enter frobcmp
Enter frobcmp
Enter frobcmp
Enter frobcmp
Enter frobcmp
Enter frobcmp
Enter frobcmp
Enter frobcmp
Enter frobcmp
Enter frobcmp
Enter frobcmp
Enter frobcmp
Enter frobcmp
Enter frobcmp
Enter frobcmp
Enter frobcmp
Enter frobcmp
Enter frobcmp
Enter frobcmp
Enter frobcmp
Enter frobcmp
Enter frobcmp
Enter frobcmp
Enter frobcmp
Enter frobcmp
Enter frobcmp
Enter frobcmp
Enter frobcmp
Enter frobcmp
Enter frobcmp
Enter frobcmp
Enter frobcmp
Enter frobcmp
Enter frobcmp
Enter frobcmp
Enter frobcmp
Enter frobcmp
Enter frobcmp
Enter frobcmp
Enter frobcmp
Enter frobcmp
Enter frobcmp
Enter frobcmp
Enter frobcmp
Enter frobcmp
Enter frobcmp
Enter frobcmp
Enter frobcmp
Enter frobcmp
Enter frobcmp
Enter frobcmp
Enter frobcmp
Enter frobcmp
Enter frobcmp
Enter frobcmp
Enter frobcmp
Enter frobcmp
Enter frobcmp
Enter frobcmp
Enter frobcmp
Enter frobcmp
Enter frobcmp
Enter frobcmp
Enter frobcmp
Enter frobcmp
Enter frobcmp
Enter frobcmp
Enter frobcmp
Enter frobcmp
Enter frobcmp
Enter frobcmp
Enter frobcmp
Enter frobcmp
Enter frobcmp
Enter frobcmp
Enter frobcmp
Enter frobcmp
Enter frobcmp
Enter frobcmp
Enter frobcmp
Enter frobcmp
Enter frobcmp
Enter frobcmp
Enter frobcmp
Enter frobcmp
Enter frobcmp
Enter frobcmp
Enter frobcmp
Enter frobcmp
Enter frobcmp
Enter frobcmp
Enter frobcmp
Enter frobcmp
Enter frobcmp
Enter frobcmp
Enter frobcmp
Enter frobcmp
Enter frobcmp
Enter frobcmp
Enter frobcmp
Enter frobcmp
Enter frobcmp
Enter frobcmp
Enter frobcmp
Enter frobcmp
Enter frobcmp
Enter frobcmp
Enter frobcmp
Enter frobcmp
Enter frobcmp
Enter frobcmp
Enter frobcmp
Enter frobcmp
Enter frobcmp
Enter frobcmp
Enter frobcmp
Enter frobcmp
Enter frobcmp
Enter frobcmp
Enter frobcmp
Enter frobcmp
Enter frobcmp
Enter frobcmp
Enter frobcmp
Enter frobcmp
Enter frobcmp
Enter frobcmp
Enter frobcmp
Enter frobcmp
Enter frobcmp
Enter frobcmp
Enter frobcmp
Enter frobcmp
Enter frobcmp
Enter frobcmp
Enter frobcmp
Enter frobcmp
Enter frobcmp
Enter frobcmp
Enter frobcmp
Enter frobcmp
Enter frobcmp
Enter frobcmp
Enter frobcmp
Enter frobcmp
Enter frobcmp
Enter frobcmp
Enter frobcmp
Enter frobcmp
Enter frobcmp
Enter frobcmp
Enter frobcmp
Enter frobcmp
Enter frobcmp
Enter frobcmp
Enter frobcmp
Enter frobcmp
Enter frobcmp
Enter frobcmp
Enter frobcmp
Enter frobcmp
Enter frobcmp
Enter frobcmp
Enter frobcmp
Enter frobcmp
Enter frobcmp
Enter frobcmp
Enter frobcmp
Enter frobcmp
Enter frobcmp
Enter frobcmp
Enter frobcmp
Enter frobcmp
Enter frobcmp
Enter frobcmp
Enter frobcmp
Enter frobcmp
Enter frobcmp
Enter frobcmp
Enter frobcmp
Enter frobcmp
Enter frobcmp
Enter frobcmp
Enter frobcmp
Enter frobcmp
Enter frobcmp
Enter frobcmp
Enter frobcmp
Enter frobcmp
Enter frobcmp
Enter frobcmp
Enter frobcmp
Enter frobcmp
Enter frobcmp
Enter frobcmp
Enter frobcmp
Enter frobcmp
Enter frobcmp
Enter frobcmp
Enter frobcmp
Enter frobcmp
Enter frobcmp
Enter frobcmp
Enter frobcmp
Enter frobcmp
Enter frobcmp
Enter frobcmp
Enter frobcmp
Enter frobcmp
Enter frobcmp
Enter frobcmp
Enter frobcmp
Enter frobcmp
Enter frobcmp
Enter frobcmp
Enter frobcmp
Enter frobcmp
Enter frobcmp
Enter frobcmp
Enter frobcmp
Enter frobcmp
Enter frobcmp
Enter frobcmp
Enter frobcmp
Enter frobcmp
Enter frobcmp
Enter frobcmp
Enter frobcmp
Enter frobcmp
Enter frobcmp
Enter frobcmp
Enter frobcmp
Enter frobcmp
Enter frobcmp
Enter frobcmp
Enter frobcmp
Enter frobcmp
Enter frobcmp
Enter frobcmp
Enter frobcmp
Enter frobcmp
Enter frobcmp
Enter frobcmp
Enter frobcmp
Enter frobcmp
Enter frobcmp
Enter frobcmp
Enter frobcmp
Enter frobcmp
Enter frobcmp
Enter frobcmp
Enter frobcmp
Enter frobcmp
Enter frobcmp
Enter frobcmp
Enter frobcmp
Enter frobcmp
Enter frobcmp
Enter frobcmp
Enter frobcmp
Enter frobcmp
Enter frobcmp
Enter frobcmp
Enter frobcmp
Enter frobcmp
Enter frobcmp
Enter frobcmp
Enter frobcmp
Enter frobcmp
Enter frobcmp
Enter frobcmp
Enter frobcmp
Enter frobcmp
Enter frobcmp
Enter frobcmp
Enter frobcmp
Enter frobcmp
Enter frobcmp
Enter frobcmp
Enter frobcmp
Enter frobcmp
Enter frobcmp
Enter frobcmp
Enter frobcmp
Enter frobcmp
Enter frobcmp
Enter frobcmp
Enter frobcmp
Enter frobcmp
Enter frobcmp
Enter frobcmp
Enter frobcmp
Enter frobcmp
Enter frobcmp
Enter frobcmp
Enter frobcmp
Enter frobcmp
Enter frobcmp
Enter frobcmp
Enter frobcmp
Enter frobcmp
Enter frobcmp
Enter frobcmp
Enter frobcmp
Enter frobcmp
Enter frobcmp
Enter frobcmp
Enter frobcmp
Enter frobcmp
Enter frobcmp
Enter frobcmp
Enter frobcmp
Enter frobcmp
Enter frobcmp
Enter frobcmp
Enter frobcmp
Enter frobcmp
Enter frobcmp
Enter frobcmp
Enter frobcmp
Enter frobcmp
Enter frobcmp
Enter frobcmp
Enter frobcmp
Enter frobcmp
Enter frobcmp
Enter frobcmp
Enter frobcmp
Enter frobcmp
Enter frobcmp
Enter frobcmp
Enter frobcmp
Enter frobcmp
Enter frobcmp
Enter frobcmp
Enter frobcmp
Enter frobcmp
Enter frobcmp
Enter frobcmp
Enter frobcmp
Enter frobcmp
Enter frobcmp
Enter frobcmp
Enter frobcmp
Enter frobcmp
Enter frobcmp
Enter frobcmp
Enter frobcmp
Enter frobcmp
Enter frobcmp
Enter frobcmp
Enter frobcmp
Enter frobcmp
Enter frobcmp
Enter frobcmp
Enter frobcmp
Enter frobcmp
Enter frobcmp
Enter frobcmp
Enter frobcmp
Enter frobcmp
Enter frobcmp
Enter frobcmp
Enter frobcmp
Enter frobcmp
Enter frobcmp
Enter frobcmp
Enter frobcmp
Enter frobcmp
Enter frobcmp
Enter frobcmp
Enter frobcmp
Enter frobcmp
Enter frobcmp
Enter frobcmp
Enter frobcmp
Enter frobcmp
Enter frobcmp
Enter frobcmp
Enter frobcmp
Enter frobcmp
Enter frobcmp
Enter frobcmp
Enter frobcmp
Enter frobcmp
Enter frobcmp
Enter frobcmp
Enter frobcmp
Enter frobcmp
Enter frobcmp
Enter frobcmp
Enter frobcmp
Enter frobcmp
Enter frobcmp
Enter frobcmp
Enter frobcmp
Enter frobcmp
Enter frobcmp
Enter frobcmp
Enter frobcmp
Enter frobcmp
Enter frobcmp
Enter frobcmp
Enter frobcmp
Enter frobcmp
Enter frobcmp
Enter frobcmp
Enter frobcmp
Enter frobcmp
Enter frobcmp
Enter frobcmp
Enter frobcmp
Enter frobcmp
Enter frobcmp
Enter frobcmp
Enter frobcmp
Enter frobcmp
Enter frobcmp
Enter frobcmp
Enter frobcmp
Enter frobcmp
Enter frobcmp
Enter frobcmp
Enter frobcmp
Enter frobcmp
Enter frobcmp
Enter frobcmp
Enter frobcmp
Enter frobcmp
Enter frobcmp
Enter frobcmp
Enter frobcmp
Enter frobcmp
Enter frobcmp
Enter frobcmp
Enter frobcmp
Enter frobcmp
Enter frobcmp
Enter frobcmp
Enter frobcmp
Enter frobcmp
Enter frobcmp
Enter frobcmp
Enter frobcmp
Enter frobcmp
Enter frobcmp
Enter frobcmp
Enter frobcmp
Enter frobcmp
Enter frobcmp
Enter frobcmp
Enter frobcmp
Enter frobcmp
Enter frobcmp
Enter frobcmp
Enter frobcmp
Enter frobcmp
Enter frobcmp
Enter frobcmp
Enter frobcmp
Enter frobcmp
Enter frobcmp
Enter frobcmp
Enter frobcmp
Enter frobcmp
Enter frobcmp
Enter frobcmp
Enter frobcmp
Enter frobcmp
Enter frobcmp
Enter frobcmp
Enter frobcmp
Enter frobcmp
Enter frobcmp
Enter frobcmp
Enter frobcmp
Enter frobcmp
Enter frobcmp
Enter frobcmp
Enter frobcmp
Enter frobcmp
Enter frobcmp
Enter frobcmp
Enter frobcmp
Enter frobcmp
Enter frobcmp
Enter frobcmp
Enter frobcmp
Enter frobcmp
Enter frobcmp
Enter frobcmp
Enter frobcmp
Enter frobcmp
Enter frobcmp
Enter frobcmp
Enter frobcmp
Enter frobcmp
Enter frobcmp
Enter frobcmp
Enter frobcmp
Enter frobcmp
Enter frobcmp
Enter frobcmp
Enter frobcmp
Enter frobcmp
Enter frobcmp
Enter frobcmp
Enter frobcmp
Enter frobcmp
Enter frobcmp
Enter frobcmp
Enter frobcmp
Enter frobcmp
Enter frobcmp
Enter frobcmp
Enter frobcmp
Enter frobcmp
Enter frobcmp
Enter frobcmp
Enter frobcmp
Enter frobcmp
Enter frobcmp
Enter frobcmp
Enter frobcmp
Enter frobcmp
Enter frobcmp
Enter frobcmp
Enter frobcmp
Enter frobcmp
Enter frobcmp
Enter frobcmp
Enter frobcmp
Enter frobcmp
Enter frobcmp
Enter frobcmp
Enter frobcmp
Enter frobcmp
Enter frobcmp
Enter frobcmp
Enter frobcmp
Enter frobcmp
Enter frobcmp
Enter frobcmp
Enter frobcmp
Enter frobcmp
Enter frobcmp
Enter frobcmp
Enter frobcmp
Enter frobcmp
Enter frobcmp
Enter frobcmp
Enter frobcmp
Enter frobcmp
Enter frobcmp
Enter frobcmp
Enter frobcmp
Enter frobcmp
Enter frobcmp
Enter frobcmp
Enter frobcmp
Enter frobcmp
Enter frobcmp
Enter frobcmp
Enter frobcmp
Enter frobcmp
Enter frobcmp
Enter frobcmp
Enter frobcmp
Enter frobcmp
Enter frobcmp
Enter frobcmp
Enter frobcmp
Enter frobcmp
Enter frobcmp
Enter frobcmp
Enter frobcmp
Enter frobcmp
Enter frobcmp
Enter frobcmp
Enter frobcmp
Enter frobcmp
Enter frobcmp
Enter frobcmp
Enter frobcmp
Enter frobcmp
Enter frobcmp
Enter frobcmp
Enter frobcmp
Enter frobcmp
Enter frobcmp
Enter frobcmp
Enter frobcmp
Enter frobcmp
Enter frobcmp
Enter frobcmp
Enter frobcmp
Enter frobcmp
Enter frobcmp
Enter frobcmp
Enter frobcmp
Enter frobcmp
Enter frobcmp
Enter frobcmp
Enter frobcmp
Enter frobcmp
Enter frobcmp
Enter frobcmp
Enter frobcmp
Enter frobcmp
Enter frobcmp
Enter frobcmp
Enter frobcmp
Enter frobcmp
Enter frobcmp
Enter frobcmp
Enter frobcmp
Enter frobcmp
Enter frobcmp
Enter frobcmp
Enter frobcmp
Enter frobcmp
Enter frobcmp
Enter frobcmp
Enter frobcmp
Enter frobcmp
Enter frobcmp
Enter frobcmp
Enter frobcmp
Enter frobcmp
Enter frobcmp
Enter frobcmp
Enter frobcmp
Enter frobcmp
Enter frobcmp
Enter frobcmp
Enter frobcmp
Enter frobcmp
Enter frobcmp
Enter frobcmp
Enter frobcmp
Enter frobcmp
Enter frobcmp
Enter frobcmp
Enter frobcmp
Enter frobcmp
Enter frobcmp
Enter frobcmp
Enter frobcmp
Enter frobcmp
Enter frobcmp
Enter frobcmp
Enter frobcmp
Enter frobcmp
Enter frobcmp
Enter frobcmp
Enter frobcmp
Enter frobcmp
Enter frobcmp
Enter frobcmp
Enter frobcmp
Enter frobcmp
Enter frobcmp
Enter frobcmp
Enter frobcmp
Enter frobcmp
Enter frobcmp
Enter frobcmp
Enter frobcmp
Enter frobcmp
Enter frobcmp
Enter frobcmp
Enter frobcmp
Enter frobcmp
Enter frobcmp
Enter frobcmp
Enter frobcmp
Enter frobcmp
Enter frobcmp
Enter frobcmp
Enter frobcmp
Enter frobcmp
Enter frobcmp
Enter frobcmp
Enter frobcmp
Enter frobcmp
Enter frobcmp
Enter frobcmp
Enter frobcmp
Enter frobcmp
Enter frobcmp
Enter frobcmp
Enter frobcmp
Enter frobcmp
Enter frobcmp
Enter frobcmp
Enter frobcmp
Enter frobcmp
Enter frobcmp
Enter frobcmp
Enter frobcmp
Enter frobcmp
Enter frobcmp
Enter frobcmp
Enter frobcmp
Enter frobcmp
Enter frobcmp
Enter frobcmp
Enter frobcmp
Enter frobcmp
Enter frobcmp
Enter frobcmp
Enter frobcmp
Enter frobcmp
Enter frobcmp
Enter frobcmp
Enter frobcmp
Enter frobcmp
Enter frobcmp
Enter frobcmp
Enter frobcmp
Enter frobcmp
Enter frobcmp
Enter frobcmp
Enter frobcmp
Enter frobcmp
Enter frobcmp
Enter frobcmp
Enter frobcmp
Enter frobcmp
Enter frobcmp
Enter frobcmp
Enter frobcmp
Enter frobcmp
Enter frobcmp
Enter frobcmp
Enter frobcmp
Enter frobcmp
Enter frobcmp
Enter frobcmp
Enter frobcmp
Enter frobcmp
Enter frobcmp
Enter frobcmp
Enter frobcmp
Enter frobcmp
Enter frobcmp
Enter frobcmp
Enter frobcmp
Enter frobcmp
Enter frobcmp
Enter frobcmp
Enter frobcmp
Enter frobcmp
Enter frobcmp
Enter frobcmp
Enter frobcmp
Enter frobcmp
Enter frobcmp
Enter frobcmp
Enter frobcmp
Enter frobcmp
Enter frobcmp
Enter frobcmp
Enter frobcmp
Enter frobcmp
Enter frobcmp
Enter frobcmp
Enter frobcmp
Enter frobcmp
Enter frobcmp
Enter frobcmp
Enter frobcmp
Enter frobcmp
Enter frobcmp
Enter frobcmp
Enter frobcmp
Enter frobcmp
Enter frobcmp
Enter frobcmp
Enter frobcmp
Enter frobcmp
Enter frobcmp
Enter frobcmp
Enter frobcmp
Enter frobcmp
Enter frobcmp
Enter frobcmp
Enter frobcmp
Enter frobcmp
Enter frobcmp
Enter frobcmp
Enter frobcmp
Enter frobcmp
Enter frobcmp
Enter frobcmp
Enter frobcmp
Enter frobcmp
Enter frobcmp
Enter frobcmp
Enter frobcmp
Enter frobcmp
Enter frobcmp
Enter frobcmp
Enter frobcmp
Enter frobcmp
Enter frobcmp
Enter frobcmp
Enter frobcmp
Enter frobcmp
Enter frobcmp
Enter frobcmp
Enter frobcmp
Enter frobcmp
Enter frobcmp
Enter frobcmp
Enter frobcmp
Enter frobcmp
Enter frobcmp
Enter frobcmp
Enter frobcmp
Enter frobcmp
Enter frobcmp
Enter frobcmp
Enter frobcmp
Enter frobcmp
Enter frobcmp
Enter frobcmp
Enter frobcmp
Enter frobcmp
Enter frobcmp
Enter frobcmp
Enter frobcmp
Enter frobcmp
Enter frobcmp
Enter frobcmp
Enter frobcmp
Enter frobcmp
Enter frobcmp
Enter frobcmp
Enter frobcmp
Enter frobcmp
Enter frobcmp
Enter frobcmp
Enter frobcmp
Enter frobcmp
Enter frobcmp
Enter frobcmp
Enter frobcmp
Enter frobcmp
Enter frobcmp
Enter frobcmp
Enter frobcmp
Enter frobcmp
Enter frobcmp
Enter frobcmp
Enter frobcmp
Enter frobcmp
Enter frobcmp
Enter frobcmp
Enter frobcmp
Enter frobcmp
Enter frobcmp
Enter frobcmp
Enter frobcmp
Enter frobcmp
Enter frobcmp
Enter frobcmp
Enter frobcmp
Enter frobcmp
Enter frobcmp
Enter frobcmp
Enter frobcmp
Enter frobcmp
Enter frobcmp
Enter frobcmp
Enter frobcmp
Enter frobcmp
Enter frobcmp
Enter frobcmp
Enter frobcmp
Enter frobcmp
Enter frobcmp
Enter frobcmp
Enter frobcmp
Enter frobcmp
Enter frobcmp
Enter frobcmp
Enter frobcmp
Enter frobcmp
Enter frobcmp
Enter frobcmp
Enter frobcmp
Enter frobcmp
Enter frobcmp
Enter frobcmp
Enter frobcmp
Enter frobcmp
Enter frobcmp
Enter frobcmp
Enter frobcmp
Enter frobcmp
Enter frobcmp
Enter frobcmp
Enter frobcmp
Enter frobcmp
Enter frobcmp
Enter frobcmp
Enter frobcmp
Enter frobcmp
Enter frobcmp
Enter frobcmp
Enter frobcmp
Enter frobcmp
Enter frobcmp
Enter frobcmp
Enter frobcmp
Enter frobcmp
Enter frobcmp
Enter frobcmp
Enter frobcmp
Enter frobcmp
Enter frobcmp
Enter frobcmp
Enter frobcmp
Enter frobcmp
Enter frobcmp
Enter frobcmp
Enter frobcmp
Enter frobcmp
Enter frobcmp
Enter frobcmp
Enter frobcmp
Enter frobcmp
Enter frobcmp
Enter frobcmp
Enter frobcmp
Enter frobcmp
Enter frobcmp
Enter frobcmp
Enter frobcmp
Enter frobcmp
Enter frobcmp
Enter frobcmp
Enter frobcmp
Enter frobcmp
Enter frobcmp
Enter frobcmp
Enter frobcmp
Enter frobcmp
Enter frobcmp
Enter frobcmp
Enter frobcmp
Enter frobcmp
Enter frobcmp
Enter frobcmp
Enter frobcmp
Enter frobcmp
Enter frobcmp
Enter frobcmp
Enter frobcmp
Enter frobcmp
Enter frobcmp
Enter frobcmp
Enter frobcmp
Enter frobcmp
Enter frobcmp
Enter frobcmp
Enter frobcmp
Enter frobcmp
Enter frobcmp
Enter frobcmp
Enter frobcmp
Enter frobcmp
Enter frobcmp
Enter frobcmp
Enter frobcmp
Enter frobcmp
Enter frobcmp
Enter frobcmp
Enter frobcmp
Enter frobcmp
Enter frobcmp
Enter frobcmp
Enter frobcmp
Enter frobcmp
Enter frobcmp
Enter frobcmp
Enter frobcmp
Enter frobcmp
Enter frobcmp
Enter frobcmp
Enter frobcmp
Enter frobcmp
Enter frobcmp
Enter frobcmp
Enter frobcmp
Enter frobcmp
Enter frobcmp
Enter frobcmp
Enter frobcmp
Enter frobcmp
Enter frobcmp
Enter frobcmp
Enter frobcmp
Enter frobcmp
Enter frobcmp
Enter frobcmp
Enter frobcmp
Enter frobcmp
Enter frobcmp
Enter frobcmp
Enter frobcmp
Enter frobcmp
Enter frobcmp
Enter frobcmp
Enter frobcmp
Enter frobcmp
Enter frobcmp
Enter frobcmp
Enter frobcmp
Enter frobcmp
Enter frobcmp
Enter frobcmp
Enter frobcmp
Enter frobcmp
Enter frobcmp
Enter frobcmp
Enter frobcmp
Enter frobcmp
Enter frobcmp
Enter frobcmp
Enter frobcmp
Enter frobcmp
Enter frobcmp
Enter frobcmp
Enter frobcmp
Enter frobcmp
Enter frobcmp
Enter frobcmp
Enter frobcmp
Enter frobcmp
Enter frobcmp
Enter frobcmp
Enter frobcmp
Enter frobcmp
Enter frobcmp
Enter frobcmp
Enter frobcmp
Enter frobcmp
Enter frobcmp
Enter frobcmp
Enter frobcmp
Enter frobcmp
Enter frobcmp
Enter frobcmp
Enter frobcmp
Enter frobcmp
Enter frobcmp
Enter frobcmp
Enter frobcmp
Enter frobcmp
Enter frobcmp
Enter frobcmp
Enter frobcmp
Enter frobcmp
Enter frobcmp
Enter frobcmp
Enter frobcmp
Enter frobcmp
Enter frobcmp
Enter frobcmp
Enter frobcmp
Enter frobcmp
Enter frobcmp
Enter frobcmp
Enter frobcmp
Enter frobcmp
Enter frobcmp
Enter frobcmp
Enter frobcmp
Enter frobcmp
Enter frobcmp
Enter frobcmp
Enter frobcmp
Enter frobcmp
Enter frobcmp
Enter frobcmp
Enter frobcmp
Enter frobcmp
Enter frobcmp
Enter frobcmp
Enter frobcmp
Enter frobcmp
Enter frobcmp
Enter frobcmp
Enter frobcmp
Enter frobcmp
Enter frobcmp
Enter frobcmp
Enter frobcmp
Enter frobcmp
Enter frobcmp
Enter frobcmp
Enter frobcmp
Enter frobcmp
Enter frobcmp
Enter frobcmp
Enter frobcmp
Enter frobcmp
Enter frobcmp
Enter frobcmp
Enter frobcmp
Enter frobcmp
Enter frobcmp
Enter frobcmp
Enter frobcmp
Enter frobcmp
Enter frobcmp
Enter frobcmp
Enter frobcmp
Enter frobcmp
Enter frobcmp
Enter frobcmp
Enter frobcmp
Enter frobcmp
Enter frobcmp
Enter frobcmp
Enter frobcmp
Enter frobcmp
Enter frobcmp
Enter frobcmp
Enter frobcmp
Enter frobcmp
Enter frobcmp
Enter frobcmp
Enter frobcmp
Enter frobcmp
Enter frobcmp
Enter frobcmp
Enter frobcmp
Enter frobcmp
Enter frobcmp
Enter frobcmp
Enter frobcmp
Enter frobcmp
Enter frobcmp
Enter frobcmp
Enter frobcmp
Enter frobcmp
Enter frobcmp
Enter frobcmp
Enter frobcmp
Enter frobcmp
Enter frobcmp
Enter frobcmp
Enter frobcmp
Enter frobcmp
Enter frobcmp
Enter frobcmp
Enter frobcmp
Enter frobcmp
Enter frobcmp
Enter frobcmp
Enter frobcmp
Enter frobcmp
Enter frobcmp
Enter frobcmp
Enter frobcmp
Enter frobcmp
Enter frobcmp
Enter frobcmp
Enter frobcmp
Enter frobcmp
Enter frobcmp
Enter frobcmp
Enter frobcmp
Enter frobcmp
Enter frobcmp
Enter frobcmp
Enter frobcmp
Enter frobcmp
Enter frobcmp
Enter frobcmp
Enter frobcmp
Enter frobcmp
Enter frobcmp
Enter frobcmp
Enter frobcmp
Enter frobcmp
Enter frobcmp
Enter frobcmp
Enter frobcmp
Enter frobcmp
Enter frobcmp
Enter frobcmp
Enter frobcmp
Enter frobcmp
Enter frobcmp
Enter frobcmp
Enter frobcmp
Enter frobcmp
Enter frobcmp
Enter frobcmp
Enter frobcmp
Enter frobcmp
Enter frobcmp
Enter frobcmp
Enter frobcmp
Enter frobcmp
Enter frobcmp
Enter frobcmp
Enter frobcmp
Enter frobcmp
Enter frobcmp
Enter frobcmp
Enter frobcmp
Enter frobcmp
Enter frobcmp
Enter frobcmp
Enter frobcmp
Enter frobcmp
Enter frobcmp
Enter frobcmp
Enter frobcmp
Enter frobcmp
Enter frobcmp
Enter frobcmp
Enter frobcmp
Enter frobcmp
Enter frobcmp
Enter frobcmp
Enter frobcmp
Enter frobcmp
Enter frobcmp
Enter frobcmp
Enter frobcmp
Enter frobcmp
Enter frobcmp
Enter frobcmp
Enter frobcmp
Enter frobcmp
Enter frobcmp
Enter frobcmp
Enter frobcmp
Enter frobcmp
Enter frobcmp
Enter frobcmp
Enter frobcmp
Enter frobcmp
Enter frobcmp
Enter frobcmp
Enter frobcmp
Enter frobcmp
Enter frobcmp
Enter frobcmp
Enter frobcmp
Enter frobcmp
Enter frobcmp
Enter frobcmp
Enter frobcmp
Enter frobcmp
Enter frobcmp
Enter frobcmp
Enter frobcmp
Enter frobcmp
Enter frobcmp
Enter frobcmp
Enter frobcmp
Enter frobcmp
Enter frobcmp
Enter frobcmp
Enter frobcmp
Enter frobcmp
Enter frobcmp
Enter frobcmp
Enter frobcmp
Enter frobcmp
Enter frobcmp
Enter frobcmp
Enter frobcmp
Enter frobcmp
Enter frobcmp
Enter frobcmp
Enter frobcmp
Enter frobcmp
Enter frobcmp
Enter frobcmp
Enter frobcmp
Enter frobcmp
Enter frobcmp
Enter frobcmp
Enter frobcmp
Enter frobcmp
Enter frobcmp
Enter frobcmp
Enter frobcmp
Enter frobcmp
Enter frobcmp
Enter frobcmp
Enter frobcmp
Enter frobcmp
Enter frobcmp
Enter frobcmp
Enter frobcmp
Enter frobcmp
Enter frobcmp
Enter frobcmp
Enter frobcmp
Enter frobcmp
Enter frobcmp
Enter frobcmp
Enter frobcmp
Enter frobcmp
Enter frobcmp
Enter frobcmp
Enter frobcmp
Enter frobcmp
Enter frobcmp
Enter frobcmp
Enter frobcmp
Enter frobcmp
Enter frobcmp
Enter frobcmp
Enter frobcmp
Enter frobcmp
Enter frobcmp
Enter frobcmp
Enter frobcmp
Enter frobcmp
Enter frobcmp
Enter frobcmp
Enter frobcmp
Enter frobcmp
Enter frobcmp
Enter frobcmp
Enter frobcmp
Enter frobcmp
Enter frobcmp
Enter frobcmp
Enter frobcmp
Enter frobcmp
Enter frobcmp
Enter frobcmp
Enter frobcmp
Enter frobcmp
Enter frobcmp
Enter frobcmp
Enter frobcmp
Enter frobcmp
Enter frobcmp
Enter frobcmp
Enter frobcmp
Enter frobcmp
Enter frobcmp
Enter frobcmp
Enter frobcmp
Enter frobcmp
Enter frobcmp
Enter frobcmp
Enter frobcmp
Enter frobcmp
Enter frobcmp
Enter frobcmp
Enter frobcmp
Enter frobcmp
Enter frobcmp
Enter frobcmp
Enter frobcmp
Enter frobcmp
Enter frobcmp
Enter frobcmp
Enter frobcmp
Enter frobcmp
Enter frobcmp
Enter frobcmp
Enter frobcmp
Enter frobcmp
Enter frobcmp
Enter frobcmp
Enter frobcmp
Enter frobcmp
Enter frobcmp
Enter frobcmp
Enter frobcmp
Enter frobcmp
Enter frobcmp
Enter frobcmp
Enter frobcmp
Enter frobcmp
Enter frobcmp
Enter frobcmp
Enter frobcmp
Enter frobcmp
Enter frobcmp
Enter frobcmp
Enter frobcmp
Enter frobcmp
Enter frobcmp
Enter frobcmp
Enter frobcmp
Enter frobcmp
Enter frobcmp
Enter frobcmp
Enter frobcmp
Enter frobcmp
Enter frobcmp
Enter frobcmp
Enter frobcmp
Enter frobcmp
Enter frobcmp
Enter frobcmp
Enter frobcmp
Enter frobcmp
Enter frobcmp
Enter frobcmp
Enter frobcmp
Enter frobcmp
Enter frobcmp
Enter frobcmp
Enter frobcmp
Enter frobcmp
Enter frobcmp
Enter frobcmp
Enter frobcmp
Enter frobcmp
Enter frobcmp
Enter frobcmp
Enter frobcmp
Enter frobcmp
Enter frobcmp
Enter frobcmp
Enter frobcmp
Enter frobcmp
Enter frobcmp
Enter frobcmp
Enter frobcmp
Enter frobcmp
Enter frobcmp
Enter frobcmp
Enter frobcmp
Enter frobcmp
Enter frobcmp
Enter frobcmp
Enter frobcmp
Enter frobcmp
Enter frobcmp
Enter frobcmp
Enter frobcmp
Enter frobcmp
Enter frobcmp
Enter frobcmp
Enter frobcmp
Enter frobcmp
Enter frobcmp
Enter frobcmp
Enter frobcmp
Enter frobcmp
Enter frobcmp
Enter frobcmp
Enter frobcmp
Enter frobcmp
Enter frobcmp
Enter frobcmp
Enter frobcmp
Enter frobcmp
Enter frobcmp
Enter frobcmp
Enter frobcmp
Enter frobcmp
Enter frobcmp
Enter frobcmp
Enter frobcmp
Enter frobcmp
Enter frobcmp
Enter frobcmp
Enter frobcmp
Enter frobcmp
Enter frobcmp
Enter frobcmp
Enter frobcmp
Enter frobcmp
Enter frobcmp
Enter frobcmp
Enter frobcmp
Enter frobcmp
Enter frobcmp
Enter frobcmp
Enter frobcmp
Enter frobcmp
Enter frobcmp
Enter frobcmp
Enter frobcmp
Enter frobcmp
Enter frobcmp
Enter frobcmp
Enter frobcmp
Enter frobcmp
Enter frobcmp
Enter frobcmp
Enter frobcmp
Enter frobcmp
Enter frobcmp
Enter frobcmp
Enter frobcmp
Enter frobcmp
Enter frobcmp
Enter frobcmp
Enter frobcmp
Enter frobcmp
Enter frobcmp
Enter frobcmp
Enter frobcmp
Enter frobcmp
Enter frobcmp
Enter frobcmp
Enter frobcmp
Enter frobcmp
Enter frobcmp
Enter frobcmp
Enter frobcmp
Enter frobcmp
Enter frobcmp
Enter frobcmp
Enter frobcmp
Enter frobcmp
Enter frobcmp
Enter frobcmp
Enter frobcmp
Enter frobcmp
Enter frobcmp
Enter frobcmp
Enter frobcmp
Enter frobcmp
Enter frobcmp
Enter frobcmp
Enter frobcmp
Enter frobcmp
Enter frobcmp
Enter frobcmp
Enter frobcmp
Enter frobcmp
Enter frobcmp
Enter frobcmp
Enter frobcmp
Enter frobcmp
Enter frobcmp
Enter frobcmp
Enter frobcmp
Enter frobcmp
Enter frobcmp
Enter frobcmp
Enter frobcmp
Enter frobcmp
Enter frobcmp
Enter frobcmp
Enter frobcmp
Enter frobcmp
Enter frobcmp
Enter frobcmp
Enter frobcmp
Enter frobcmp
Enter frobcmp
Enter frobcmp
Enter frobcmp
Enter frobcmp
Enter frobcmp
Enter frobcmp
Enter frobcmp
Enter frobcmp
Enter frobcmp
Enter frobcmp
Enter frobcmp
Enter frobcmp
Enter frobcmp
Enter frobcmp
Enter frobcmp
Enter frobcmp
Enter frobcmp
Enter frobcmp
Enter frobcmp
Enter frobcmp
Enter frobcmp
Enter frobcmp
Enter frobcmp
Enter frobcmp
Enter frobcmp
Enter frobcmp
Enter frobcmp
Enter frobcmp
Enter frobcmp
Enter frobcmp
Enter frobcmp
Enter frobcmp
Enter frobcmp
Enter frobcmp
Enter frobcmp
Enter frobcmp
Enter frobcmp
Enter frobcmp
Enter frobcmp
Enter frobcmp
Enter frobcmp
Enter frobcmp
Enter frobcmp
Enter frobcmp
Enter frobcmp
Enter frobcmp
Enter frobcmp
Enter frobcmp
Enter frobcmp
Enter frobcmp
Enter frobcmp
Enter frobcmp
Enter frobcmp
Enter frobcmp
Enter frobcmp
Enter frobcmp
Enter frobcmp
Enter frobcmp
Enter frobcmp
Enter frobcmp
Enter frobcmp
Enter frobcmp
Enter frobcmp
Enter frobcmp
Enter frobcmp
Enter frobcmp
Enter frobcmp
Enter frobcmp
Enter frobcmp
Enter frobcmp
Enter frobcmp
Enter frobcmp
Enter frobcmp
Enter frobcmp
Enter frobcmp
Enter frobcmp
Enter frobcmp
Enter frobcmp
Enter frobcmp
Enter frobcmp
Enter frobcmp
Enter frobcmp
Enter frobcmp
Enter frobcmp
Enter frobcmp
Enter frobcmp
Enter frobcmp
Enter frobcmp
Enter frobcmp
Enter frobcmp
Enter frobcmp
Enter frobcmp
Enter frobcmp
Enter frobcmp
Enter frobcmp
Enter frobcmp
Enter frobcmp
Enter frobcmp
Enter frobcmp
Enter frobcmp
Enter frobcmp
Enter frobcmp
Enter frobcmp
Enter frobcmp
Enter frobcmp
Enter frobcmp
Enter frobcmp
Enter frobcmp
Enter frobcmp
Enter frobcmp
Enter frobcmp
Enter frobcmp
Enter frobcmp
Enter frobcmp
Enter frobcmp
Enter frobcmp
Enter frobcmp
Enter frobcmp
Enter frobcmp
Enter frobcmp
Enter frobcmp
Enter frobcmp
Enter frobcmp
Enter frobcmp
Enter frobcmp
Enter frobcmp
Enter frobcmp
Enter frobcmp
Enter frobcmp
Enter frobcmp
Enter frobcmp
Enter frobcmp
Enter frobcmp
Enter frobcmp
Enter frobcmp
Enter frobcmp
Enter frobcmp
Enter frobcmp
Enter frobcmp
Enter frobcmp
Enter frobcmp
Enter frobcmp
Enter frobcmp
Enter frobcmp
Enter frobcmp
Enter frobcmp
Enter frobcmp
Enter frobcmp
Enter frobcmp
Enter frobcmp
Enter frobcmp
Enter frobcmp
Enter frobcmp
Enter frobcmp
Enter frobcmp
Enter frobcmp
Enter frobcmp
Enter frobcmp
Enter frobcmp
Enter frobcmp
Enter frobcmp
Enter frobcmp
Enter frobcmp
Enter frobcmp
Enter frobcmp
Enter frobcmp
Enter frobcmp
Enter frobcmp
Enter frobcmp
Enter frobcmp
Enter frobcmp
Enter frobcmp
Enter frobcmp
Enter frobcmp
Enter frobcmp
Enter frobcmp
Enter frobcmp
Enter frobcmp
Enter frobcmp
Enter frobcmp
Enter frobcmp
Enter frobcmp
Enter frobcmp
Enter frobcmp
Enter frobcmp
Enter frobcmp
Enter frobcmp
Enter frobcmp
Enter frobcmp
Enter frobcmp
Enter frobcmp
Enter frobcmp
Enter frobcmp
Enter frobcmp
Enter frobcmp
Enter frobcmp
Enter frobcmp
Enter frobcmp
Enter frobcmp
Enter frobcmp
Enter frobcmp
Enter frobcmp
Enter frobcmp
Enter frobcmp
Enter frobcmp
Enter frobcmp
Enter frobcmp
Enter frobcmp
Enter frobcmp
Enter frobcmp
Enter frobcmp
Enter frobcmp
Enter frobcmp
Enter frobcmp
Enter frobcmp
Enter frobcmp
Enter frobcmp
Enter frobcmp
Enter frobcmp
Enter frobcmp
Enter frobcmp
Enter frobcmp
Enter frobcmp
Enter frobcmp
Enter frobcmp
Enter frobcmp
Enter frobcmp
Enter frobcmp
Enter frobcmp
Enter frobcmp
Enter frobcmp
Enter frobcmp
Enter frobcmp
Enter frobcmp
Enter frobcmp
Enter frobcmp
Enter frobcmp
Enter frobcmp
Enter frobcmp
Enter frobcmp
Enter frobcmp
Enter frobcmp
Enter frobcmp
Enter frobcmp
Enter frobcmp
Enter frobcmp
Enter frobcmp
Enter frobcmp
Enter frobcmp
Enter frobcmp
Enter frobcmp
Enter frobcmp
Enter frobcmp
Enter frobcmp
Enter frobcmp
Enter frobcmp
Enter frobcmp
Enter frobcmp
Enter frobcmp
Enter frobcmp
Enter frobcmp
Enter frobcmp
Enter frobcmp
Enter frobcmp
Enter frobcmp
Enter frobcmp
Enter frobcmp
Enter frobcmp
Enter frobcmp
Enter frobcmp
Enter frobcmp
Enter frobcmp
Enter frobcmp
Enter frobcmp
Enter frobcmp
Enter frobcmp
Enter frobcmp
Enter frobcmp
Enter frobcmp
Enter frobcmp
Enter frobcmp
Enter frobcmp
Enter frobcmp
Enter frobcmp
Enter frobcmp
Enter frobcmp
Enter frobcmp
Enter frobcmp
Enter frobcmp
Enter frobcmp
Enter frobcmp
Enter frobcmp
Enter frobcmp
Enter frobcmp
Enter frobcmp
Enter frobcmp
Enter frobcmp
Enter frobcmp
Enter frobcmp
Enter frobcmp
Enter frobcmp
Enter frobcmp
Enter frobcmp
Enter frobcmp
Enter frobcmp
Enter frobcmp
Enter frobcmp
Enter frobcmp
Enter frobcmp
Enter frobcmp
Enter frobcmp
Enter frobcmp
Enter frobcmp
Enter frobcmp
Enter frobcmp
Enter frobcmp
Enter frobcmp
Enter frobcmp
Enter frobcmp
Enter frobcmp
Enter frobcmp
Enter frobcmp
Enter frobcmp
Enter frobcmp
Enter frobcmp
Enter frobcmp
Enter frobcmp
Enter frobcmp
Enter frobcmp
Enter frobcmp
Enter frobcmp
Enter frobcmp
Enter frobcmp
Enter frobcmp
Enter frobcmp
Enter frobcmp
Enter frobcmp
Enter frobcmp
Enter frobcmp
Enter frobcmp
Enter frobcmp
Enter frobcmp
Enter frobcmp
Enter frobcmp
Enter frobcmp
Enter frobcmp
Enter frobcmp
Enter frobcmp
Enter frobcmp
Enter frobcmp
Enter frobcmp
Enter frobcmp
Enter frobcmp
Enter frobcmp
Enter frobcmp
Enter frobcmp
Enter frobcmp
Enter frobcmp
Enter frobcmp
Enter frobcmp
Enter frobcmp
Enter frobcmp
Enter frobcmp
Enter frobcmp
Enter frobcmp
Enter frobcmp
Enter frobcmp
Enter frobcmp
Enter frobcmp
Enter frobcmp
Enter frobcmp
Enter frobcmp
Enter frobcmp
Enter frobcmp
Enter frobcmp
Enter frobcmp
Enter frobcmp
Enter frobcmp
Enter frobcmp
Enter frobcmp
Enter frobcmp
Enter frobcmp
Enter frobcmp
Enter frobcmp
Enter frobcmp
Enter frobcmp
Enter frobcmp
Enter frobcmp
Enter frobcmp
Enter frobcmp
Enter frobcmp
Enter frobcmp
Enter frobcmp
Enter frobcmp
Enter frobcmp
Enter frobcmp
Enter frobcmp
Enter frobcmp
Enter frobcmp
Enter frobcmp
Enter frobcmp
Enter frobcmp
Enter frobcmp
Enter frobcmp
Enter frobcmp
Enter frobcmp
Enter frobcmp
Enter frobcmp
Enter frobcmp
Enter frobcmp
Enter frobcmp
Enter frobcmp
Enter frobcmp
Enter frobcmp
Enter frobcmp
Enter frobcmp
Enter frobcmp
Enter frobcmp
Enter frobcmp
Enter frobcmp
Enter frobcmp
Enter frobcmp
Enter frobcmp
Enter frobcmp
Enter frobcmp
Enter frobcmp
Enter frobcmp
Enter frobcmp
Enter frobcmp
Enter frobcmp
Enter frobcmp
Enter frobcmp
Enter frobcmp
Enter frobcmp
Enter frobcmp
Enter frobcmp
Enter frobcmp
Enter frobcmp
Enter frobcmp
Enter frobcmp
Enter frobcmp
Enter frobcmp
Enter frobcmp
Enter frobcmp
Enter frobcmp
Enter frobcmp
Enter frobcmp
Enter frobcmp
Enter frobcmp
Enter frobcmp
Enter frobcmp
Enter frobcmp
Enter frobcmp
Enter frobcmp
Enter frobcmp
Enter frobcmp
Enter frobcmp
Enter frobcmp
Enter frobcmp
Enter frobcmp
Enter frobcmp
Enter frobcmp
Enter frobcmp
Enter frobcmp
Enter frobcmp
Enter frobcmp
Enter frobcmp
Enter frobcmp
Enter frobcmp
Enter frobcmp
Enter frobcmp
Enter frobcmp
Enter frobcmp
Enter frobcmp
Enter frobcmp
Enter frobcmp
Enter frobcmp
Enter frobcmp
Enter frobcmp
Enter frobcmp
Enter frobcmp
Enter frobcmp
Enter frobcmp
Enter frobcmp
Enter frobcmp
Enter frobcmp
Enter frobcmp
Enter frobcmp
Enter frobcmp
Enter frobcmp
Enter frobcmp
Enter frobcmp
Enter frobcmp
Enter frobcmp
Enter frobcmp
Enter frobcmp
Enter frobcmp
Enter frobcmp
Enter frobcmp
Enter frobcmp
Enter frobcmp
Enter frobcmp
Enter frobcmp
Enter frobcmp
Enter frobcmp
Enter frobcmp
Enter frobcmp
Enter frobcmp
Enter frobcmp
Enter frobcmp
Enter frobcmp
Enter frobcmp
Enter frobcmp
Enter frobcmp
Enter frobcmp
Enter frobcmp
Enter frobcmp
Enter frobcmp
Enter frobcmp
Enter frobcmp
Enter frobcmp
Enter frobcmp
Enter frobcmp
Enter frobcmp
Enter frobcmp
Enter frobcmp
Enter frobcmp
Enter frobcmp
Enter frobcmp
Enter frobcmp
Enter frobcmp
Enter frobcmp
Enter frobcmp
Enter frobcmp
Enter frobcmp
Enter frobcmp
Enter frobcmp
Enter frobcmp
Enter frobcmp
Enter frobcmp
Enter frobcmp
Enter frobcmp
Enter frobcmp
Enter frobcmp
Enter frobcmp
Enter frobcmp
Enter frobcmp
Enter frobcmp
Enter frobcmp
Enter frobcmp
Enter frobcmp
Enter frobcmp
Enter frobcmp
Enter frobcmp
Enter frobcmp
Enter frobcmp
Enter frobcmp
Enter frobcmp
Enter frobcmp
Enter frobcmp
Enter frobcmp
Enter frobcmp
Enter frobcmp
Enter frobcmp
Enter frobcmp
Enter frobcmp
Enter frobcmp
Enter frobcmp
Enter frobcmp
Enter frobcmp
Enter frobcmp
Enter frobcmp
Enter frobcmp
Enter frobcmp
Enter frobcmp
Enter frobcmp
Enter frobcmp
Enter frobcmp
Enter frobcmp
Enter frobcmp
Enter frobcmp
Enter frobcmp
Enter frobcmp
Enter frobcmp
Enter frobcmp
Enter frobcmp
Enter frobcmp
Enter frobcmp
Enter frobcmp
Enter frobcmp
Enter frobcmp
Enter frobcmp
Enter frobcmp
Enter frobcmp
Enter frobcmp
Enter frobcmp
Enter frobcmp
Enter frobcmp
Enter frobcmp
Enter frobcmp
Enter frobcmp
Enter frobcmp
Enter frobcmp
Enter frobcmp
Enter frobcmp
Enter frobcmp
Enter frobcmp
Enter frobcmp
Enter frobcmp
Enter frobcmp
Enter frobcmp
Enter frobcmp
Enter frobcmp
Enter frobcmp
Enter frobcmp
Enter frobcmp
Enter frobcmp
Enter frobcmp
Enter frobcmp
Enter frobcmp
Enter frobcmp
Enter frobcmp
Enter frobcmp
Enter frobcmp
Enter frobcmp
Enter frobcmp
Enter frobcmp
Enter frobcmp
Enter frobcmp
Enter frobcmp
Enter frobcmp
Enter frobcmp
Enter frobcmp
Enter frobcmp
Enter frobcmp
Enter frobcmp
Enter frobcmp
Enter frobcmp
Enter frobcmp
Enter frobcmp
Enter frobcmp
Enter frobcmp
Enter frobcmp
Enter frobcmp
Enter frobcmp
Enter frobcmp
Enter frobcmp
Enter frobcmp
Enter frobcmp
Enter frobcmp
Enter frobcmp
Enter frobcmp
Enter frobcmp
Enter frobcmp
Enter frobcmp
Enter frobcmp
Enter frobcmp
Enter frobcmp
Enter frobcmp
Enter frobcmp
Enter frobcmp
Enter frobcmp
Enter frobcmp
Enter frobcmp
Enter frobcmp
Enter frobcmp
Enter frobcmp
Enter frobcmp
Enter frobcmp
Enter frobcmp
Enter frobcmp
Enter frobcmp
Enter frobcmp
Enter frobcmp
Enter frobcmp
Enter frobcmp
Enter frobcmp
Enter frobcmp
Enter frobcmp
Enter frobcmp
Enter frobcmp
Enter frobcmp
Enter frobcmp
Enter frobcmp
Enter frobcmp
Enter frobcmp
Enter frobcmp
Enter frobcmp
Enter frobcmp
Enter frobcmp
Enter frobcmp
Enter frobcmp
Enter frobcmp
Enter frobcmp
Enter frobcmp
Enter frobcmp
Enter frobcmp
Enter frobcmp
Enter frobcmp
Enter frobcmp
Enter frobcmp
Enter frobcmp
Enter frobcmp
Enter frobcmp
Enter frobcmp
Enter frobcmp
Enter frobcmp
Enter frobcmp
Enter frobcmp
Enter frobcmp
Enter frobcmp
Enter frobcmp
Enter frobcmp
Enter frobcmp
Enter frobcmp
Enter frobcmp
Enter frobcmp
Enter frobcmp
Enter frobcmp
Enter frobcmp
Enter frobcmp
Enter frobcmp
Enter frobcmp
Enter frobcmp
Enter frobcmp
Enter frobcmp
Enter frobcmp
Enter frobcmp
Enter frobcmp
Enter frobcmp
Enter frobcmp
Enter frobcmp
Enter frobcmp
Enter frobcmp
Enter frobcmp
Enter frobcmp
Enter frobcmp
Enter frobcmp
Enter frobcmp
Enter frobcmp
Enter frobcmp
Enter frobcmp
Enter frobcmp
Enter frobcmp
Enter frobcmp
Enter frobcmp
Enter frobcmp
Enter frobcmp
Enter frobcmp
Enter frobcmp
Enter frobcmp
Enter frobcmp
Enter frobcmp
Enter frobcmp
Enter frobcmp
Enter frobcmp
Enter frobcmp
Enter frobcmp
Enter frobcmp
Enter frobcmp
Enter frobcmp
Enter frobcmp
Enter frobcmp
Enter frobcmp
Enter frobcmp
Enter frobcmp
Enter frobcmp
Enter frobcmp
Enter frobcmp
Enter frobcmp
Enter frobcmp
Enter frobcmp
Enter frobcmp
Enter frobcmp
Enter frobcmp
Enter frobcmp
Enter frobcmp
Enter frobcmp
Enter frobcmp
Enter frobcmp
Enter frobcmp
Enter frobcmp
Enter frobcmp
Enter frobcmp
Enter frobcmp
Enter frobcmp
Enter frobcmp
Enter frobcmp
Enter frobcmp
Enter frobcmp
Enter frobcmp
Enter frobcmp
Enter frobcmp
Enter frobcmp
Enter frobcmp
Enter frobcmp
Enter frobcmp
Enter frobcmp
Enter frobcmp
Enter frobcmp
Enter frobcmp
Enter frobcmp
Enter frobcmp
Enter frobcmp
Enter frobcmp
Enter frobcmp
Enter frobcmp
Enter frobcmp
Enter frobcmp
Enter frobcmp
Enter frobcmp
Enter frobcmp
Enter frobcmp
Enter frobcmp
Enter frobcmp
Enter frobcmp
Enter frobcmp
Enter frobcmp
Enter frobcmp
Enter frobcmp
Enter frobcmp
Enter frobcmp
Enter frobcmp
Enter frobcmp
Enter frobcmp
Enter frobcmp
Enter frobcmp
Enter frobcmp
Enter frobcmp
Enter frobcmp
Enter frobcmp
Enter frobcmp
Enter frobcmp
Enter frobcmp
Enter frobcmp
Enter frobcmp
Enter frobcmp
Enter frobcmp
Enter frobcmp
Enter frobcmp
Enter frobcmp
Enter frobcmp
Enter frobcmp
Enter frobcmp
Enter frobcmp
Enter frobcmp
Enter frobcmp
Enter frobcmp
Enter frobcmp
Enter frobcmp
Enter frobcmp
Enter frobcmp
Enter frobcmp
Enter frobcmp
Enter frobcmp
Enter frobcmp
Enter frobcmp
Enter frobcmp
Enter frobcmp
Enter frobcmp
Enter frobcmp
Enter frobcmp
Enter frobcmp
Enter frobcmp
Enter frobcmp
Enter frobcmp
Enter frobcmp
Enter frobcmp
Enter frobcmp
Enter frobcmp
Enter frobcmp
Enter frobcmp
Enter frobcmp
Enter frobcmp
Enter frobcmp
Enter frobcmp
Enter frobcmp
Enter frobcmp
Enter frobcmp
Enter frobcmp
Enter frobcmp
Enter frobcmp
Enter frobcmp
Enter frobcmp
Enter frobcmp
Enter frobcmp
Enter frobcmp
Enter frobcmp
Enter frobcmp
Enter frobcmp
Enter frobcmp
Enter frobcmp
Enter frobcmp
Enter frobcmp
Enter frobcmp
Enter frobcmp
Enter frobcmp
Enter frobcmp
Enter frobcmp
Enter frobcmp
Enter frobcmp
Enter frobcmp
Enter frobcmp
Enter frobcmp
Enter frobcmp
Enter frobcmp
Enter frobcmp
Enter frobcmp
Enter frobcmp
Enter frobcmp
Enter frobcmp
Enter frobcmp
Enter frobcmp
Enter frobcmp
Enter frobcmp
Enter frobcmp
Enter frobcmp
Enter frobcmp
Enter frobcmp
Enter frobcmp
Enter frobcmp
Enter frobcmp
Enter frobcmp
Enter frobcmp
Enter frobcmp
Enter frobcmp
Enter frobcmp
Enter frobcmp
Enter frobcmp
Enter frobcmp
Enter frobcmp
Enter frobcmp
Enter frobcmp
Enter frobcmp
Enter frobcmp
Enter frobcmp
Enter frobcmp
Enter frobcmp
Enter frobcmp
Enter frobcmp
Enter frobcmp
Enter frobcmp
Enter frobcmp
Enter frobcmp
Enter frobcmp
Enter frobcmp
Enter frobcmp
Enter frobcmp
Enter frobcmp
Enter frobcmp
Enter frobcmp
Enter frobcmp
Enter frobcmp
Enter frobcmp
Enter frobcmp
Enter frobcmp
Enter frobcmp
Enter frobcmp
Enter frobcmp
Enter frobcmp
Enter frobcmp
Enter frobcmp
Enter frobcmp
Enter frobcmp
Enter frobcmp
Enter frobcmp
Enter frobcmp
Enter frobcmp
Enter frobcmp
Enter frobcmp
Enter frobcmp
Enter frobcmp
Enter frobcmp
Enter frobcmp
Enter frobcmp
Enter frobcmp
Enter frobcmp
Enter frobcmp
Enter frobcmp
Enter frobcmp
Enter frobcmp
Enter frobcmp
Enter frobcmp
Enter frobcmp
Enter frobcmp
Enter frobcmp
Enter frobcmp
Enter frobcmp
Enter frobcmp
Enter frobcmp
Enter frobcmp
Enter frobcmp
Enter frobcmp
Enter frobcmp
Enter frobcmp
Enter frobcmp
Enter frobcmp
Enter frobcmp
Enter frobcmp
Enter frobcmp
Enter frobcmp
Enter frobcmp
Enter frobcmp
Enter frobcmp
Enter frobcmp
Enter frobcmp
Enter frobcmp
Enter frobcmp
Enter frobcmp
Enter frobcmp
Enter frobcmp
Enter frobcmp
Enter frobcmp
Enter frobcmp
Enter frobcmp
Enter frobcmp
Enter frobcmp
Enter frobcmp
Enter frobcmp
Enter frobcmp
Enter frobcmp
Enter frobcmp
Enter frobcmp
Enter frobcmp
Enter frobcmp
Enter frobcmp
Enter frobcmp
Enter frobcmp
Enter frobcmp
Enter frobcmp
Enter frobcmp
Enter frobcmp
Enter frobcmp
Enter frobcmp
Enter frobcmp
Enter frobcmp
Enter frobcmp
Enter frobcmp
Enter frobcmp
Enter frobcmp
Enter frobcmp
Enter frobcmp
Enter frobcmp
Enter frobcmp
Enter frobcmp
Enter frobcmp
Enter frobcmp
Enter frobcmp
Enter frobcmp
Enter frobcmp
Enter frobcmp
Enter frobcmp
Enter frobcmp
Enter frobcmp
Enter frobcmp
Enter frobcmp
Enter frobcmp
Enter frobcmp
Enter frobcmp
Enter frobcmp
Enter frobcmp
Enter frobcmp
Enter frobcmp
Enter frobcmp
Enter frobcmp
Enter frobcmp
Enter frobcmp
Enter frobcmp
Enter frobcmp
Enter frobcmp
Enter frobcmp
Enter frobcmp
Enter frobcmp
Enter frobcmp
Enter frobcmp
Enter frobcmp
Enter frobcmp
Enter frobcmp
Enter frobcmp
Enter frobcmp
Enter frobcmp
Enter frobcmp
Enter frobcmp
Enter frobcmp
Enter frobcmp
Enter frobcmp
Enter frobcmp
Enter frobcmp
Enter frobcmp
Enter frobcmp
Enter frobcmp
Enter frobcmp
Enter frobcmp
Enter frobcmp
Enter frobcmp
Enter frobcmp
Enter frobcmp
Enter frobcmp
Enter frobcmp
Enter frobcmp
Enter frobcmp
Enter frobcmp
Enter frobcmp
Enter frobcmp
Enter frobcmp
Enter frobcmp
Enter frobcmp
Enter frobcmp
Enter frobcmp
Enter frobcmp
Enter frobcmp
Enter frobcmp
Enter frobcmp
Enter frobcmp
Enter frobcmp
Enter frobcmp
Enter frobcmp
Enter frobcmp
Enter frobcmp
Enter frobcmp
Enter frobcmp
Enter frobcmp
Enter frobcmp
Enter frobcmp
Enter frobcmp
Enter frobcmp
Enter frobcmp
Enter frobcmp
Enter frobcmp
Enter frobcmp
Enter frobcmp
Enter frobcmp
Enter frobcmp
Enter frobcmp
Enter frobcmp
Enter frobcmp
Enter frobcmp
Enter frobcmp
Enter frobcmp
Enter frobcmp
Enter frobcmp
Enter frobcmp
Enter frobcmp
Enter frobcmp
Enter frobcmp
Enter frobcmp
Enter frobcmp
Enter frobcmp
Enter frobcmp
Enter frobcmp
Enter frobcmp
Enter frobcmp
Enter frobcmp
Enter frobcmp
Enter frobcmp
Enter frobcmp
Enter frobcmp
Enter frobcmp
Enter frobcmp
Enter frobcmp
Enter frobcmp
Enter frobcmp
Enter frobcmp
Enter frobcmp
Enter frobcmp
Enter frobcmp
Enter frobcmp
Enter frobcmp
Enter frobcmp
Enter frobcmp
Enter frobcmp
Enter frobcmp
Enter frobcmp
Enter frobcmp
Enter frobcmp
Enter frobcmp
Enter frobcmp
Enter frobcmp
Enter frobcmp
Enter frobcmp
Enter frobcmp
Enter frobcmp
Enter frobcmp
Enter frobcmp
Enter frobcmp
Enter frobcmp
Enter frobcmp
Enter frobcmp
Enter frobcmp
Enter frobcmp
Enter frobcmp
Enter frobcmp
Enter frobcmp
Enter frobcmp
Enter frobcmp
Enter frobcmp
Enter frobcmp
Enter frobcmp
Enter frobcmp
Enter frobcmp
Enter frobcmp
Enter frobcmp
Enter frobcmp
Enter frobcmp
Enter frobcmp
Enter frobcmp
Enter frobcmp
Enter frobcmp
Enter frobcmp
Enter frobcmp
Enter frobcmp
Enter frobcmp
Enter frobcmp
Enter frobcmp
Enter frobcmp
Enter frobcmp
Enter frobcmp
Enter frobcmp
Enter frobcmp
Enter frobcmp
Enter frobcmp
Enter frobcmp
Enter frobcmp
Enter frobcmp
Enter frobcmp
Enter frobcmp
Enter frobcmp
Enter frobcmp
Enter frobcmp
Enter frobcmp
Enter frobcmp
Enter frobcmp
Enter frobcmp
Enter frobcmp
Enter frobcmp
Enter frobcmp
Enter frobcmp
Enter frobcmp
Enter frobcmp
Enter frobcmp
Enter frobcmp
Enter frobcmp
Enter frobcmp
Enter frobcmp
Enter frobcmp
Enter frobcmp
Enter frobcmp
Enter frobcmp
Enter frobcmp
Enter frobcmp
Enter frobcmp
Enter frobcmp
Enter frobcmp
Enter frobcmp
Enter frobcmp
Enter frobcmp
Enter frobcmp
Enter frobcmp
Enter frobcmp
Enter frobcmp
Enter frobcmp
Enter frobcmp
Enter frobcmp
Enter frobcmp
Enter frobcmp
Enter frobcmp
Enter frobcmp
Enter frobcmp
Enter frobcmp
Enter frobcmp
Enter frobcmp
Enter frobcmp
Enter frobcmp
Enter frobcmp
Enter frobcmp
Enter frobcmp
Enter frobcmp
Enter frobcmp
Enter frobcmp
Enter frobcmp
Enter frobcmp
Enter frobcmp
Enter frobcmp
Enter frobcmp
Enter frobcmp
Enter frobcmp
Enter frobcmp
Enter frobcmp
Enter frobcmp
Enter frobcmp
Enter frobcmp
Enter frobcmp
Enter frobcmp
Enter frobcmp
Enter frobcmp
Enter frobcmp
Enter frobcmp
Enter frobcmp
Enter frobcmp
Enter frobcmp
Enter frobcmp
Enter frobcmp
Enter frobcmp
Enter frobcmp
Enter frobcmp
Enter frobcmp
Enter frobcmp
Enter frobcmp
Enter frobcmp
Enter frobcmp
Enter frobcmp
Enter frobcmp
Enter frobcmp
Enter frobcmp
Enter frobcmp
Enter frobcmp
Enter frobcmp
Enter frobcmp
Enter frobcmp
Enter frobcmp
Enter frobcmp
Enter frobcmp
Enter frobcmp
Enter frobcmp
Enter frobcmp
Enter frobcmp
Enter frobcmp
Enter frobcmp
Enter frobcmp
Enter frobcmp
Enter frobcmp
Enter frobcmp
Enter frobcmp
Enter frobcmp
Enter frobcmp
Enter frobcmp
Enter frobcmp
Enter frobcmp
Enter frobcmp
Enter frobcmp
Enter frobcmp
Enter frobcmp
Enter frobcmp
Enter frobcmp
Enter frobcmp
Enter frobcmp
Enter frobcmp
Enter frobcmp
Enter frobcmp
Enter frobcmp
Enter frobcmp
Enter frobcmp
Enter frobcmp
Enter frobcmp
Enter frobcmp
Enter frobcmp
Enter frobcmp
Enter frobcmp
Enter frobcmp
Enter frobcmp
Enter frobcmp
Enter frobcmp
Enter frobcmp
Enter frobcmp
Enter frobcmp
Enter frobcmp
Enter frobcmp
Enter frobcmp
Enter frobcmp
Enter frobcmp
Enter frobcmp
Enter frobcmp
Enter frobcmp
Enter frobcmp
Enter frobcmp
Enter frobcmp
Enter frobcmp
Enter frobcmp
Enter frobcmp
Enter frobcmp
Enter frobcmp
Enter frobcmp
Enter frobcmp
Enter frobcmp
Enter frobcmp
Enter frobcmp
Enter frobcmp
Enter frobcmp
Enter frobcmp
Enter frobcmp
Enter frobcmp
Enter frobcmp
Enter frobcmp
Enter frobcmp
Enter frobcmp
Enter frobcmp
Enter frobcmp
Enter frobcmp
Enter frobcmp
Enter frobcmp
Enter frobcmp
Enter frobcmp
Enter frobcmp
Enter frobcmp
Enter frobcmp
Enter frobcmp
Enter frobcmp
Enter frobcmp
Enter frobcmp
Enter frobcmp
Enter frobcmp
Enter frobcmp
Enter frobcmp
Enter frobcmp
Enter frobcmp
Enter frobcmp
Enter frobcmp
Enter frobcmp
Enter frobcmp
Enter frobcmp
Enter frobcmp
Enter frobcmp
Enter frobcmp
Enter frobcmp
Enter frobcmp
Enter frobcmp
Enter frobcmp
Enter frobcmp
Enter frobcmp
Enter frobcmp
Enter frobcmp
Enter frobcmp
Enter frobcmp
Enter frobcmp
Enter frobcmp
Enter frobcmp
Enter frobcmp
Enter frobcmp
Enter frobcmp
Enter frobcmp
Enter frobcmp
Enter frobcmp
Enter frobcmp
Enter frobcmp
Enter frobcmp
Enter frobcmp
Enter frobcmp
Enter frobcmp
Enter frobcmp
Enter frobcmp
Enter frobcmp
Enter frobcmp
Enter frobcmp
Enter frobcmp
Enter frobcmp
Enter frobcmp
Enter frobcmp
Enter frobcmp
Enter frobcmp
Enter frobcmp
Enter frobcmp
Enter frobcmp
Enter frobcmp
Enter frobcmp
Enter frobcmp
Enter frobcmp
Enter frobcmp
Enter frobcmp
Enter frobcmp
Enter frobcmp
Enter frobcmp
Enter frobcmp
Enter frobcmp
Enter frobcmp
Enter frobcmp
Enter frobcmp
Enter frobcmp
Enter frobcmp
Enter frobcmp
Enter frobcmp
Enter frobcmp
Enter frobcmp
Enter frobcmp
Enter frobcmp
Enter frobcmp
Enter frobcmp
Enter frobcmp
Enter frobcmp
Enter frobcmp
Enter frobcmp
Enter frobcmp
Enter frobcmp
Enter frobcmp
Enter frobcmp
Enter frobcmp
Enter frobcmp
Enter frobcmp
Enter frobcmp
Enter frobcmp
Enter frobcmp
Enter frobcmp
Enter frobcmp
Enter frobcmp
Enter frobcmp
Enter frobcmp
Enter frobcmp
Enter frobcmp
Enter frobcmp
Enter frobcmp
Enter frobcmp
Enter frobcmp
Enter frobcmp
Enter frobcmp
Enter frobcmp
Enter frobcmp
Enter frobcmp
Enter frobcmp
Enter frobcmp
Enter frobcmp
Enter frobcmp
Enter frobcmp
Enter frobcmp
Enter frobcmp
Enter frobcmp
Enter frobcmp
Enter frobcmp
Enter frobcmp
Enter frobcmp
Enter frobcmp
Enter frobcmp
Enter frobcmp
Enter frobcmp
Enter frobcmp
Enter frobcmp
Enter frobcmp
Enter frobcmp
Enter frobcmp
Enter frobcmp
Enter frobcmp
Enter frobcmp
Enter frobcmp
Enter frobcmp
Enter frobcmp
Enter frobcmp
Enter frobcmp
Enter frobcmp
Enter frobcmp
Enter frobcmp
Enter frobcmp
Enter frobcmp
Enter frobcmp
Enter frobcmp
Enter frobcmp
Enter frobcmp
Enter frobcmp
Enter frobcmp
Enter frobcmp
Enter frobcmp
Enter frobcmp
Enter frobcmp
Enter frobcmp
Enter frobcmp
Enter frobcmp
Enter frobcmp
Enter frobcmp
Enter frobcmp
Enter frobcmp
Enter frobcmp
Enter frobcmp
Enter frobcmp
Enter frobcmp
Enter frobcmp
Enter frobcmp
Enter frobcmp
Enter frobcmp
Enter frobcmp
Enter frobcmp
Enter frobcmp
Enter frobcmp
Enter frobcmp
Enter frobcmp
Enter frobcmp
Enter frobcmp
Enter frobcmp
Enter frobcmp
Enter frobcmp
Enter frobcmp
Enter frobcmp
Enter frobcmp
Enter frobcmp
Enter frobcmp
Enter frobcmp
Enter frobcmp
Enter frobcmp
Enter frobcmp
Enter frobcmp
Enter frobcmp
Enter frobcmp
Enter frobcmp
Enter frobcmp
Enter frobcmp
Enter frobcmp
Enter frobcmp
Enter frobcmp
Enter frobcmp
Enter frobcmp
Enter frobcmp
Enter frobcmp
Enter frobcmp
Enter frobcmp
Enter frobcmp
Enter frobcmp
Enter frobcmp
Enter frobcmp
Enter frobcmp
Enter frobcmp
Enter frobcmp
Enter frobcmp
Enter frobcmp
Enter frobcmp
Enter frobcmp
Enter frobcmp
Enter frobcmp
Enter frobcmp
Enter frobcmp
Enter frobcmp
Enter frobcmp
Enter frobcmp
Enter frobcmp
Enter frobcmp
Enter frobcmp
Enter frobcmp
Enter frobcmp
Enter frobcmp
Enter frobcmp
Enter frobcmp
Enter frobcmp
Enter frobcmp
Enter frobcmp
Enter frobcmp
Enter frobcmp
Enter frobcmp
Enter frobcmp
Enter frobcmp
Enter frobcmp
Enter frobcmp
Enter frobcmp
Enter frobcmp
Enter frobcmp
Enter frobcmp
Enter frobcmp
Enter frobcmp
Enter frobcmp
Enter frobcmp
Enter frobcmp
Enter frobcmp
Enter frobcmp
Enter frobcmp
Enter frobcmp
Enter frobcmp
Enter frobcmp
Enter frobcmp
Enter frobcmp
Enter frobcmp
Enter frobcmp
Enter frobcmp
Enter frobcmp
Enter frobcmp
Enter frobcmp
Enter frobcmp
Enter frobcmp
Enter frobcmp
Enter frobcmp
Enter frobcmp
Enter frobcmp
Enter frobcmp
Enter frobcmp
Enter frobcmp
Enter frobcmp
Enter frobcmp
Enter frobcmp
Enter frobcmp
Enter frobcmp
Enter frobcmp
Enter frobcmp
Enter frobcmp
Enter frobcmp
Enter frobcmp
Enter frobcmp
Enter frobcmp
Enter frobcmp
Enter frobcmp
Enter frobcmp
Enter frobcmp
Enter frobcmp
Enter frobcmp
Enter frobcmp
Enter frobcmp
Enter frobcmp
Enter frobcmp
Enter frobcmp
Enter frobcmp
Enter frobcmp
Enter frobcmp
Enter frobcmp
Enter frobcmp
Enter frobcmp
Enter frobcmp
Enter frobcmp
Enter frobcmp
Enter frobcmp
Enter frobcmp
Enter frobcmp
Enter frobcmp
Enter frobcmp
Enter frobcmp
Enter frobcmp
Enter frobcmp
Enter frobcmp
Enter frobcmp
Enter frobcmp
Enter frobcmp
Enter frobcmp
Enter frobcmp
Enter frobcmp
Enter frobcmp
Enter frobcmp
Enter frobcmp
Enter frobcmp
Enter frobcmp
Enter frobcmp
Enter frobcmp
Enter frobcmp
Enter frobcmp
Enter frobcmp
Enter frobcmp
Enter frobcmp
Enter frobcmp
Enter frobcmp
Enter frobcmp
Enter frobcmp
Enter frobcmp
Enter frobcmp
Enter frobcmp
Enter frobcmp
Enter frobcmp
Enter frobcmp
Enter frobcmp
Enter frobcmp
Enter frobcmp
Enter frobcmp
Enter frobcmp
Enter frobcmp
Enter frobcmp
Enter frobcmp
Enter frobcmp
Enter frobcmp
Enter frobcmp
Enter frobcmp
Enter frobcmp
Enter frobcmp
Enter frobcmp
Enter frobcmp
Enter frobcmp
Enter frobcmp
Enter frobcmp
Enter frobcmp
Enter frobcmp
Enter frobcmp
Enter frobcmp
Enter frobcmp
Enter frobcmp
Enter frobcmp
Enter frobcmp
Enter frobcmp
Enter frobcmp
Enter frobcmp
Enter frobcmp
Enter frobcmp
Enter frobcmp
Enter frobcmp
Enter frobcmp
Enter frobcmp
Enter frobcmp
Enter frobcmp
Enter frobcmp
Enter frobcmp
Enter frobcmp
Enter frobcmp
Enter frobcmp
Enter frobcmp
Enter frobcmp
Enter frobcmp
Enter frobcmp
Enter frobcmp
Enter frobcmp
Enter frobcmp
Enter frobcmp
Enter frobcmp
Enter frobcmp
Enter frobcmp
Enter frobcmp
Enter frobcmp
Enter frobcmp
Enter frobcmp
Enter frobcmp
Enter frobcmp
Enter frobcmp
Enter frobcmp
Enter frobcmp
Enter frobcmp
Enter frobcmp
Enter frobcmp
Enter frobcmp
Enter frobcmp
Enter frobcmp
Enter frobcmp
Enter frobcmp
Enter frobcmp
Enter frobcmp
Enter frobcmp
Enter frobcmp
Enter frobcmp
Enter frobcmp
Enter frobcmp
Enter frobcmp
Enter frobcmp
Enter frobcmp
Enter frobcmp
Enter frobcmp
Enter frobcmp
Enter frobcmp
Enter frobcmp
Enter frobcmp
Enter frobcmp
Enter frobcmp
Enter frobcmp
Enter frobcmp
Enter frobcmp
Enter frobcmp
Enter frobcmp
Enter frobcmp
Enter frobcmp
Enter frobcmp
Enter frobcmp
Enter frobcmp
Enter frobcmp
Enter frobcmp
Enter frobcmp
Enter frobcmp
Enter frobcmp
Enter frobcmp
Enter frobcmp
Enter frobcmp
Enter frobcmp
Enter frobcmp
Enter frobcmp
Enter frobcmp
Enter frobcmp
Enter frobcmp
Enter frobcmp
Enter frobcmp
Enter frobcmp
Enter frobcmp
Enter frobcmp
Enter frobcmp
Enter frobcmp
Enter frobcmp
Enter frobcmp
Enter frobcmp
Enter frobcmp
Enter frobcmp
Enter frobcmp
Enter frobcmp
Enter frobcmp
Enter frobcmp
Enter frobcmp
Enter frobcmp
Enter frobcmp
Enter frobcmp
Enter frobcmp
Enter frobcmp
Enter frobcmp
Enter frobcmp
Enter frobcmp
Enter frobcmp
Enter frobcmp
Enter frobcmp
Enter frobcmp
Enter frobcmp
Enter frobcmp
Enter frobcmp
Enter frobcmp
Enter frobcmp
Enter frobcmp
Enter frobcmp
Enter frobcmp
Enter frobcmp
Enter frobcmp
Enter frobcmp
Enter frobcmp
Enter frobcmp
Enter frobcmp
Enter frobcmp
Enter frobcmp
Enter frobcmp
Enter frobcmp
Enter frobcmp
Enter frobcmp
Enter frobcmp
Enter frobcmp
Enter frobcmp
Enter frobcmp
Enter frobcmp
Enter frobcmp
Enter frobcmp
Enter frobcmp
Enter frobcmp
Enter frobcmp
Enter frobcmp
Enter frobcmp
Enter frobcmp
Enter frobcmp
Enter frobcmp
Enter frobcmp
Enter frobcmp
Enter frobcmp
Enter frobcmp
Enter frobcmp
Enter frobcmp
Enter frobcmp
Enter frobcmp
Enter frobcmp
Enter frobcmp
Enter frobcmp
Enter frobcmp
Enter frobcmp
Enter frobcmp
Enter frobcmp
Enter frobcmp
Enter frobcmp
Enter frobcmp
Enter frobcmp
Enter frobcmp
Enter frobcmp
Enter frobcmp
Enter frobcmp
Enter frobcmp
Enter frobcmp
Enter frobcmp
Enter frobcmp
Enter frobcmp
Enter frobcmp
Enter frobcmp
Enter frobcmp
Enter frobcmp
Enter frobcmp
Enter frobcmp
Enter frobcmp
Enter frobcmp
Enter frobcmp
Enter frobcmp
Enter frobcmp
Enter frobcmp
Enter frobcmp
Enter frobcmp
Enter frobcmp
Enter frobcmp
Enter frobcmp
Enter frobcmp
Enter frobcmp
Enter frobcmp
Enter frobcmp
Enter frobcmp
Enter frobcmp
Enter frobcmp
Enter frobcmp
Enter frobcmp
Enter frobcmp
Enter frobcmp
Enter frobcmp
Enter frobcmp
Enter frobcmp
Enter frobcmp
Enter frobcmp
Enter frobcmp
Enter frobcmp
Enter frobcmp
Enter frobcmp
Enter frobcmp
Enter frobcmp
Enter frobcmp
Enter frobcmp
Enter frobcmp
Enter frobcmp
Enter frobcmp
Enter frobcmp
Enter frobcmp
Enter frobcmp
Enter frobcmp
Enter frobcmp
Enter frobcmp
Enter frobcmp
Enter frobcmp
Enter frobcmp
Enter frobcmp
Enter frobcmp
Enter frobcmp
Enter frobcmp
Enter frobcmp
Enter frobcmp
Enter frobcmp
Enter frobcmp
Enter frobcmp
Enter frobcmp
Enter frobcmp
Enter frobcmp
Enter frobcmp
Enter frobcmp
Enter frobcmp
Enter frobcmp
Enter frobcmp
Enter frobcmp
Enter frobcmp
Enter frobcmp
Enter frobcmp
Enter frobcmp
Enter frobcmp
Enter frobcmp
Enter frobcmp
Enter frobcmp
Enter frobcmp
Enter frobcmp
Enter frobcmp
Enter frobcmp
Enter frobcmp
Enter frobcmp
Enter frobcmp
Enter frobcmp
Enter frobcmp
Enter frobcmp
Enter frobcmp
Enter frobcmp
Enter frobcmp
Enter frobcmp
Enter frobcmp
Enter frobcmp
Enter frobcmp
Enter frobcmp
Enter frobcmp
Enter frobcmp
Enter frobcmp
Enter frobcmp
Enter frobcmp
Enter frobcmp
Enter frobcmp
Enter frobcmp
Enter frobcmp
Enter frobcmp
Enter frobcmp
Enter frobcmp
Enter frobcmp
Enter frobcmp
Enter frobcmp
Enter frobcmp
Enter frobcmp
Enter frobcmp
Enter frobcmp
Enter frobcmp
Enter frobcmp
Enter frobcmp
Enter frobcmp
Enter frobcmp
Enter frobcmp
Enter frobcmp
Enter frobcmp
Enter frobcmp
Enter frobcmp
Enter frobcmp
Enter frobcmp
Enter frobcmp
Enter frobcmp
Enter frobcmp
Enter frobcmp
Enter frobcmp
Enter frobcmp
Enter frobcmp
Enter frobcmp
Enter frobcmp
Enter frobcmp
Enter frobcmp
Enter frobcmp
Enter frobcmp
Enter frobcmp
Enter frobcmp
Enter frobcmp
Enter frobcmp
Enter frobcmp
Enter frobcmp
Enter frobcmp
Enter frobcmp
Enter frobcmp
Enter frobcmp
Enter frobcmp
Enter frobcmp
Enter frobcmp
Enter frobcmp
Enter frobcmp
Enter frobcmp
Enter frobcmp
Enter frobcmp
Enter frobcmp
Enter frobcmp
Enter frobcmp
Enter frobcmp
Enter frobcmp
Enter frobcmp
Enter frobcmp
Enter frobcmp
Enter frobcmp
Enter frobcmp
Enter frobcmp
Enter frobcmp
Enter frobcmp
Enter frobcmp
Enter frobcmp
Enter frobcmp
Enter frobcmp
Enter frobcmp
Enter frobcmp
Enter frobcmp
Enter frobcmp
Enter frobcmp
Enter frobcmp
Enter frobcmp
Enter frobcmp
Enter frobcmp
Enter frobcmp
Enter frobcmp
Enter frobcmp
Enter frobcmp
Enter frobcmp
Enter frobcmp
Enter frobcmp
Enter frobcmp
Enter frobcmp
Enter frobcmp
Enter frobcmp
Enter frobcmp
Enter frobcmp
Enter frobcmp
Enter frobcmp
Enter frobcmp
Enter frobcmp
Enter frobcmp
Enter frobcmp
Enter frobcmp
Enter frobcmp
Enter frobcmp
Enter frobcmp
Enter frobcmp
Enter frobcmp
Enter frobcmp
Enter frobcmp
Enter frobcmp
Enter frobcmp
Enter frobcmp
Enter frobcmp
Enter frobcmp
Enter frobcmp
Enter frobcmp
Enter frobcmp
Enter frobcmp
Enter frobcmp
Enter frobcmp
Enter frobcmp
Enter frobcmp
Enter frobcmp
Enter frobcmp
Enter frobcmp
Enter frobcmp
Enter frobcmp
Enter frobcmp
Enter frobcmp
Enter frobcmp
Enter frobcmp
Enter frobcmp
Enter frobcmp
Enter frobcmp
Enter frobcmp
Enter frobcmp
Enter frobcmp
Enter frobcmp
Enter frobcmp
Enter frobcmp
Enter frobcmp
Enter frobcmp
Enter frobcmp
Enter frobcmp
Enter frobcmp
Enter frobcmp
Enter frobcmp
Enter frobcmp
Enter frobcmp
Enter frobcmp
Enter frobcmp
Enter frobcmp
Enter frobcmp
Enter frobcmp
Enter frobcmp
Enter frobcmp
Enter frobcmp
Enter frobcmp
Enter frobcmp
Enter frobcmp
Enter frobcmp
Enter frobcmp
Enter frobcmp
Enter frobcmp
Enter frobcmp
Enter frobcmp
Enter frobcmp
Enter frobcmp
Enter frobcmp
Enter frobcmp
Enter frobcmp
Enter frobcmp
Enter frobcmp
Enter frobcmp
Enter frobcmp
Enter frobcmp
Enter frobcmp
Enter frobcmp
Enter frobcmp
Enter frobcmp
Enter frobcmp
Enter frobcmp
Enter frobcmp
Enter frobcmp
Enter frobcmp
Enter frobcmp
Enter frobcmp
Enter frobcmp
Enter frobcmp
Enter frobcmp
Enter frobcmp
Enter frobcmp
Enter frobcmp
Enter frobcmp
Enter frobcmp
Enter frobcmp
Enter frobcmp
Enter frobcmp
Enter frobcmp
Enter frobcmp
Enter frobcmp
Enter frobcmp
Enter frobcmp
Enter frobcmp
Enter frobcmp
Enter frobcmp
Enter frobcmp
Enter frobcmp
Enter frobcmp
Enter frobcmp
Enter frobcmp
Enter frobcmp
Enter frobcmp
Enter frobcmp
Enter frobcmp
Enter frobcmp
Enter frobcmp
Enter frobcmp
Enter frobcmp
Enter frobcmp
Enter frobcmp
Enter frobcmp
Enter frobcmp
Enter frobcmp
Enter frobcmp
Enter frobcmp
Enter frobcmp
Enter frobcmp
Enter frobcmp
Enter frobcmp
Enter frobcmp
Enter frobcmp
Enter frobcmp
Enter frobcmp
Enter frobcmp
Enter frobcmp
Enter frobcmp
Enter frobcmp
Enter frobcmp
Enter frobcmp
Enter frobcmp
Enter frobcmp
Enter frobcmp
Enter frobcmp
Enter frobcmp
Enter frobcmp
Enter frobcmp
Enter frobcmp
Enter frobcmp
Enter frobcmp
Enter frobcmp
Enter frobcmp
Enter frobcmp
Enter frobcmp
Enter frobcmp
Enter frobcmp
Enter frobcmp
Enter frobcmp
Enter frobcmp
Enter frobcmp
Enter frobcmp
Enter frobcmp
Enter frobcmp
Enter frobcmp
Enter frobcmp
Enter frobcmp
Enter frobcmp
Enter frobcmp
Enter frobcmp
Enter frobcmp
Enter frobcmp
Enter frobcmp
Enter frobcmp
Enter frobcmp
Enter frobcmp
Enter frobcmp
Enter frobcmp
Enter frobcmp
Enter frobcmp
Enter frobcmp
Enter frobcmp
Enter frobcmp
Enter frobcmp
Enter frobcmp
Enter frobcmp
Enter frobcmp
Enter frobcmp
Enter frobcmp
Enter frobcmp
Enter frobcmp
Enter frobcmp
Enter frobcmp
Enter frobcmp
Enter frobcmp
Enter frobcmp
Enter frobcmp
Enter frobcmp
Enter frobcmp
Enter frobcmp
Enter frobcmp
Enter frobcmp
Enter frobcmp
Enter frobcmp
Enter frobcmp
Enter frobcmp
Enter frobcmp
Enter frobcmp
Enter frobcmp
Enter frobcmp
Enter frobcmp
Enter frobcmp
Enter frobcmp
Enter frobcmp
Enter frobcmp
Enter frobcmp
Enter frobcmp
Enter frobcmp
Enter frobcmp
Enter frobcmp
Enter frobcmp
Enter frobcmp
Enter frobcmp
Enter frobcmp
Enter frobcmp
Enter frobcmp
Enter frobcmp
Enter frobcmp
Enter frobcmp
Enter frobcmp
Enter frobcmp
Enter frobcmp
Enter frobcmp
Enter frobcmp
Enter frobcmp
Enter frobcmp
Enter frobcmp
Enter frobcmp
Enter frobcmp
Enter frobcmp
Enter frobcmp
Enter frobcmp
Enter frobcmp
Enter frobcmp
Enter frobcmp
Enter frobcmp
Enter frobcmp
Enter frobcmp
Enter frobcmp
Enter frobcmp
Enter frobcmp
Enter frobcmp
Enter frobcmp
Enter frobcmp
Enter frobcmp
Enter frobcmp
Enter frobcmp
Enter frobcmp
Enter frobcmp
Enter frobcmp
Enter frobcmp
Enter frobcmp
Enter frobcmp
Enter frobcmp
Enter frobcmp
Enter frobcmp
Enter frobcmp
Enter frobcmp
Enter frobcmp
Enter frobcmp
Enter frobcmp
Enter frobcmp
Enter frobcmp
Enter frobcmp
Enter frobcmp
Enter frobcmp
Enter frobcmp
Enter frobcmp
Enter frobcmp
Enter frobcmp
Enter frobcmp
Enter frobcmp
Enter frobcmp
Enter frobcmp
Enter frobcmp
Enter frobcmp
Enter frobcmp
Enter frobcmp
Enter frobcmp
Enter frobcmp
Enter frobcmp
Enter frobcmp
Enter frobcmp
Enter frobcmp
Enter frobcmp
Enter frobcmp
Enter frobcmp
Enter frobcmp
Enter frobcmp
Enter frobcmp
Enter frobcmp
Enter frobcmp
Enter frobcmp
Enter frobcmp
Enter frobcmp
Enter frobcmp
Enter frobcmp
Enter frobcmp
Enter frobcmp
Enter frobcmp
Enter frobcmp
Enter frobcmp
Enter frobcmp
Enter frobcmp
Enter frobcmp
Enter frobcmp
Enter frobcmp
Enter frobcmp
Enter frobcmp
Enter frobcmp
Enter frobcmp
Enter frobcmp
Enter frobcmp
Enter frobcmp
Enter frobcmp
Enter frobcmp
Enter frobcmp
Enter frobcmp
Enter frobcmp
Enter frobcmp
Enter frobcmp
Enter frobcmp
Enter frobcmp
Enter frobcmp
Enter frobcmp
Enter frobcmp
Enter frobcmp
Enter frobcmp
Enter frobcmp
Enter frobcmp
Enter frobcmp
Enter frobcmp
Enter frobcmp
Enter frobcmp
Enter frobcmp
Enter frobcmp
Enter frobcmp
Enter frobcmp
Enter frobcmp
Enter frobcmp
Enter frobcmp
Enter frobcmp
Enter frobcmp
Enter frobcmp
Enter frobcmp
Enter frobcmp
Enter frobcmp
Enter frobcmp
Enter frobcmp
Enter frobcmp
Enter frobcmp
Enter frobcmp
Enter frobcmp
Enter frobcmp
Enter frobcmp
Enter frobcmp
Enter frobcmp
Enter frobcmp
Enter frobcmp
Enter frobcmp
Enter frobcmp
Enter frobcmp
Enter frobcmp
Enter frobcmp
Enter frobcmp
Enter frobcmp
Enter frobcmp
Enter frobcmp
Enter frobcmp
Enter frobcmp
Enter frobcmp
Enter frobcmp
Enter frobcmp
Enter frobcmp
Enter frobcmp
Enter frobcmp
Enter frobcmp
Enter frobcmp
Enter frobcmp
Enter frobcmp
Enter frobcmp
Enter frobcmp
Enter frobcmp
Enter frobcmp
Enter frobcmp
Enter frobcmp
Enter frobcmp
Enter frobcmp
Enter frobcmp
Enter frobcmp
Enter frobcmp
Enter frobcmp
Enter frobcmp
Enter frobcmp
Enter frobcmp
Enter frobcmp
Enter frobcmp
Enter frobcmp
Enter frobcmp
Enter frobcmp
Enter frobcmp
Enter frobcmp
Enter frobcmp
Enter frobcmp
Enter frobcmp
Enter frobcmp
Enter frobcmp
Enter frobcmp
Enter frobcmp
Enter frobcmp
Enter frobcmp
Enter frobcmp
Enter frobcmp
Enter frobcmp
Enter frobcmp
Enter frobcmp
Enter frobcmp
Enter frobcmp
Enter frobcmp
Enter frobcmp
Enter frobcmp
Enter frobcmp
Enter frobcmp
Enter frobcmp
Enter frobcmp
Enter frobcmp
Enter frobcmp
Enter frobcmp
Enter frobcmp
Enter frobcmp
Enter frobcmp
Enter frobcmp
Enter frobcmp
Enter frobcmp
Enter frobcmp
Enter frobcmp
Enter frobcmp
Enter frobcmp
Enter frobcmp
Enter frobcmp
Enter frobcmp
Enter frobcmp
Enter frobcmp
Enter frobcmp
Enter frobcmp
Enter frobcmp
Enter frobcmp
Enter frobcmp
Enter frobcmp
Enter frobcmp
Enter frobcmp
Enter frobcmp
Enter frobcmp
Enter frobcmp
Enter frobcmp
Enter frobcmp
Enter frobcmp
Enter frobcmp
Enter frobcmp
Enter frobcmp
Enter frobcmp
Enter frobcmp
Enter frobcmp
Enter frobcmp
Enter frobcmp
Enter frobcmp
Enter frobcmp
Enter frobcmp
Enter frobcmp
Enter frobcmp
Enter frobcmp
Enter frobcmp
Enter frobcmp
Enter frobcmp
Enter frobcmp
Enter frobcmp
Enter frobcmp
Enter frobcmp
Enter frobcmp
Enter frobcmp
Enter frobcmp
Enter frobcmp
Enter frobcmp
Enter frobcmp
Enter frobcmp
Enter frobcmp
Enter frobcmp
Enter frobcmp
Enter frobcmp
Enter frobcmp
Enter frobcmp
Enter frobcmp
Enter frobcmp
Enter frobcmp
Enter frobcmp
Enter frobcmp
Enter frobcmp
Enter frobcmp
Enter frobcmp
Enter frobcmp
Enter frobcmp
Enter frobcmp
Enter frobcmp
Enter frobcmp
Enter frobcmp
Enter frobcmp
Enter frobcmp
Enter frobcmp
Enter frobcmp
Enter frobcmp
Enter frobcmp
Enter frobcmp
Enter frobcmp
Enter frobcmp
Enter frobcmp
Enter frobcmp
Enter frobcmp
Enter frobcmp
Enter frobcmp
Enter frobcmp
Enter frobcmp
Enter frobcmp
Enter frobcmp
Enter frobcmp
Enter frobcmp
Enter frobcmp
Enter frobcmp
Enter frobcmp
Enter frobcmp
Enter frobcmp
Enter frobcmp
Enter frobcmp
Enter frobcmp
Enter frobcmp
Enter frobcmp
Enter frobcmp
Enter frobcmp
Enter frobcmp
Enter frobcmp
Enter frobcmp
Enter frobcmp
Enter frobcmp
Enter frobcmp
Enter frobcmp
Enter frobcmp
Enter frobcmp
Enter frobcmp
Enter frobcmp
Enter frobcmp
Enter frobcmp
Enter frobcmp
Enter frobcmp
Enter frobcmp
Enter frobcmp
Enter frobcmp
Enter frobcmp
Enter frobcmp
Enter frobcmp
Enter frobcmp
Enter frobcmp
Enter frobcmp
Enter frobcmp
Enter frobcmp
Enter frobcmp
Enter frobcmp
Enter frobcmp
Enter frobcmp
Enter frobcmp
Enter frobcmp
Enter frobcmp
Enter frobcmp
Enter frobcmp
Enter frobcmp
Enter frobcmp
Enter frobcmp
Enter frobcmp
Enter frobcmp
Enter frobcmp
Enter frobcmp
Enter frobcmp
Enter frobcmp
Enter frobcmp
Enter frobcmp
Enter frobcmp
Enter frobcmp
Enter frobcmp
Enter frobcmp
Enter frobcmp
Enter frobcmp
Enter frobcmp
Enter frobcmp
Enter frobcmp
Enter frobcmp
Enter frobcmp
Enter frobcmp
Enter frobcmp
Enter frobcmp
Enter frobcmp
Enter frobcmp
Enter frobcmp
Enter frobcmp
Enter frobcmp
Enter frobcmp
Enter frobcmp
Enter frobcmp
Enter frobcmp
Enter frobcmp
Enter frobcmp
Enter frobcmp
Enter frobcmp
Enter frobcmp
Enter frobcmp
Enter frobcmp
Enter frobcmp
Enter frobcmp
Enter frobcmp
Enter frobcmp
Enter frobcmp
Enter frobcmp
Enter frobcmp
Enter frobcmp
Enter frobcmp
Enter frobcmp
Enter frobcmp
Enter frobcmp
Enter frobcmp
Enter frobcmp
Enter frobcmp
Enter frobcmp
Enter frobcmp
Enter frobcmp
Enter frobcmp
Enter frobcmp
Enter frobcmp
Enter frobcmp
Enter frobcmp
Enter frobcmp
Enter frobcmp
Enter frobcmp
Enter frobcmp
Enter frobcmp
Enter frobcmp
Enter frobcmp
Enter frobcmp
Enter frobcmp
Enter frobcmp
Enter frobcmp
Enter frobcmp
Enter frobcmp
Enter frobcmp
Enter frobcmp
Enter frobcmp
Enter frobcmp
Enter frobcmp
Enter frobcmp
Enter frobcmp
Enter frobcmp
Enter frobcmp
Enter frobcmp
Enter frobcmp
Enter frobcmp
Enter frobcmp
Enter frobcmp
Enter frobcmp
Enter frobcmp
Enter frobcmp
Enter frobcmp
Enter frobcmp
Enter frobcmp
Enter frobcmp
Enter frobcmp
Enter frobcmp
Enter frobcmp
Enter frobcmp
Enter frobcmp
Enter frobcmp
Enter frobcmp
Enter frobcmp
Enter frobcmp
Enter frobcmp
Enter frobcmp
Enter frobcmp
Enter frobcmp
Enter frobcmp
Enter frobcmp
Enter frobcmp
Enter frobcmp
Enter frobcmp
Enter frobcmp
Enter frobcmp
Enter frobcmp
Enter frobcmp
Enter frobcmp
Enter frobcmp
Enter frobcmp
Enter frobcmp
Enter frobcmp
Enter frobcmp
Enter frobcmp
Enter frobcmp
Enter frobcmp
Enter frobcmp
Enter frobcmp
Enter frobcmp
Enter frobcmp
Enter frobcmp
Enter frobcmp
Enter frobcmp
Enter frobcmp
Enter frobcmp
Enter frobcmp
Enter frobcmp
Enter frobcmp
Enter frobcmp
Enter frobcmp
Enter frobcmp
Enter frobcmp
Enter frobcmp
Enter frobcmp
Enter frobcmp
Enter frobcmp
Enter frobcmp
Enter frobcmp
Enter frobcmp
Enter frobcmp
Enter frobcmp
Enter frobcmp
Enter frobcmp
Enter frobcmp
Enter frobcmp
Enter frobcmp
Enter frobcmp
Enter frobcmp
Enter frobcmp
Enter frobcmp
Enter frobcmp
Enter frobcmp
Enter frobcmp
Enter frobcmp
Enter frobcmp
Enter frobcmp
Enter frobcmp
Enter frobcmp
Enter frobcmp
Enter frobcmp
Enter frobcmp
Enter frobcmp
Enter frobcmp
Enter frobcmp
Enter frobcmp
Enter frobcmp
Enter frobcmp
Enter frobcmp
Enter frobcmp
Enter frobcmp
Enter frobcmp
Enter frobcmp
Enter frobcmp
Enter frobcmp
Enter frobcmp
Enter frobcmp
Enter frobcmp
Enter frobcmp
Enter frobcmp
Enter frobcmp
Enter frobcmp
Enter frobcmp
Enter frobcmp
Enter frobcmp
Enter frobcmp
Enter frobcmp
Enter frobcmp
Enter frobcmp
Enter frobcmp
Enter frobcmp
Enter frobcmp
Enter frobcmp
Enter frobcmp
Enter frobcmp
Enter frobcmp
Enter frobcmp
Enter frobcmp
Enter frobcmp
Enter frobcmp
Enter frobcmp
Enter frobcmp
Enter frobcmp
Enter frobcmp
Enter frobcmp
Enter frobcmp
Enter frobcmp
Enter frobcmp
Enter frobcmp
Enter frobcmp
Enter frobcmp
Enter frobcmp
Enter frobcmp
Enter frobcmp
Enter frobcmp
Enter frobcmp
Enter frobcmp
Enter frobcmp
Enter frobcmp
Enter frobcmp
Enter frobcmp
Enter frobcmp
Enter frobcmp
Enter frobcmp
Enter frobcmp
Enter frobcmp
Enter frobcmp
Enter frobcmp
Enter frobcmp
Enter frobcmp
Enter frobcmp
Enter frobcmp
Enter frobcmp
Enter frobcmp
Enter frobcmp
Enter frobcmp
Enter frobcmp
Enter frobcmp
Enter frobcmp
Enter frobcmp
Enter frobcmp
Enter frobcmp
Enter frobcmp
Enter frobcmp
Enter frobcmp
Enter frobcmp
Enter frobcmp
Enter frobcmp
Enter frobcmp
Enter frobcmp
Enter frobcmp
Enter frobcmp
Enter frobcmp
Enter frobcmp
Enter frobcmp
Enter frobcmp
Enter frobcmp
Enter frobcmp
Enter frobcmp
Enter frobcmp
Enter frobcmp
Enter frobcmp
Enter frobcmp
Enter frobcmp
Enter frobcmp
Enter frobcmp
Enter frobcmp
Enter frobcmp
Enter frobcmp
Enter frobcmp
Enter frobcmp
Enter frobcmp
Enter frobcmp
Enter frobcmp
Enter frobcmp
Enter frobcmp
Enter frobcmp
Enter frobcmp
Enter frobcmp
Enter frobcmp
Enter frobcmp
Enter frobcmp
Enter frobcmp
Enter frobcmp
Enter frobcmp
Enter frobcmp
Enter frobcmp
Enter frobcmp
Enter frobcmp
Enter frobcmp
Enter frobcmp
Enter frobcmp
Enter frobcmp
Enter frobcmp
Enter frobcmp
Enter frobcmp
Enter frobcmp
Enter frobcmp
Enter frobcmp
Enter frobcmp
Enter frobcmp
Enter frobcmp
Enter frobcmp
Enter frobcmp
Enter frobcmp
Enter frobcmp
Enter frobcmp
Enter frobcmp
Enter frobcmp
Enter frobcmp
Enter frobcmp
Enter frobcmp
Enter frobcmp
Enter frobcmp
Enter frobcmp
Enter frobcmp
Enter frobcmp
Enter frobcmp
Enter frobcmp
Enter frobcmp
Enter frobcmp
Enter frobcmp
Enter frobcmp
Enter frobcmp
Enter frobcmp
Enter frobcmp
Enter frobcmp
Enter frobcmp
Enter frobcmp
Enter frobcmp
Enter frobcmp
Enter frobcmp
Enter frobcmp
Enter frobcmp
Enter frobcmp
Enter frobcmp
Enter frobcmp
Enter frobcmp
Enter frobcmp
Enter frobcmp
Enter frobcmp
Enter frobcmp
Enter frobcmp
Enter frobcmp
Enter frobcmp
Enter frobcmp
Enter frobcmp
Enter frobcmp
Enter frobcmp
Enter frobcmp
Enter frobcmp
Enter frobcmp
Enter frobcmp
Enter frobcmp
Enter frobcmp
Enter frobcmp
Enter frobcmp
Enter frobcmp
Enter frobcmp
Enter frobcmp
Enter frobcmp
Enter frobcmp
Enter frobcmp
Enter frobcmp
Enter frobcmp
Enter frobcmp
Enter frobcmp
Enter frobcmp
Enter frobcmp
Enter frobcmp
Enter frobcmp
Enter frobcmp
Enter frobcmp
Enter frobcmp
Enter frobcmp
Enter frobcmp
Enter frobcmp
Enter frobcmp
Enter frobcmp
Enter frobcmp
Enter frobcmp
Enter frobcmp
Enter frobcmp
Enter frobcmp
Enter frobcmp
Enter frobcmp
Enter frobcmp
Enter frobcmp
Enter frobcmp
Enter frobcmp
Enter frobcmp
Enter frobcmp
Enter frobcmp
Enter frobcmp
Enter frobcmp
Enter frobcmp
Enter frobcmp
Enter frobcmp
Enter frobcmp
Enter frobcmp
Enter frobcmp
Enter frobcmp
Enter frobcmp
Enter frobcmp
Enter frobcmp
Enter frobcmp
Enter frobcmp
Enter frobcmp
Enter frobcmp
Enter frobcmp
Enter frobcmp
Enter frobcmp
Enter frobcmp
Enter frobcmp
Enter frobcmp
Enter frobcmp
Enter frobcmp
Enter frobcmp
Enter frobcmp
Enter frobcmp
Enter frobcmp
Enter frobcmp
Enter frobcmp
Enter frobcmp
Enter frobcmp
Enter frobcmp
Enter frobcmp
Enter frobcmp
Enter frobcmp
Enter frobcmp
Enter frobcmp
Enter frobcmp
Enter frobcmp
Enter frobcmp
Enter frobcmp
Enter frobcmp
Enter frobcmp
Enter frobcmp
Enter frobcmp
Enter frobcmp
Enter frobcmp
Enter frobcmp
Enter frobcmp
Enter frobcmp
Enter frobcmp
Enter frobcmp
Enter frobcmp
Enter frobcmp
Enter frobcmp
Enter frobcmp
Enter frobcmp
Enter frobcmp
Enter frobcmp
Enter frobcmp
Enter frobcmp
Enter frobcmp
Enter frobcmp
Enter frobcmp
Enter frobcmp
Enter frobcmp
Enter frobcmp
Enter frobcmp
Enter frobcmp
Enter frobcmp
Enter frobcmp
Enter frobcmp
Enter frobcmp
Enter frobcmp
Enter frobcmp
Enter frobcmp
Enter frobcmp
Enter frobcmp
Enter frobcmp
Enter frobcmp
Enter frobcmp
Enter frobcmp
Enter frobcmp
Enter frobcmp
Enter frobcmp
Enter frobcmp
Enter frobcmp
Enter frobcmp
Enter frobcmp
Enter frobcmp
Enter frobcmp
Enter frobcmp
Enter frobcmp
Enter frobcmp
Enter frobcmp
Enter frobcmp
Enter frobcmp
Enter frobcmp
Enter frobcmp
Enter frobcmp
Enter frobcmp
Enter frobcmp
Enter frobcmp
Enter frobcmp
Enter frobcmp
Enter frobcmp
Enter frobcmp
Enter frobcmp
Enter frobcmp
Enter frobcmp
Enter frobcmp
Enter frobcmp
Enter frobcmp
Enter frobcmp
Enter frobcmp
Enter frobcmp
Enter frobcmp
Enter frobcmp
Enter frobcmp
Enter frobcmp
Enter frobcmp
Enter frobcmp
Enter frobcmp
Enter frobcmp
Enter frobcmp
Enter frobcmp
Enter frobcmp
Enter frobcmp
Enter frobcmp
Enter frobcmp
Enter frobcmp
Enter frobcmp
Enter frobcmp
Enter frobcmp
Enter frobcmp
Enter frobcmp
Enter frobcmp
Enter frobcmp
Enter frobcmp
Enter frobcmp
Enter frobcmp
Enter frobcmp
Enter frobcmp
Enter frobcmp
Enter frobcmp
Enter frobcmp
Enter frobcmp
Enter frobcmp
Enter frobcmp
Enter frobcmp
Enter frobcmp
Enter frobcmp
Enter frobcmp
Enter frobcmp
Enter frobcmp
Enter frobcmp
Enter frobcmp
Enter frobcmp
Enter frobcmp
Enter frobcmp
Enter frobcmp
Enter frobcmp
Enter frobcmp
Enter frobcmp
Enter frobcmp
Enter frobcmp
Enter frobcmp
Enter frobcmp
Enter frobcmp
Enter frobcmp
Enter frobcmp
Enter frobcmp
Enter frobcmp
Enter frobcmp
Enter frobcmp
Enter frobcmp
Enter frobcmp
Enter frobcmp
Enter frobcmp
Enter frobcmp
Enter frobcmp
Enter frobcmp
Enter frobcmp
Enter frobcmp
Enter frobcmp
Enter frobcmp
Enter frobcmp
Enter frobcmp
Enter frobcmp
Enter frobcmp
Enter frobcmp
Enter frobcmp
Enter frobcmp
Enter frobcmp
Enter frobcmp
Enter frobcmp
Enter frobcmp
Enter frobcmp
Enter frobcmp
Enter frobcmp
Enter frobcmp
Enter frobcmp
Enter frobcmp
Enter frobcmp
Enter frobcmp
Enter frobcmp
Enter frobcmp
Enter frobcmp
Enter frobcmp
Enter frobcmp
Enter frobcmp
Enter frobcmp
Enter frobcmp
Enter frobcmp
Enter frobcmp
Enter frobcmp
Enter frobcmp
Enter frobcmp
Enter frobcmp
Enter frobcmp
Enter frobcmp
Enter frobcmp
Enter frobcmp
Enter frobcmp
Enter frobcmp
Enter frobcmp
Enter frobcmp
Enter frobcmp
Enter frobcmp
Enter frobcmp
Enter frobcmp
Enter frobcmp
Enter frobcmp
Enter frobcmp
Enter frobcmp
Enter frobcmp
Enter frobcmp
Enter frobcmp
Enter frobcmp
Enter frobcmp
Enter frobcmp
Enter frobcmp
Enter frobcmp
Enter frobcmp
Enter frobcmp
Enter frobcmp
Enter frobcmp
Enter frobcmp
Enter frobcmp
Enter frobcmp
Enter frobcmp
Enter frobcmp
Enter frobcmp
Enter frobcmp
Enter frobcmp
Enter frobcmp
Enter frobcmp
Enter frobcmp
Enter frobcmp
Enter frobcmp
Enter frobcmp
Enter frobcmp
Enter frobcmp
Enter frobcmp
Enter frobcmp
Enter frobcmp
Enter frobcmp
Enter frobcmp
Enter frobcmp
Enter frobcmp
Enter frobcmp
Enter frobcmp
Enter frobcmp
Enter frobcmp
Enter frobcmp
Enter frobcmp
Enter frobcmp
Enter frobcmp
Enter frobcmp
Enter frobcmp
Enter frobcmp
Enter frobcmp
Enter frobcmp
Enter frobcmp
Enter frobcmp
Enter frobcmp
Enter frobcmp
Enter frobcmp
Enter frobcmp
Enter frobcmp
Enter frobcmp
Enter frobcmp
Enter frobcmp
Enter frobcmp
Enter frobcmp
Enter frobcmp
Enter frobcmp
Enter frobcmp
Enter frobcmp
Enter frobcmp
Enter frobcmp
Enter frobcmp
Enter frobcmp
Enter frobcmp
Enter frobcmp
Enter frobcmp
Enter frobcmp
Enter frobcmp
Enter frobcmp
Enter frobcmp
Enter frobcmp
Enter frobcmp
Enter frobcmp
Enter frobcmp
Enter frobcmp
Enter frobcmp
Enter frobcmp
Enter frobcmp
Enter frobcmp
Enter frobcmp
Enter frobcmp
Enter frobcmp
Enter frobcmp
Enter frobcmp
Enter frobcmp
Enter frobcmp
Enter frobcmp
Enter frobcmp
Enter frobcmp
Enter frobcmp
Enter frobcmp
Enter frobcmp
Enter frobcmp
Enter frobcmp
Enter frobcmp
Enter frobcmp
Enter frobcmp
Enter frobcmp
Enter frobcmp
Enter frobcmp
Enter frobcmp
Enter frobcmp
Enter frobcmp
Enter frobcmp
Enter frobcmp
Enter frobcmp
Enter frobcmp
Enter frobcmp
Enter frobcmp
Enter frobcmp
Enter frobcmp
Enter frobcmp
Enter frobcmp
Enter frobcmp
Enter frobcmp
Enter frobcmp
Enter frobcmp
Enter frobcmp
Enter frobcmp
Enter frobcmp
Enter frobcmp
Enter frobcmp
Enter frobcmp
Enter frobcmp
Enter frobcmp
Enter frobcmp
Enter frobcmp
Enter frobcmp
Enter frobcmp
Enter frobcmp
Enter frobcmp
Enter frobcmp
Enter frobcmp
Enter frobcmp
Enter frobcmp
Enter frobcmp
Enter frobcmp
Enter frobcmp
Enter frobcmp
Enter frobcmp
Enter frobcmp
Enter frobcmp
Enter frobcmp
Enter frobcmp
Enter frobcmp
Enter frobcmp
Enter frobcmp
Enter frobcmp
Enter frobcmp
Enter frobcmp
Enter frobcmp
Enter frobcmp
Enter frobcmp
Enter frobcmp
Enter frobcmp
Enter frobcmp
Enter frobcmp
Enter frobcmp
Enter frobcmp
Enter frobcmp
Enter frobcmp
Enter frobcmp
Enter frobcmp
Enter frobcmp
Enter frobcmp
Enter frobcmp
Enter frobcmp
Enter frobcmp
Enter frobcmp
Enter frobcmp
Enter frobcmp
Enter frobcmp
Enter frobcmp
Enter frobcmp
Enter frobcmp
Enter frobcmp
Enter frobcmp
Enter frobcmp
Enter frobcmp
Enter frobcmp
Enter frobcmp
Enter frobcmp
Enter frobcmp
Enter frobcmp
Enter frobcmp
Enter frobcmp
Enter frobcmp
Enter frobcmp
Enter frobcmp
Enter frobcmp
Enter frobcmp
Enter frobcmp
Enter frobcmp
Enter frobcmp
Enter frobcmp
Enter frobcmp
Enter frobcmp
Enter frobcmp
Enter frobcmp
Enter frobcmp
Enter frobcmp
Enter frobcmp
Enter frobcmp
Enter frobcmp
Enter frobcmp
Enter frobcmp
Enter frobcmp
Enter frobcmp
Enter frobcmp
Enter frobcmp
Enter frobcmp
Enter frobcmp
Enter frobcmp
Enter frobcmp
Enter frobcmp
Enter frobcmp
Enter frobcmp
Enter frobcmp
Enter frobcmp
Enter frobcmp
Enter frobcmp
Enter frobcmp
Enter frobcmp
Enter frobcmp
Enter frobcmp
Enter frobcmp
Enter frobcmp
Enter frobcmp
Enter frobcmp
Enter frobcmp
Enter frobcmp
Enter frobcmp
Enter frobcmp
Enter frobcmp
Enter frobcmp
Enter frobcmp
Enter frobcmp
Enter frobcmp
Enter frobcmp
Enter frobcmp
Enter frobcmp
Enter frobcmp
Enter frobcmp
Enter frobcmp
Enter frobcmp
Enter frobcmp
Enter frobcmp
Enter frobcmp
Enter frobcmp
Enter frobcmp
Enter frobcmp
Enter frobcmp
Enter frobcmp
Enter frobcmp
Enter frobcmp
Enter frobcmp
Enter frobcmp
Enter frobcmp
Enter frobcmp
Enter frobcmp
Enter frobcmp
Enter frobcmp
Enter frobcmp
Enter frobcmp
Enter frobcmp
Enter frobcmp
Enter frobcmp
Enter frobcmp
Enter frobcmp
Enter frobcmp
Enter frobcmp
Enter frobcmp
Enter frobcmp
Enter frobcmp
Enter frobcmp
Enter frobcmp
Enter frobcmp
Enter frobcmp
Enter frobcmp
Enter frobcmp
Enter frobcmp
Enter frobcmp
Enter frobcmp
Enter frobcmp
Enter frobcmp
Enter frobcmp
Enter frobcmp
Enter frobcmp
Enter frobcmp
Enter frobcmp
Enter frobcmp
Enter frobcmp
Enter frobcmp
Enter frobcmp
Enter frobcmp
Enter frobcmp
Enter frobcmp
Enter frobcmp
Enter frobcmp
Enter frobcmp
Enter frobcmp
Enter frobcmp
Enter frobcmp
Enter frobcmp
Enter frobcmp
Enter frobcmp
Enter frobcmp
Enter frobcmp
Enter frobcmp
Enter frobcmp
Enter frobcmp
Enter frobcmp
Enter frobcmp
Enter frobcmp
Enter frobcmp
Enter frobcmp
Enter frobcmp
Enter frobcmp
Enter frobcmp
Enter frobcmp
Enter frobcmp
Enter frobcmp
Enter frobcmp
Enter frobcmp
Enter frobcmp
Enter frobcmp
Enter frobcmp
Enter frobcmp
Enter frobcmp
Enter frobcmp
Enter frobcmp
Enter frobcmp
Enter frobcmp
Enter frobcmp
Enter frobcmp
Enter frobcmp
Enter frobcmp
Enter frobcmp
Enter frobcmp
Enter frobcmp
Enter frobcmp
Enter frobcmp
Enter frobcmp
Enter frobcmp
Enter frobcmp
Enter frobcmp
Enter frobcmp
Enter frobcmp
Enter frobcmp
Enter frobcmp
Enter frobcmp
Enter frobcmp
Enter frobcmp
Enter frobcmp
Enter frobcmp
Enter frobcmp
Enter frobcmp
Enter frobcmp
Enter frobcmp
Enter frobcmp
Enter frobcmp
Enter frobcmp
Enter frobcmp
Enter frobcmp
Enter frobcmp
Enter frobcmp
Enter frobcmp
Enter frobcmp
Enter frobcmp
Enter frobcmp
Enter frobcmp
Enter frobcmp
Enter frobcmp
Enter frobcmp
Enter frobcmp
Enter frobcmp
Enter frobcmp
Enter frobcmp
Enter frobcmp
Enter frobcmp
Enter frobcmp
Enter frobcmp
Enter frobcmp
Enter frobcmp
Enter frobcmp
Enter frobcmp
Enter frobcmp
Enter frobcmp
Enter frobcmp
Enter frobcmp
Enter frobcmp
Enter frobcmp
Enter frobcmp
Enter frobcmp
Enter frobcmp
Enter frobcmp
Enter frobcmp
Enter frobcmp
Enter frobcmp
Enter frobcmp
Enter frobcmp
Enter frobcmp
Enter frobcmp
Enter frobcmp
Enter frobcmp
Enter frobcmp
Enter frobcmp
Enter frobcmp
Enter frobcmp
Enter frobcmp
Enter frobcmp
Enter frobcmp
Enter frobcmp
Enter frobcmp
Enter frobcmp
Enter frobcmp
Enter frobcmp
Enter frobcmp
Enter frobcmp
Enter frobcmp
Enter frobcmp
Enter frobcmp
Enter frobcmp
Enter frobcmp
Enter frobcmp
Enter frobcmp
Enter frobcmp
Enter frobcmp
Enter frobcmp
Enter frobcmp
Enter frobcmp
Enter frobcmp
Enter frobcmp
Enter frobcmp
Enter frobcmp
Enter frobcmp
Enter frobcmp
Enter frobcmp
Enter frobcmp
Enter frobcmp
Enter frobcmp
Enter frobcmp
Enter frobcmp
Enter frobcmp
Enter frobcmp
Enter frobcmp
Enter frobcmp
Enter frobcmp
Enter frobcmp
Enter frobcmp
Enter frobcmp
Enter frobcmp
Enter frobcmp
Enter frobcmp
Enter frobcmp
Enter frobcmp
Enter frobcmp
Enter frobcmp
Enter frobcmp
Enter frobcmp
Enter frobcmp
Enter frobcmp
Enter frobcmp
Enter frobcmp
Enter frobcmp
Enter frobcmp
Enter frobcmp
Enter frobcmp
Enter frobcmp
Enter frobcmp
Enter frobcmp
Enter frobcmp
Enter frobcmp
Enter frobcmp
Enter frobcmp
Enter frobcmp
Enter frobcmp
Enter frobcmp
Enter frobcmp
Enter frobcmp
Enter frobcmp
Enter frobcmp
Enter frobcmp
Enter frobcmp
Enter frobcmp
Enter frobcmp
Enter frobcmp
Enter frobcmp
Enter frobcmp
Enter frobcmp
Enter frobcmp
Enter frobcmp
Enter frobcmp
Enter frobcmp
Enter frobcmp
Enter frobcmp
Enter frobcmp
Enter frobcmp
Enter frobcmp
Enter frobcmp
Enter frobcmp
Enter frobcmp
Enter frobcmp
Enter frobcmp
Enter frobcmp
Enter frobcmp
Enter frobcmp
Enter frobcmp
Enter frobcmp
Enter frobcmp
Enter frobcmp
Enter frobcmp
Enter frobcmp
Enter frobcmp
Enter frobcmp
Enter frobcmp
Enter frobcmp
Enter frobcmp
Enter frobcmp
Enter frobcmp
Enter frobcmp
Enter frobcmp
Enter frobcmp
Enter frobcmp
Enter frobcmp
Enter frobcmp
Enter frobcmp
Enter frobcmp
Enter frobcmp
Enter frobcmp
Enter frobcmp
Enter frobcmp
Enter frobcmp
Enter frobcmp
Enter frobcmp
Enter frobcmp
Enter frobcmp
Enter frobcmp
Enter frobcmp
Enter frobcmp
Enter frobcmp
Enter frobcmp
Enter frobcmp
Enter frobcmp
Enter frobcmp
Enter frobcmp
Enter frobcmp
Enter frobcmp
Enter frobcmp
Enter frobcmp
Enter frobcmp
Enter frobcmp
Enter frobcmp
Enter frobcmp
Enter frobcmp
Enter frobcmp
Enter frobcmp
Enter frobcmp
Enter frobcmp
Enter frobcmp
Enter frobcmp
Enter frobcmp
Enter frobcmp
Enter frobcmp
Enter frobcmp
Enter frobcmp
Enter frobcmp
Enter frobcmp
Enter frobcmp
Enter frobcmp
Enter frobcmp
Enter frobcmp
Enter frobcmp
Enter frobcmp
Enter frobcmp
Enter frobcmp
Enter frobcmp
Enter frobcmp
Enter frobcmp
Enter frobcmp
Enter frobcmp
Enter frobcmp
Enter frobcmp
Enter frobcmp
Enter frobcmp
Enter frobcmp
Enter frobcmp
Enter frobcmp
Enter frobcmp
Enter frobcmp
Enter frobcmp
Enter frobcmp
Enter frobcmp
Enter frobcmp
Enter frobcmp
Enter frobcmp
Enter frobcmp
Enter frobcmp
Enter frobcmp
Enter frobcmp
Enter frobcmp
Enter frobcmp
Enter frobcmp
Enter frobcmp
Enter frobcmp
Enter frobcmp
Enter frobcmp
Enter frobcmp
Enter frobcmp
Enter frobcmp
Enter frobcmp
Enter frobcmp
Enter frobcmp
Enter frobcmp
Enter frobcmp
Enter frobcmp
Enter frobcmp
Enter frobcmp
Enter frobcmp
Enter frobcmp
Enter frobcmp
Enter frobcmp
Enter frobcmp
Enter frobcmp
Enter frobcmp
Enter frobcmp
Enter frobcmp
Enter frobcmp
Enter frobcmp
Enter frobcmp
Enter frobcmp
Enter frobcmp
Enter frobcmp
Enter frobcmp
Enter frobcmp
Enter frobcmp
Enter frobcmp
Enter frobcmp
Enter frobcmp
Enter frobcmp
Enter frobcmp
Enter frobcmp
Enter frobcmp
Enter frobcmp
Enter frobcmp
Enter frobcmp
Enter frobcmp
Enter frobcmp
Enter frobcmp
Enter frobcmp
Enter frobcmp
Enter frobcmp
Enter frobcmp
Enter frobcmp
Enter frobcmp
Enter frobcmp
Enter frobcmp
Enter frobcmp
Enter frobcmp
Enter frobcmp
Enter frobcmp
Enter frobcmp
Enter frobcmp
Enter frobcmp
Enter frobcmp
Enter frobcmp
Enter frobcmp
Enter frobcmp
Enter frobcmp
Enter frobcmp
Enter frobcmp
Enter frobcmp
Enter frobcmp
Enter frobcmp
Enter frobcmp
Enter frobcmp
Enter frobcmp
Enter frobcmp
Enter frobcmp
Enter frobcmp
Enter frobcmp
Enter frobcmp
Enter frobcmp
Enter frobcmp
Enter frobcmp
Enter frobcmp
Enter frobcmp
Enter frobcmp
Enter frobcmp
Enter frobcmp
Enter frobcmp
Enter frobcmp
Enter frobcmp
Enter frobcmp
Enter frobcmp
Enter frobcmp
Enter frobcmp
Enter frobcmp
Enter frobcmp
Enter frobcmp
Enter frobcmp
Enter frobcmp
Enter frobcmp
Enter frobcmp
Enter frobcmp
Enter frobcmp
Enter frobcmp
Enter frobcmp
Enter frobcmp
Enter frobcmp
Enter frobcmp
Enter frobcmp
Enter frobcmp
Enter frobcmp
Enter frobcmp
Enter frobcmp
Enter frobcmp
Enter frobcmp
Enter frobcmp
Enter frobcmp
Enter frobcmp
Enter frobcmp
Enter frobcmp
Enter frobcmp
Enter frobcmp
Enter frobcmp
Enter frobcmp
Enter frobcmp
Enter frobcmp
Enter frobcmp
Enter frobcmp
Enter frobcmp
Enter frobcmp
Enter frobcmp
Enter frobcmp
Enter frobcmp
Enter frobcmp
Enter frobcmp
Enter frobcmp
Enter frobcmp
Enter frobcmp
Enter frobcmp
Enter frobcmp
Enter frobcmp
Enter frobcmp
Enter frobcmp
Enter frobcmp
Enter frobcmp
Enter frobcmp
Enter frobcmp
Enter frobcmp
Enter frobcmp
Enter frobcmp
Enter frobcmp
Enter frobcmp
Enter frobcmp
Enter frobcmp
Enter frobcmp
Enter frobcmp
Enter frobcmp
Enter frobcmp
Enter frobcmp
Enter frobcmp
Enter frobcmp
Enter frobcmp
Enter frobcmp
Enter frobcmp
Enter frobcmp
Enter frobcmp
Enter frobcmp
Enter frobcmp
Enter frobcmp
Enter frobcmp
Enter frobcmp
Enter frobcmp
Enter frobcmp
Enter frobcmp
Enter frobcmp
Enter frobcmp
Enter frobcmp
Enter frobcmp
Enter frobcmp
Enter frobcmp
Enter frobcmp
Enter frobcmp
Enter frobcmp
Enter frobcmp
Enter frobcmp
Enter frobcmp
Enter frobcmp
Enter frobcmp
Enter frobcmp
Enter frobcmp
Enter frobcmp
Enter frobcmp
Enter frobcmp
Enter frobcmp
Enter frobcmp
Enter frobcmp
Enter frobcmp
Enter frobcmp
Enter frobcmp
Enter frobcmp
Enter frobcmp
Enter frobcmp
Enter frobcmp
Enter frobcmp
Enter frobcmp
Enter frobcmp
Enter frobcmp
Enter frobcmp
Enter frobcmp
Enter frobcmp
Enter frobcmp
Enter frobcmp
Enter frobcmp
Enter frobcmp
Enter frobcmp
Enter frobcmp
Enter frobcmp
Enter frobcmp
Enter frobcmp
Enter frobcmp
Enter frobcmp
Enter frobcmp
Enter frobcmp
Enter frobcmp
Enter frobcmp
Enter frobcmp
Enter frobcmp
Enter frobcmp
Enter frobcmp
Enter frobcmp
Enter frobcmp
Enter frobcmp
Enter frobcmp
Enter frobcmp
Enter frobcmp
Enter frobcmp
Enter frobcmp
Enter frobcmp
Enter frobcmp
Enter frobcmp
Enter frobcmp
Enter frobcmp
Enter frobcmp
Enter frobcmp
Enter frobcmp
Enter frobcmp
Enter frobcmp
Enter frobcmp
Enter frobcmp
Enter frobcmp
Enter frobcmp
Enter frobcmp
Enter frobcmp
Enter frobcmp
Enter frobcmp
Enter frobcmp
Enter frobcmp
Enter frobcmp
Enter frobcmp
Enter frobcmp
Enter frobcmp
Enter frobcmp
Enter frobcmp
Enter frobcmp
Enter frobcmp
Enter frobcmp
Enter frobcmp
Enter frobcmp
Enter frobcmp
Enter frobcmp
Enter frobcmp
Enter frobcmp
Enter frobcmp
Enter frobcmp
Enter frobcmp
Enter frobcmp
Enter frobcmp
Enter frobcmp
Enter frobcmp
Enter frobcmp
Enter frobcmp
Enter frobcmp
Enter frobcmp
Enter frobcmp
Enter frobcmp
Enter frobcmp
Enter frobcmp
Enter frobcmp
Enter frobcmp
Enter frobcmp
Enter frobcmp
Enter frobcmp
Enter frobcmp
Enter frobcmp
Enter frobcmp
Enter frobcmp
Enter frobcmp
Enter frobcmp
Enter frobcmp
Enter frobcmp
Enter frobcmp
Enter frobcmp
Enter frobcmp
Enter frobcmp
Enter frobcmp
Enter frobcmp
Enter frobcmp
Enter frobcmp
Enter frobcmp
Enter frobcmp
Enter frobcmp
Enter frobcmp
Enter frobcmp
Enter frobcmp
Enter frobcmp
Enter frobcmp
Enter frobcmp
Enter frobcmp
Enter frobcmp
Enter frobcmp
Enter frobcmp
Enter frobcmp
Enter frobcmp
Enter frobcmp
Enter frobcmp
Enter frobcmp
Enter frobcmp
Enter frobcmp
Enter frobcmp
Enter frobcmp
Enter frobcmp
Enter frobcmp
Enter frobcmp
Enter frobcmp
Enter frobcmp
Enter frobcmp
Enter frobcmp
Enter frobcmp
Enter frobcmp
Enter frobcmp
Enter frobcmp
Enter frobcmp
Enter frobcmp
Enter frobcmp
Enter frobcmp
Enter frobcmp
Enter frobcmp
Enter frobcmp
Enter frobcmp
Enter frobcmp
Enter frobcmp
Enter frobcmp
Enter frobcmp
Enter frobcmp
Enter frobcmp
Enter frobcmp
Enter frobcmp
Enter frobcmp
Enter frobcmp
Enter frobcmp
Enter frobcmp
Enter frobcmp
Enter frobcmp
Enter frobcmp
Enter frobcmp
Enter frobcmp
Enter frobcmp
Enter frobcmp
Enter frobcmp
Enter frobcmp
Enter frobcmp
Enter frobcmp
Enter frobcmp
Enter frobcmp
Enter frobcmp
Enter frobcmp
Enter frobcmp
Enter frobcmp
Enter frobcmp
Enter frobcmp
Enter frobcmp
Enter frobcmp
Enter frobcmp
Enter frobcmp
Enter frobcmp
Enter frobcmp
Enter frobcmp
Enter frobcmp
Enter frobcmp
Enter frobcmp
Enter frobcmp
Enter frobcmp
Enter frobcmp
Enter frobcmp
Enter frobcmp
Enter frobcmp
Enter frobcmp
Enter frobcmp
Enter frobcmp
Enter frobcmp
Enter frobcmp
Enter frobcmp
Enter frobcmp
Enter frobcmp
Enter frobcmp
Enter frobcmp
Enter frobcmp
Enter frobcmp
Enter frobcmp
Enter frobcmp
Enter frobcmp
Enter frobcmp
Enter frobcmp
Enter frobcmp
Enter frobcmp
Enter frobcmp
Enter frobcmp
Enter frobcmp
Enter frobcmp
Enter frobcmp
Enter frobcmp
Enter frobcmp
Enter frobcmp
Enter frobcmp
Enter frobcmp
Enter frobcmp
Enter frobcmp
Enter frobcmp
Enter frobcmp
Enter frobcmp
Enter frobcmp
Enter frobcmp
Enter frobcmp
Enter frobcmp
Enter frobcmp
Enter frobcmp
Enter frobcmp
Enter frobcmp
Enter frobcmp
Enter frobcmp
Enter frobcmp
Enter frobcmp
Enter frobcmp
Enter frobcmp
Enter frobcmp
Enter frobcmp
Enter frobcmp
Enter frobcmp
Enter frobcmp
Enter frobcmp
Enter frobcmp
Enter frobcmp
Enter frobcmp
Enter frobcmp
Enter frobcmp
Enter frobcmp
Enter frobcmp
Enter frobcmp
Enter frobcmp
Enter frobcmp
Enter frobcmp
Enter frobcmp
Enter frobcmp
Enter frobcmp
Enter frobcmp
Enter frobcmp
Enter frobcmp
Enter frobcmp
Enter frobcmp
Enter frobcmp
Enter frobcmp
Enter frobcmp
Enter frobcmp
Enter frobcmp
Enter frobcmp
Enter frobcmp
Enter frobcmp
Enter frobcmp
Enter frobcmp
Enter frobcmp
Enter frobcmp
Enter frobcmp
Enter frobcmp
Enter frobcmp
Enter frobcmp
Enter frobcmp
Enter frobcmp
Enter frobcmp
Enter frobcmp
Enter frobcmp
Enter frobcmp
Enter frobcmp
Enter frobcmp
Enter frobcmp
Enter frobcmp
Enter frobcmp
Enter frobcmp
Enter frobcmp
Enter frobcmp
Enter frobcmp
Enter frobcmp
Enter frobcmp
Enter frobcmp
Enter frobcmp
Enter frobcmp
Enter frobcmp
Enter frobcmp
Enter frobcmp
Enter frobcmp
Enter frobcmp
Enter frobcmp
Enter frobcmp
Enter frobcmp
Enter frobcmp
Enter frobcmp
Enter frobcmp
Enter frobcmp
Enter frobcmp
Enter frobcmp
Enter frobcmp
Enter frobcmp
Enter frobcmp
Enter frobcmp
Enter frobcmp
Enter frobcmp
Enter frobcmp
Enter frobcmp
Enter frobcmp
Enter frobcmp
Enter frobcmp
Enter frobcmp
Enter frobcmp
Enter frobcmp
Enter frobcmp
Enter frobcmp
Enter frobcmp
Enter frobcmp
Enter frobcmp
Enter frobcmp
Enter frobcmp
Enter frobcmp
Enter frobcmp
Enter frobcmp
Enter frobcmp
Enter frobcmp
Enter frobcmp
Enter frobcmp
Enter frobcmp
Enter frobcmp
Enter frobcmp
Enter frobcmp
Enter frobcmp
Enter frobcmp
Enter frobcmp
Enter frobcmp
Enter frobcmp
Enter frobcmp
Enter frobcmp
Enter frobcmp
Enter frobcmp
Enter frobcmp
Enter frobcmp
Enter frobcmp
Enter frobcmp
Enter frobcmp
Enter frobcmp
Enter frobcmp
Enter frobcmp
Enter frobcmp
Enter frobcmp
Enter frobcmp
Enter frobcmp
Enter frobcmp
Enter frobcmp
Enter frobcmp
Enter frobcmp
Enter frobcmp
Enter frobcmp
Enter frobcmp
Enter frobcmp
Enter frobcmp
Enter frobcmp
Enter frobcmp
Enter frobcmp
Enter frobcmp
Enter frobcmp
Enter frobcmp
Enter frobcmp
Enter frobcmp
Enter frobcmp
Enter frobcmp
Enter frobcmp
Enter frobcmp
Enter frobcmp
Enter frobcmp
Enter frobcmp
Enter frobcmp
Enter frobcmp
Enter frobcmp
Enter frobcmp
Enter frobcmp
Enter frobcmp
Enter frobcmp
Enter frobcmp
Enter frobcmp
Enter frobcmp
Enter frobcmp
Enter frobcmp
Enter frobcmp
Enter frobcmp
Enter frobcmp
Enter frobcmp
Enter frobcmp
Enter frobcmp
Enter frobcmp
Enter frobcmp
Enter frobcmp
Enter frobcmp
Enter frobcmp
Enter frobcmp
Enter frobcmp
Enter frobcmp
Enter frobcmp
Enter frobcmp
Enter frobcmp
Enter frobcmp
Enter frobcmp
Enter frobcmp
Enter frobcmp
Enter frobcmp
Enter frobcmp
Enter frobcmp
Enter frobcmp
Enter frobcmp
Enter frobcmp
Enter frobcmp
Enter frobcmp
Enter frobcmp
Enter frobcmp
Enter frobcmp
Enter frobcmp
Enter frobcmp
Enter frobcmp
Enter frobcmp
Enter frobcmp
Enter frobcmp
Enter frobcmp
Enter frobcmp
Enter frobcmp
Enter frobcmp
Enter frobcmp
Enter frobcmp
Enter frobcmp
Enter frobcmp
Enter frobcmp
Enter frobcmp
Enter frobcmp
Enter frobcmp
Enter frobcmp
Enter frobcmp
Enter frobcmp
Enter frobcmp
Enter frobcmp
Enter frobcmp
Enter frobcmp
Enter frobcmp
Enter frobcmp
Enter frobcmp
Enter frobcmp
Enter frobcmp
Enter frobcmp
Enter frobcmp
Enter frobcmp
Enter frobcmp
Enter frobcmp
Enter frobcmp
Enter frobcmp
Enter frobcmp
Enter frobcmp
Enter frobcmp
Enter frobcmp
Enter frobcmp
Enter frobcmp
Enter frobcmp
Enter frobcmp
Enter frobcmp
Enter frobcmp
Enter frobcmp
Enter frobcmp
Enter frobcmp
Enter frobcmp
Enter frobcmp
Enter frobcmp
Enter frobcmp
Enter frobcmp
Enter frobcmp
Enter frobcmp
Enter frobcmp
Enter frobcmp
Enter frobcmp
Enter frobcmp
Enter frobcmp
Enter frobcmp
Enter frobcmp
Enter frobcmp
Enter frobcmp
Enter frobcmp
Enter frobcmp
Enter frobcmp
Enter frobcmp
Enter frobcmp
Enter frobcmp
Enter frobcmp
Enter frobcmp
Enter frobcmp
Enter frobcmp
Enter frobcmp
Enter frobcmp
Enter frobcmp
Enter frobcmp
Enter frobcmp
Enter frobcmp
Enter frobcmp
Enter frobcmp
Enter frobcmp
Enter frobcmp
Enter frobcmp
Enter frobcmp
Enter frobcmp
Enter frobcmp
Enter frobcmp
Enter frobcmp
Enter frobcmp
Enter frobcmp
Enter frobcmp
Enter frobcmp
Enter frobcmp
Enter frobcmp
Enter frobcmp
Enter frobcmp
Enter frobcmp
Enter frobcmp
Enter frobcmp
Enter frobcmp
Enter frobcmp
Enter frobcmp
Enter frobcmp
Enter frobcmp
Enter frobcmp
Enter frobcmp
Enter frobcmp
Enter frobcmp
Enter frobcmp
Enter frobcmp
Enter frobcmp
Enter frobcmp
Enter frobcmp
Enter frobcmp
Enter frobcmp
Enter frobcmp
Enter frobcmp
Enter frobcmp
Enter frobcmp
Enter frobcmp
Enter frobcmp
Enter frobcmp
Enter frobcmp
Enter frobcmp
Enter frobcmp
Enter frobcmp
Enter frobcmp
Enter frobcmp
Enter frobcmp
Enter frobcmp
Enter frobcmp
Enter frobcmp
Enter frobcmp
Enter frobcmp
Enter frobcmp
Enter frobcmp
Enter frobcmp
Enter frobcmp
Enter frobcmp
Enter frobcmp
Enter frobcmp
Enter frobcmp
Enter frobcmp
Enter frobcmp
Enter frobcmp
Enter frobcmp
Enter frobcmp
Enter frobcmp
Enter frobcmp
Enter frobcmp
Enter frobcmp
Enter frobcmp
Enter frobcmp
Enter frobcmp
Enter frobcmp
Enter frobcmp
Enter frobcmp
Enter frobcmp
Enter frobcmp
Enter frobcmp
Enter frobcmp
Enter frobcmp
Enter frobcmp
Enter frobcmp
Enter frobcmp
Enter frobcmp
Enter frobcmp
Enter frobcmp
Enter frobcmp
Enter frobcmp
Enter frobcmp
Enter frobcmp
Enter frobcmp
Enter frobcmp
Enter frobcmp
Enter frobcmp
Enter frobcmp
Enter frobcmp
Enter frobcmp
Enter frobcmp
Enter frobcmp
Enter frobcmp
Enter frobcmp
Enter frobcmp
Enter frobcmp
Enter frobcmp
Enter frobcmp
Enter frobcmp
Enter frobcmp
Enter frobcmp
Enter frobcmp
Enter frobcmp
Enter frobcmp
Enter frobcmp
Enter frobcmp
Enter frobcmp
Enter frobcmp
Enter frobcmp
Enter frobcmp
Enter frobcmp
Enter frobcmp
Enter frobcmp
Enter frobcmp
Enter frobcmp
Enter frobcmp
Enter frobcmp
Enter frobcmp
Enter frobcmp
Enter frobcmp
Enter frobcmp
Enter frobcmp
Enter frobcmp
Enter frobcmp
Enter frobcmp
Enter frobcmp
Enter frobcmp
Enter frobcmp
Enter frobcmp
Enter frobcmp
Enter frobcmp
Enter frobcmp
Enter frobcmp
Enter frobcmp
Enter frobcmp
Enter frobcmp
Enter frobcmp
Enter frobcmp
Enter frobcmp
Enter frobcmp
Enter frobcmp
Enter frobcmp
Enter frobcmp
Enter frobcmp
Enter frobcmp
Enter frobcmp
Enter frobcmp
Enter frobcmp
Enter frobcmp
Enter frobcmp
Enter frobcmp
Enter frobcmp
Enter frobcmp
Enter frobcmp
Enter frobcmp
Enter frobcmp
Enter frobcmp
Enter frobcmp
Enter frobcmp
Enter frobcmp
Enter frobcmp
Enter frobcmp
Enter frobcmp
Enter frobcmp
Enter frobcmp
Enter frobcmp
Enter frobcmp
Enter frobcmp
Enter frobcmp
Enter frobcmp
Enter frobcmp
Enter frobcmp
Enter frobcmp
Enter frobcmp
Enter frobcmp
Enter frobcmp
Enter frobcmp
Enter frobcmp
Enter frobcmp
Enter frobcmp
Enter frobcmp
Enter frobcmp
Enter frobcmp
Enter frobcmp
Enter frobcmp
Enter frobcmp
Enter frobcmp
Enter frobcmp
Enter frobcmp
Enter frobcmp
Enter frobcmp
Enter frobcmp
Enter frobcmp
Enter frobcmp
Enter frobcmp
Enter frobcmp
Enter frobcmp
Enter frobcmp
Enter frobcmp
Enter frobcmp
Enter frobcmp
Enter frobcmp
Enter frobcmp
Enter frobcmp
Enter frobcmp
Enter frobcmp
Enter frobcmp
Enter frobcmp
Enter frobcmp
Enter frobcmp
Enter frobcmp
Enter frobcmp
Enter frobcmp
Enter frobcmp
Enter frobcmp
Enter frobcmp
Enter frobcmp
Enter frobcmp
Enter frobcmp
Enter frobcmp
Enter frobcmp
Enter frobcmp
Enter frobcmp
Enter frobcmp
Enter frobcmp
Enter frobcmp
Enter frobcmp
Enter frobcmp
Enter frobcmp
Enter frobcmp
Enter frobcmp
Enter frobcmp
Enter frobcmp
Enter frobcmp
Enter frobcmp
Enter frobcmp
Enter frobcmp
Enter frobcmp
Enter frobcmp
Enter frobcmp
Enter frobcmp
Enter frobcmp
Enter frobcmp
Enter frobcmp
Enter frobcmp
Enter frobcmp
Enter frobcmp
Enter frobcmp
Enter frobcmp
Enter frobcmp
Enter frobcmp
Enter frobcmp
Enter frobcmp
Enter frobcmp
Enter frobcmp
Enter frobcmp
Enter frobcmp
Enter frobcmp
Enter frobcmp
Enter frobcmp
Enter frobcmp
Enter frobcmp
Enter frobcmp
Enter frobcmp
Enter frobcmp
Enter frobcmp
Enter frobcmp
Enter frobcmp
Enter frobcmp
Enter frobcmp
Enter frobcmp
Enter frobcmp
Enter frobcmp
Enter frobcmp
Enter frobcmp
Enter frobcmp
Enter frobcmp
Enter frobcmp
Enter frobcmp
Enter frobcmp
Enter frobcmp
Enter frobcmp
Enter frobcmp
Enter frobcmp
Enter frobcmp
Enter frobcmp
Enter frobcmp
Enter frobcmp
Enter frobcmp
Enter frobcmp
Enter frobcmp
Enter frobcmp
Enter frobcmp
Enter frobcmp
Enter frobcmp
Enter frobcmp
Enter frobcmp
Enter frobcmp
Enter frobcmp
Enter frobcmp
Enter frobcmp
Enter frobcmp
Enter frobcmp
Enter frobcmp
Enter frobcmp
Enter frobcmp
Enter frobcmp
Enter frobcmp
Enter frobcmp
Enter frobcmp
Enter frobcmp
Enter frobcmp
Enter frobcmp
Enter frobcmp
Enter frobcmp
Enter frobcmp
Enter frobcmp
Enter frobcmp
Enter frobcmp
Enter frobcmp
Enter frobcmp
Enter frobcmp
Enter frobcmp
Enter frobcmp
Enter frobcmp
Enter frobcmp
Enter frobcmp
Enter frobcmp
Enter frobcmp
Enter frobcmp
Enter frobcmp
Enter frobcmp
Enter frobcmp
Enter frobcmp
Enter frobcmp
Enter frobcmp
Enter frobcmp
Enter frobcmp
Enter frobcmp
Enter frobcmp
Enter frobcmp
Enter frobcmp
Enter frobcmp
Enter frobcmp
Enter frobcmp
Enter frobcmp
Enter frobcmp
Enter frobcmp
Enter frobcmp
Enter frobcmp
Enter frobcmp
Enter frobcmp
Enter frobcmp
Enter frobcmp
Enter frobcmp
Enter frobcmp
Enter frobcmp
Enter frobcmp
Enter frobcmp
Enter frobcmp
Enter frobcmp
Enter frobcmp
Enter frobcmp
Enter frobcmp
Enter frobcmp
Enter frobcmp
Enter frobcmp
Enter frobcmp
Enter frobcmp
Enter frobcmp
Enter frobcmp
Enter frobcmp
Enter frobcmp
Enter frobcmp
Enter frobcmp
Enter frobcmp
Enter frobcmp
Enter frobcmp
Enter frobcmp
Enter frobcmp
Enter frobcmp
Enter frobcmp
Enter frobcmp
Enter frobcmp
Enter frobcmp
Enter frobcmp
Enter frobcmp
Enter frobcmp
Enter frobcmp
Enter frobcmp
Enter frobcmp
Enter frobcmp
Enter frobcmp
Enter frobcmp
Enter frobcmp
Enter frobcmp
Enter frobcmp
Enter frobcmp
Enter frobcmp
Enter frobcmp
Enter frobcmp
Enter frobcmp
Enter frobcmp
Enter frobcmp
Enter frobcmp
Enter frobcmp
Enter frobcmp
Enter frobcmp
Enter frobcmp
Enter frobcmp
Enter frobcmp
Enter frobcmp
Enter frobcmp
Enter frobcmp
Enter frobcmp
Enter frobcmp
Enter frobcmp
Enter frobcmp
Enter frobcmp
Enter frobcmp
Enter frobcmp
Enter frobcmp
Enter frobcmp
Enter frobcmp
Enter frobcmp
Enter frobcmp
Enter frobcmp
Enter frobcmp
Enter frobcmp
Enter frobcmp
Enter frobcmp
Enter frobcmp
Enter frobcmp
Enter frobcmp
Enter frobcmp
Enter frobcmp
Enter frobcmp
Enter frobcmp
Enter frobcmp
Enter frobcmp
Enter frobcmp
Enter frobcmp
Enter frobcmp
Enter frobcmp
Enter frobcmp
Enter frobcmp
Enter frobcmp
Enter frobcmp
Enter frobcmp
Enter frobcmp
Enter frobcmp
Enter frobcmp
Enter frobcmp
Enter frobcmp
Enter frobcmp
Enter frobcmp
Enter frobcmp
Enter frobcmp
Enter frobcmp
Enter frobcmp
Enter frobcmp
Enter frobcmp
Enter frobcmp
Enter frobcmp
Enter frobcmp
Enter frobcmp
Enter frobcmp
Enter frobcmp
Enter frobcmp
Enter frobcmp
Enter frobcmp
Enter frobcmp
Enter frobcmp
Enter frobcmp
Enter frobcmp
Enter frobcmp
Enter frobcmp
Enter frobcmp
Enter frobcmp
Enter frobcmp
Enter frobcmp
Enter frobcmp
Enter frobcmp
Enter frobcmp
Enter frobcmp
Enter frobcmp
Enter frobcmp
Enter frobcmp
Enter frobcmp
Enter frobcmp
Enter frobcmp
Enter frobcmp
Enter frobcmp
Enter frobcmp
Enter frobcmp
Enter frobcmp
Enter frobcmp
Enter frobcmp
Enter frobcmp
Enter frobcmp
Enter frobcmp
Enter frobcmp
Enter frobcmp
Enter frobcmp
Enter frobcmp
Enter frobcmp
Enter frobcmp
Enter frobcmp
Enter frobcmp
Enter frobcmp
Enter frobcmp
Enter frobcmp
Enter frobcmp
Enter frobcmp
Enter frobcmp
Enter frobcmp
Enter frobcmp
Enter frobcmp
Enter frobcmp
Enter frobcmp
Enter frobcmp
Enter frobcmp
Enter frobcmp
Enter frobcmp
Enter frobcmp
Enter frobcmp
Enter frobcmp
Enter frobcmp
Enter frobcmp
Enter frobcmp
Enter frobcmp
Enter frobcmp
Enter frobcmp
Enter frobcmp
Enter frobcmp
Enter frobcmp
Enter frobcmp
Enter frobcmp
Enter frobcmp
Enter frobcmp
Enter frobcmp
Enter frobcmp
Enter frobcmp
Enter frobcmp
Enter frobcmp
Enter frobcmp
Enter frobcmp
Enter frobcmp
Enter frobcmp
Enter frobcmp
Enter frobcmp
Enter frobcmp
Enter frobcmp
Enter frobcmp
Enter frobcmp
Enter frobcmp
Enter frobcmp
Enter frobcmp
Enter frobcmp
Enter frobcmp
Enter frobcmp
Enter frobcmp
Enter frobcmp
Enter frobcmp
Enter frobcmp
Enter frobcmp
Enter frobcmp
Enter frobcmp
Enter frobcmp
Enter frobcmp
Enter frobcmp
Enter frobcmp
Enter frobcmp
Enter frobcmp
Enter frobcmp
Enter frobcmp
Enter frobcmp
Enter frobcmp
Enter frobcmp
Enter frobcmp
Enter frobcmp
Enter frobcmp
Enter frobcmp
Enter frobcmp
Enter frobcmp
Enter frobcmp
Enter frobcmp
Enter frobcmp
Enter frobcmp
Enter frobcmp
Enter frobcmp
Enter frobcmp
Enter frobcmp
Enter frobcmp
Enter frobcmp
Enter frobcmp
Enter frobcmp
Enter frobcmp
Enter frobcmp
Enter frobcmp
Enter frobcmp
Enter frobcmp
Enter frobcmp
Enter frobcmp
Enter frobcmp
Enter frobcmp
Enter frobcmp
Enter frobcmp
Enter frobcmp
Enter frobcmp
Enter frobcmp
Enter frobcmp
Enter frobcmp
Enter frobcmp
Enter frobcmp
Enter frobcmp
Enter frobcmp
Enter frobcmp
Enter frobcmp
Enter frobcmp
Enter frobcmp
Enter frobcmp
Enter frobcmp
Enter frobcmp
Enter frobcmp
Enter frobcmp
Enter frobcmp
Enter frobcmp
Enter frobcmp
Enter frobcmp
Enter frobcmp
Enter frobcmp
Enter frobcmp
Enter frobcmp
Enter frobcmp
Enter frobcmp
Enter frobcmp
Enter frobcmp
Enter frobcmp
Enter frobcmp
Enter frobcmp
Enter frobcmp
Enter frobcmp
Enter frobcmp
Enter frobcmp
Enter frobcmp
Enter frobcmp
Enter frobcmp
Enter frobcmp
Enter frobcmp
Enter frobcmp
Enter frobcmp
Enter frobcmp
Enter frobcmp
Enter frobcmp
Enter frobcmp
Enter frobcmp
Enter frobcmp
Enter frobcmp
Enter frobcmp
Enter frobcmp
Enter frobcmp
Enter frobcmp
Enter frobcmp
Enter frobcmp
Enter frobcmp
Enter frobcmp
Enter frobcmp
Enter frobcmp
Enter frobcmp
Enter frobcmp
Enter frobcmp
Enter frobcmp
Enter frobcmp
Enter frobcmp
Enter frobcmp
Enter frobcmp
Enter frobcmp
Enter frobcmp
Enter frobcmp
Enter frobcmp
Enter frobcmp
Enter frobcmp
Enter frobcmp
Enter frobcmp
Enter frobcmp
Enter frobcmp
Enter frobcmp
Enter frobcmp
Enter frobcmp
Enter frobcmp
Enter frobcmp
Enter frobcmp
Enter frobcmp
Enter frobcmp
Enter frobcmp
Enter frobcmp
Enter frobcmp
Enter frobcmp
Enter frobcmp
Enter frobcmp
Enter frobcmp
Enter frobcmp
Enter frobcmp
Enter frobcmp
Enter frobcmp
Enter frobcmp
Enter frobcmp
Enter frobcmp
Enter frobcmp
Enter frobcmp
Enter frobcmp
Enter frobcmp
Enter frobcmp
Enter frobcmp
Enter frobcmp
Enter frobcmp
Enter frobcmp
Enter frobcmp
Enter frobcmp
Enter frobcmp
Enter frobcmp
Enter frobcmp
Enter frobcmp
Enter frobcmp
Enter frobcmp
Enter frobcmp
Enter frobcmp
Enter frobcmp
Enter frobcmp
Enter frobcmp
Enter frobcmp
Enter frobcmp
Enter frobcmp
Enter frobcmp
Enter frobcmp
Enter frobcmp
Enter frobcmp
Enter frobcmp
Enter frobcmp
Enter frobcmp
Enter frobcmp
Enter frobcmp
Enter frobcmp
Enter frobcmp
Enter frobcmp
Enter frobcmp
Enter frobcmp
Enter frobcmp
Enter frobcmp
Enter frobcmp
Enter frobcmp
Enter frobcmp
Enter frobcmp
Enter frobcmp
Enter frobcmp
Enter frobcmp
Enter frobcmp
Enter frobcmp
Enter frobcmp
Enter frobcmp
Enter frobcmp
Enter frobcmp
Enter frobcmp
Enter frobcmp
Enter frobcmp
Enter frobcmp
Enter frobcmp
Enter frobcmp
Enter frobcmp
Enter frobcmp
Enter frobcmp
Enter frobcmp
Enter frobcmp
Enter frobcmp
Enter frobcmp
Enter frobcmp
Enter frobcmp
Enter frobcmp
Enter frobcmp
Enter frobcmp
Enter frobcmp
Enter frobcmp
Enter frobcmp
Enter frobcmp
Enter frobcmp
Enter frobcmp
Enter frobcmp
Enter frobcmp
Enter frobcmp
Enter frobcmp
Enter frobcmp
Enter frobcmp
Enter frobcmp
Enter frobcmp
Enter frobcmp
Enter frobcmp
Enter frobcmp
Enter frobcmp
Enter frobcmp
Enter frobcmp
Enter frobcmp
Enter frobcmp
Enter frobcmp
Enter frobcmp
Enter frobcmp
Enter frobcmp
Enter frobcmp
Enter frobcmp
Enter frobcmp
Enter frobcmp
Enter frobcmp
Enter frobcmp
Enter frobcmp
Enter frobcmp
Enter frobcmp
Enter frobcmp
Enter frobcmp
Enter frobcmp
Enter frobcmp
Enter frobcmp
Enter frobcmp
Enter frobcmp
Enter frobcmp
Enter frobcmp
Enter frobcmp
Enter frobcmp
Enter frobcmp
Enter frobcmp
Enter frobcmp
Enter frobcmp
Enter frobcmp
Enter frobcmp
Enter frobcmp
Enter frobcmp
Enter frobcmp
Enter frobcmp
Enter frobcmp
Enter frobcmp
Enter frobcmp
Enter frobcmp
Enter frobcmp
Enter frobcmp
Enter frobcmp
Enter frobcmp
Enter frobcmp
Enter frobcmp
Enter frobcmp
Enter frobcmp
Enter frobcmp
Enter frobcmp
Enter frobcmp
Enter frobcmp
Enter frobcmp
Enter frobcmp
Enter frobcmp
Enter frobcmp
Enter frobcmp
Enter frobcmp
Enter frobcmp
Enter frobcmp
Enter frobcmp
Enter frobcmp
Enter frobcmp
Enter frobcmp
Enter frobcmp
Enter frobcmp
Enter frobcmp
Enter frobcmp
Enter frobcmp
Enter frobcmp
Enter frobcmp
Enter frobcmp
Enter frobcmp
Enter frobcmp
Enter frobcmp
Enter frobcmp
Enter frobcmp
Enter frobcmp
Enter frobcmp
Enter frobcmp
Enter frobcmp
Enter frobcmp
Enter frobcmp
Enter frobcmp
Enter frobcmp
Enter frobcmp
Enter frobcmp
Enter frobcmp
Enter frobcmp
Enter frobcmp
Enter frobcmp
Enter frobcmp
Enter frobcmp
Enter frobcmp
Enter frobcmp
Enter frobcmp
Enter frobcmp
Enter frobcmp
Enter frobcmp
Enter frobcmp
Enter frobcmp
Enter frobcmp
Enter frobcmp
Enter frobcmp
Enter frobcmp
Enter frobcmp
Enter frobcmp
Enter frobcmp
Enter frobcmp
Enter frobcmp
Enter frobcmp
Enter frobcmp
Enter frobcmp
Enter frobcmp
Enter frobcmp
Enter frobcmp
Enter frobcmp
Enter frobcmp
Enter frobcmp
Enter frobcmp
Enter frobcmp
Enter frobcmp
Enter frobcmp
Enter frobcmp
Enter frobcmp
Enter frobcmp
Enter frobcmp
Enter frobcmp
Enter frobcmp
Enter frobcmp
Enter frobcmp
Enter frobcmp
Enter frobcmp
Enter frobcmp
Enter frobcmp
Enter frobcmp
Enter frobcmp
Enter frobcmp
Enter frobcmp
Enter frobcmp
Enter frobcmp
Enter frobcmp
Enter frobcmp
Enter frobcmp
Enter frobcmp
Enter frobcmp
Enter frobcmp
Enter frobcmp
Enter frobcmp
Enter frobcmp
Enter frobcmp
Enter frobcmp
Enter frobcmp
Enter frobcmp
Enter frobcmp
Enter frobcmp
Enter frobcmp
Enter frobcmp
Enter frobcmp
Enter frobcmp
Enter frobcmp
Enter frobcmp
Enter frobcmp
Enter frobcmp
Enter frobcmp
Enter frobcmp
Enter frobcmp
Enter frobcmp
Enter frobcmp
Enter frobcmp
Enter frobcmp
Enter frobcmp
Enter frobcmp
Enter frobcmp
Enter frobcmp
Enter frobcmp
Enter frobcmp
Enter frobcmp
Enter frobcmp
Enter frobcmp
Enter frobcmp
Enter frobcmp
Enter frobcmp
Enter frobcmp
Enter frobcmp
Enter frobcmp
Enter frobcmp
Enter frobcmp
Enter frobcmp
Enter frobcmp
Enter frobcmp
Enter frobcmp
Enter frobcmp
Enter frobcmp
Enter frobcmp
Enter frobcmp
Enter frobcmp
Enter frobcmp
Enter frobcmp
Enter frobcmp
Enter frobcmp
Enter frobcmp
Enter frobcmp
Enter frobcmp
Enter frobcmp
Enter frobcmp
Enter frobcmp
Enter frobcmp
Enter frobcmp
Enter frobcmp
Enter frobcmp
Enter frobcmp
Enter frobcmp
Enter frobcmp
Enter frobcmp
Enter frobcmp
Enter frobcmp
Enter frobcmp
Enter frobcmp
Enter frobcmp
Enter frobcmp
Enter frobcmp
Enter frobcmp
Enter frobcmp
Enter frobcmp
Enter frobcmp
Enter frobcmp
Enter frobcmp
Enter frobcmp
Enter frobcmp
Enter frobcmp
Enter frobcmp
Enter frobcmp
Enter frobcmp
Enter frobcmp
Enter frobcmp
Enter frobcmp
Enter frobcmp
Enter frobcmp
Enter frobcmp
Enter frobcmp
Enter frobcmp
Enter frobcmp
Enter frobcmp
Enter frobcmp
Enter frobcmp
Enter frobcmp
Enter frobcmp
Enter frobcmp
Enter frobcmp
Enter frobcmp
Enter frobcmp
Enter frobcmp
Enter frobcmp
Enter frobcmp
Enter frobcmp
Enter frobcmp
Enter frobcmp
Enter frobcmp
Enter frobcmp
Enter frobcmp
Enter frobcmp
Enter frobcmp
Enter frobcmp
Enter frobcmp
Enter frobcmp
Enter frobcmp
Enter frobcmp
Enter frobcmp
Enter frobcmp
Enter frobcmp
Enter frobcmp
Enter frobcmp
Enter frobcmp
Enter frobcmp
Enter frobcmp
Enter frobcmp
Enter frobcmp
Enter frobcmp
Enter frobcmp
Enter frobcmp
Enter frobcmp
Enter frobcmp
Enter frobcmp
Enter frobcmp
Enter frobcmp
Enter frobcmp
Enter frobcmp
Enter frobcmp
Enter frobcmp
Enter frobcmp
Enter frobcmp
Enter frobcmp
Enter frobcmp
Enter frobcmp
Enter frobcmp
Enter frobcmp
Enter frobcmp
Enter frobcmp
Enter frobcmp
Enter frobcmp
Enter frobcmp
Enter frobcmp
Enter frobcmp
Enter frobcmp
Enter frobcmp
Enter frobcmp
Enter frobcmp
Enter frobcmp
Enter frobcmp
Enter frobcmp
Enter frobcmp
Enter frobcmp
Enter frobcmp
Enter frobcmp
Enter frobcmp
Enter frobcmp
Enter frobcmp
Enter frobcmp
Enter frobcmp
Enter frobcmp
Enter frobcmp
Enter frobcmp
Enter frobcmp
Enter frobcmp
Enter frobcmp
Enter frobcmp
Enter frobcmp
Enter frobcmp
Enter frobcmp
Enter frobcmp
Enter frobcmp
Enter frobcmp
Enter frobcmp
Enter frobcmp
Enter frobcmp
Enter frobcmp
Enter frobcmp
Enter frobcmp
Enter frobcmp
Enter frobcmp
Enter frobcmp
Enter frobcmp
Enter frobcmp
Enter frobcmp
Enter frobcmp
Enter frobcmp
Enter frobcmp
Enter frobcmp
Enter frobcmp
Enter frobcmp
Enter frobcmp
Enter frobcmp
Enter frobcmp
Enter frobcmp
Enter frobcmp
Enter frobcmp
Enter frobcmp
Enter frobcmp
Enter frobcmp
Enter frobcmp
Enter frobcmp
Enter frobcmp
Enter frobcmp
Enter frobcmp
Enter frobcmp
Enter frobcmp
Enter frobcmp
Enter frobcmp
Enter frobcmp
Enter frobcmp
Enter frobcmp
Enter frobcmp
Enter frobcmp
Enter frobcmp
Enter frobcmp
Enter frobcmp
Enter frobcmp
Enter frobcmp
Enter frobcmp
Enter frobcmp
Enter frobcmp
Enter frobcmp
Enter frobcmp
Enter frobcmp
Enter frobcmp
Enter frobcmp
Enter frobcmp
Enter frobcmp
Enter frobcmp
Enter frobcmp
Enter frobcmp
Enter frobcmp
Enter frobcmp
Enter frobcmp
Enter frobcmp
Enter frobcmp
Enter frobcmp
Enter frobcmp
Enter frobcmp
Enter frobcmp
Enter frobcmp
Enter frobcmp
Enter frobcmp
Enter frobcmp
Enter frobcmp
Enter frobcmp
Enter frobcmp
Enter frobcmp
Enter frobcmp
Enter frobcmp
Enter frobcmp
Enter frobcmp
Enter frobcmp
Enter frobcmp
Enter frobcmp
Enter frobcmp
Enter frobcmp
Enter frobcmp
Enter frobcmp
Enter frobcmp
Enter frobcmp
Enter frobcmp
Enter frobcmp
Enter frobcmp
Enter frobcmp
Enter frobcmp
Enter frobcmp
Enter frobcmp
Enter frobcmp
Enter frobcmp
Enter frobcmp
Enter frobcmp
Enter frobcmp
Enter frobcmp
Enter frobcmp
Enter frobcmp
Enter frobcmp
Enter frobcmp
Enter frobcmp
Enter frobcmp
Enter frobcmp
Enter frobcmp
Enter frobcmp
Enter frobcmp
Enter frobcmp
Enter frobcmp
Enter frobcmp
Enter frobcmp
Enter frobcmp
Enter frobcmp
Enter frobcmp
Enter frobcmp
Enter frobcmp
Enter frobcmp
Enter frobcmp
Enter frobcmp
Enter frobcmp
Enter frobcmp
Enter frobcmp
Enter frobcmp
Enter frobcmp
Enter frobcmp
Enter frobcmp
Enter frobcmp
Enter frobcmp
Enter frobcmp
Enter frobcmp
Enter frobcmp
Enter frobcmp
Enter frobcmp
Enter frobcmp
Enter frobcmp
Enter frobcmp
Enter frobcmp
Enter frobcmp
Enter frobcmp
Enter frobcmp
Enter frobcmp
Enter frobcmp
Enter frobcmp
Enter frobcmp
Enter frobcmp
Enter frobcmp
Enter frobcmp
Enter frobcmp
Enter frobcmp
Enter frobcmp
Enter frobcmp
Enter frobcmp
Enter frobcmp
Enter frobcmp
Enter frobcmp
Enter frobcmp
Enter frobcmp
Enter frobcmp
Enter frobcmp
Enter frobcmp
Enter frobcmp
Enter frobcmp
Enter frobcmp
Enter frobcmp
Enter frobcmp
Enter frobcmp
Enter frobcmp
Enter frobcmp
Enter frobcmp
Enter frobcmp
Enter frobcmp
Enter frobcmp
Enter frobcmp
Enter frobcmp
Enter frobcmp
Enter frobcmp
Enter frobcmp
Enter frobcmp
Enter frobcmp
Enter frobcmp
Enter frobcmp
Enter frobcmp
Enter frobcmp
Enter frobcmp
Enter frobcmp
Enter frobcmp
Enter frobcmp
Enter frobcmp
Enter frobcmp
Enter frobcmp
Enter frobcmp
Enter frobcmp
Enter frobcmp
Enter frobcmp
Enter frobcmp
Enter frobcmp
Enter frobcmp
Enter frobcmp
Enter frobcmp
Enter frobcmp
Enter frobcmp
Enter frobcmp
Enter frobcmp
Enter frobcmp
Enter frobcmp
Enter frobcmp
Enter frobcmp
Enter frobcmp
Enter frobcmp
Enter frobcmp
Enter frobcmp
Enter frobcmp
Enter frobcmp
Enter frobcmp
Enter frobcmp
Enter frobcmp
Enter frobcmp
Enter frobcmp
Enter frobcmp
Enter frobcmp
Enter frobcmp
Enter frobcmp
Enter frobcmp
Enter frobcmp
Enter frobcmp
Enter frobcmp
Enter frobcmp
Enter frobcmp
Enter frobcmp
Enter frobcmp
Enter frobcmp
Enter frobcmp
Enter frobcmp
Enter frobcmp
Enter frobcmp
Enter frobcmp
Enter frobcmp
Enter frobcmp
Enter frobcmp
Enter frobcmp
Enter frobcmp
Enter frobcmp
Enter frobcmp
Enter frobcmp
Enter frobcmp
Enter frobcmp
Enter frobcmp
Enter frobcmp
Enter frobcmp
Enter frobcmp
Enter frobcmp
Enter frobcmp
Enter frobcmp
Enter frobcmp
Enter frobcmp
Enter frobcmp
Enter frobcmp
Enter frobcmp
Enter frobcmp
Enter frobcmp
Enter frobcmp
Enter frobcmp
Enter frobcmp
Enter frobcmp
Enter frobcmp
Enter frobcmp
Enter frobcmp
Enter frobcmp
Enter frobcmp
Enter frobcmp
Enter frobcmp
Enter frobcmp
Enter frobcmp
Enter frobcmp
Enter frobcmp
Enter frobcmp
Enter frobcmp
Enter frobcmp
Enter frobcmp
Enter frobcmp
Enter frobcmp
Enter frobcmp
Enter frobcmp
Enter frobcmp
Enter frobcmp
Enter frobcmp
Enter frobcmp
Enter frobcmp
Enter frobcmp
Enter frobcmp
Enter frobcmp
Enter frobcmp
Enter frobcmp
Enter frobcmp
Enter frobcmp
Enter frobcmp
Enter frobcmp
Enter frobcmp
Enter frobcmp
Enter frobcmp
Enter frobcmp
Enter frobcmp
Enter frobcmp
Enter frobcmp
Enter frobcmp
Enter frobcmp
Enter frobcmp
Enter frobcmp
Enter frobcmp
Enter frobcmp
Enter frobcmp
Enter frobcmp
Enter frobcmp
Enter frobcmp
Enter frobcmp
Enter frobcmp
Enter frobcmp
Enter frobcmp
Enter frobcmp
Enter frobcmp
Enter frobcmp
Enter frobcmp
Enter frobcmp
Enter frobcmp
Enter frobcmp
Enter frobcmp
Enter frobcmp
Enter frobcmp
Enter frobcmp
Enter frobcmp
Enter frobcmp
Enter frobcmp
Enter frobcmp
Enter frobcmp
Enter frobcmp
Enter frobcmp
Enter frobcmp
Enter frobcmp
Enter frobcmp
Enter frobcmp
Enter frobcmp
Enter frobcmp
Enter frobcmp
Enter frobcmp
Enter frobcmp
Enter frobcmp
Enter frobcmp
Enter frobcmp
Enter frobcmp
Enter frobcmp
Enter frobcmp
Enter frobcmp
Enter frobcmp
Enter frobcmp
Enter frobcmp
Enter frobcmp
Enter frobcmp
Enter frobcmp
Enter frobcmp
Enter frobcmp
Enter frobcmp
Enter frobcmp
Enter frobcmp
Enter frobcmp
Enter frobcmp
Enter frobcmp
Enter frobcmp
Enter frobcmp
Enter frobcmp
Enter frobcmp
Enter frobcmp
Enter frobcmp
Enter frobcmp
Enter frobcmp
Enter frobcmp
Enter frobcmp
Enter frobcmp
Enter frobcmp
Enter frobcmp
Enter frobcmp
Enter frobcmp
Enter frobcmp
Enter frobcmp
Enter frobcmp
Enter frobcmp
Enter frobcmp
Enter frobcmp
Enter frobcmp
Enter frobcmp
Enter frobcmp
Enter frobcmp
Enter frobcmp
Enter frobcmp
Enter frobcmp
Enter frobcmp
Enter frobcmp
Enter frobcmp
Enter frobcmp
Enter frobcmp
Enter frobcmp
Enter frobcmp
Enter frobcmp
Enter frobcmp
Enter frobcmp
Enter frobcmp
Enter frobcmp
Enter frobcmp
Enter frobcmp
Enter frobcmp
Enter frobcmp
Enter frobcmp
Enter frobcmp
Enter frobcmp
Enter frobcmp
Enter frobcmp
Enter frobcmp
Enter frobcmp
Enter frobcmp
Enter frobcmp
Enter frobcmp
Enter frobcmp
Enter frobcmp
Enter frobcmp
Enter frobcmp
Enter frobcmp
Enter frobcmp
Enter frobcmp
Enter frobcmp
Enter frobcmp
Enter frobcmp
Enter frobcmp
Enter frobcmp
Enter frobcmp
Enter frobcmp
Enter frobcmp
Enter frobcmp
Enter frobcmp
Enter frobcmp
Enter frobcmp
Enter frobcmp
Enter frobcmp
Enter frobcmp
Enter frobcmp
Enter frobcmp
Enter frobcmp
Enter frobcmp
Enter frobcmp
Enter frobcmp
Enter frobcmp
Enter frobcmp
Enter frobcmp
Enter frobcmp
Enter frobcmp
Enter frobcmp
Enter frobcmp
Enter frobcmp
Enter frobcmp
Enter frobcmp
Enter frobcmp
Enter frobcmp
Enter frobcmp
Enter frobcmp
Enter frobcmp
Enter frobcmp
Enter frobcmp
Enter frobcmp
Enter frobcmp
Enter frobcmp
Enter frobcmp
Enter frobcmp
Enter frobcmp
Enter frobcmp
Enter frobcmp
Enter frobcmp
Enter frobcmp
Enter frobcmp
Enter frobcmp
Enter frobcmp
Enter frobcmp
Enter frobcmp
Enter frobcmp
Enter frobcmp
Enter frobcmp
Enter frobcmp
Enter frobcmp
Enter frobcmp
Enter frobcmp
Enter frobcmp
Enter frobcmp
Enter frobcmp
Enter frobcmp
Enter frobcmp
Enter frobcmp
Enter frobcmp
Enter frobcmp
Enter frobcmp
Enter frobcmp
Enter frobcmp
Enter frobcmp
Enter frobcmp
Enter frobcmp
Enter frobcmp
Enter frobcmp
Enter frobcmp
Enter frobcmp
Enter frobcmp
Enter frobcmp
Enter frobcmp
Enter frobcmp
Enter frobcmp
Enter frobcmp
Enter frobcmp
Enter frobcmp
Enter frobcmp
Enter frobcmp
Enter frobcmp
Enter frobcmp
Enter frobcmp
Enter frobcmp
Enter frobcmp
Enter frobcmp
Enter frobcmp
Enter frobcmp
Enter frobcmp
Enter frobcmp
Enter frobcmp
Enter frobcmp
Enter frobcmp
Enter frobcmp
Enter frobcmp
Enter frobcmp
Enter frobcmp
Enter frobcmp
Enter frobcmp
Enter frobcmp
Enter frobcmp
Enter frobcmp
Enter frobcmp
Enter frobcmp
Enter frobcmp
Enter frobcmp
Enter frobcmp
Enter frobcmp
Enter frobcmp
Enter frobcmp
Enter frobcmp
Enter frobcmp
Enter frobcmp
Enter frobcmp
Enter frobcmp
Enter frobcmp
Enter frobcmp
Enter frobcmp
Enter frobcmp
Enter frobcmp
Enter frobcmp
Enter frobcmp
Enter frobcmp
Enter frobcmp
Enter frobcmp
Enter frobcmp
Enter frobcmp
Enter frobcmp
Enter frobcmp
Enter frobcmp
Enter frobcmp
Enter frobcmp
Enter frobcmp
Enter frobcmp
Enter frobcmp
Enter frobcmp
Enter frobcmp
Enter frobcmp
Enter frobcmp
Enter frobcmp
Enter frobcmp
Enter frobcmp
Enter frobcmp
Enter frobcmp
Enter frobcmp
Enter frobcmp
Enter frobcmp
Enter frobcmp
Enter frobcmp
Enter frobcmp
Enter frobcmp
Enter frobcmp
Enter frobcmp
Enter frobcmp
Enter frobcmp
Enter frobcmp
Enter frobcmp
Enter frobcmp
Enter frobcmp
Enter frobcmp
Enter frobcmp
Enter frobcmp
Enter frobcmp
Enter frobcmp
Enter frobcmp
Enter frobcmp
Enter frobcmp
Enter frobcmp
Enter frobcmp
Enter frobcmp
Enter frobcmp
Enter frobcmp
Enter frobcmp
Enter frobcmp
Enter frobcmp
Enter frobcmp
Enter frobcmp
Enter frobcmp
Enter frobcmp
Enter frobcmp
Enter frobcmp
Enter frobcmp
Enter frobcmp
Enter frobcmp
Enter frobcmp
Enter frobcmp
Enter frobcmp
Enter frobcmp
Enter frobcmp
Enter frobcmp
Enter frobcmp
Enter frobcmp
Enter frobcmp
Enter frobcmp
Enter frobcmp
Enter frobcmp
Enter frobcmp
Enter frobcmp
Enter frobcmp
Enter frobcmp
Enter frobcmp
Enter frobcmp
Enter frobcmp
Enter frobcmp
Enter frobcmp
Enter frobcmp
Enter frobcmp
Enter frobcmp
Enter frobcmp
Enter frobcmp
Enter frobcmp
Enter frobcmp
Enter frobcmp
Enter frobcmp
Enter frobcmp
Enter frobcmp
Enter frobcmp
Enter frobcmp
Enter frobcmp
Enter frobcmp
Enter frobcmp
Enter frobcmp
Enter frobcmp
Enter frobcmp
Enter frobcmp
Enter frobcmp
Enter frobcmp
Enter frobcmp
Enter frobcmp
Enter frobcmp
Enter frobcmp
Enter frobcmp
Enter frobcmp
Enter frobcmp
Enter frobcmp
Enter frobcmp
Enter frobcmp
Enter frobcmp
Enter frobcmp
Enter frobcmp
Enter frobcmp
Enter frobcmp
Enter frobcmp
Enter frobcmp
Enter frobcmp
Enter frobcmp
Enter frobcmp
Enter frobcmp
Enter frobcmp
Enter frobcmp
Enter frobcmp
Enter frobcmp
Enter frobcmp
Enter frobcmp
Enter frobcmp
Enter frobcmp
Enter frobcmp
Enter frobcmp
Enter frobcmp
Enter frobcmp
Enter frobcmp
Enter frobcmp
Enter frobcmp
Enter frobcmp
Enter frobcmp
Enter frobcmp
Enter frobcmp
Enter frobcmp
Enter frobcmp
Enter frobcmp
Enter frobcmp
Enter frobcmp
Enter frobcmp
Enter frobcmp
Enter frobcmp
Enter frobcmp
Enter frobcmp
Enter frobcmp
Enter frobcmp
Enter frobcmp
Enter frobcmp
Enter frobcmp
Enter frobcmp
Enter frobcmp
Enter frobcmp
Enter frobcmp
Enter frobcmp
Enter frobcmp
Enter frobcmp
Enter frobcmp
Enter frobcmp
Enter frobcmp
Enter frobcmp
Enter frobcmp
Enter frobcmp
Enter frobcmp
Enter frobcmp
Enter frobcmp
Enter frobcmp
Enter frobcmp
Enter frobcmp
Enter frobcmp
Enter frobcmp
Enter frobcmp
Enter frobcmp
Enter frobcmp
Enter frobcmp
Enter frobcmp
Enter frobcmp
Enter frobcmp
Enter frobcmp
Enter frobcmp
Enter frobcmp
Enter frobcmp
Enter frobcmp
Enter frobcmp
Enter frobcmp
Enter frobcmp
Enter frobcmp
Enter frobcmp
Enter frobcmp
Enter frobcmp
Enter frobcmp
Enter frobcmp
Enter frobcmp
Enter frobcmp
Enter frobcmp
Enter frobcmp
Enter frobcmp
Enter frobcmp
Enter frobcmp
Enter frobcmp
Enter frobcmp
Enter frobcmp
Enter frobcmp
Enter frobcmp
Enter frobcmp
Enter frobcmp
Enter frobcmp
Enter frobcmp
Enter frobcmp
Enter frobcmp
Enter frobcmp
Enter frobcmp
Enter frobcmp
Enter frobcmp
Enter frobcmp
Enter frobcmp
Enter frobcmp
Enter frobcmp
Enter frobcmp
Enter frobcmp
Enter frobcmp
Enter frobcmp
Enter frobcmp
Enter frobcmp
Enter frobcmp
Enter frobcmp
Enter frobcmp
Enter frobcmp
Enter frobcmp
Enter frobcmp
Enter frobcmp
Enter frobcmp
Enter frobcmp
Enter frobcmp
Enter frobcmp
Enter frobcmp
Enter frobcmp
Enter frobcmp
Enter frobcmp
Enter frobcmp
Enter frobcmp
Enter frobcmp
Enter frobcmp
Enter frobcmp
Enter frobcmp
Enter frobcmp
Enter frobcmp
Enter frobcmp
Enter frobcmp
Enter frobcmp
Enter frobcmp
Enter frobcmp
Enter frobcmp
Enter frobcmp
Enter frobcmp
Enter frobcmp
Enter frobcmp
Enter frobcmp
Enter frobcmp
Enter frobcmp
Enter frobcmp
Enter frobcmp
Enter frobcmp
Enter frobcmp
Enter frobcmp
Enter frobcmp
Enter frobcmp
Enter frobcmp
Enter frobcmp
Enter frobcmp
Enter frobcmp
Enter frobcmp
Enter frobcmp
Enter frobcmp
Enter frobcmp
Enter frobcmp
Enter frobcmp
Enter frobcmp
Enter frobcmp
Enter frobcmp
Enter frobcmp
Enter frobcmp
Enter frobcmp
Enter frobcmp
Enter frobcmp
Enter frobcmp
Enter frobcmp
Enter frobcmp
Enter frobcmp
Enter frobcmp
Enter frobcmp
Enter frobcmp
Enter frobcmp
Enter frobcmp
Enter frobcmp
Enter frobcmp
Enter frobcmp
Enter frobcmp
Enter frobcmp
Enter frobcmp
Enter frobcmp
Enter frobcmp
Enter frobcmp
Enter frobcmp
Enter frobcmp
Enter frobcmp
Enter frobcmp
Enter frobcmp
Enter frobcmp
Enter frobcmp
Enter frobcmp
Enter frobcmp
Enter frobcmp
Enter frobcmp
Enter frobcmp
Enter frobcmp
Enter frobcmp
Enter frobcmp
Enter frobcmp
Enter frobcmp
Enter frobcmp
Enter frobcmp
Enter frobcmp
Enter frobcmp
Enter frobcmp
Enter frobcmp
Enter frobcmp
Enter frobcmp
Enter frobcmp
Enter frobcmp
Enter frobcmp
Enter frobcmp
Enter frobcmp
Enter frobcmp
Enter frobcmp
Enter frobcmp
Enter frobcmp
Enter frobcmp
Enter frobcmp
Enter frobcmp
Enter frobcmp
Enter frobcmp
Enter frobcmp
Enter frobcmp
Enter frobcmp
Enter frobcmp
Enter frobcmp
Enter frobcmp
Enter frobcmp
Enter frobcmp
Enter frobcmp
Enter frobcmp
Enter frobcmp
Enter frobcmp
Enter frobcmp
Enter frobcmp
Enter frobcmp
Enter frobcmp
Enter frobcmp
Enter frobcmp
Enter frobcmp
Enter frobcmp
Enter frobcmp
Enter frobcmp
Enter frobcmp
Enter frobcmp
Enter frobcmp
Enter frobcmp
Enter frobcmp
Enter frobcmp
Enter frobcmp
Enter frobcmp
Enter frobcmp
Enter frobcmp
Enter frobcmp
Enter frobcmp
Enter frobcmp
Enter frobcmp
Enter frobcmp
Enter frobcmp
Enter frobcmp
Enter frobcmp
Enter frobcmp
Enter frobcmp
Enter frobcmp
Enter frobcmp
Enter frobcmp
Enter frobcmp
Enter frobcmp
Enter frobcmp
Enter frobcmp
Enter frobcmp
Enter frobcmp
Enter frobcmp
Enter frobcmp
Enter frobcmp
Enter frobcmp
Enter frobcmp
Enter frobcmp
Enter frobcmp
Enter frobcmp
Enter frobcmp
Enter frobcmp
Enter frobcmp
Enter frobcmp
Enter frobcmp
Enter frobcmp
Enter frobcmp
Enter frobcmp
Enter frobcmp
Enter frobcmp
Enter frobcmp
Enter frobcmp
Enter frobcmp
Enter frobcmp
Enter frobcmp
Enter frobcmp
Enter frobcmp
Enter frobcmp
Enter frobcmp
Enter frobcmp
Enter frobcmp
Enter frobcmp
Enter frobcmp
Enter frobcmp
Enter frobcmp
Enter frobcmp
Enter frobcmp
Enter frobcmp
Enter frobcmp
Enter frobcmp
Enter frobcmp
Enter frobcmp
Enter frobcmp
Enter frobcmp
Enter frobcmp
Enter frobcmp
Enter frobcmp
Enter frobcmp
Enter frobcmp
Enter frobcmp
Enter frobcmp
Enter frobcmp
Enter frobcmp
Enter frobcmp
Enter frobcmp
Enter frobcmp
Enter frobcmp
Enter frobcmp
Enter frobcmp
Enter frobcmp
Enter frobcmp
Enter frobcmp
Enter frobcmp
Enter frobcmp
Enter frobcmp
Enter frobcmp
Enter frobcmp
Enter frobcmp
Enter frobcmp
Enter frobcmp
Enter frobcmp
Enter frobcmp
Enter frobcmp
Enter frobcmp
Enter frobcmp
Enter frobcmp
Enter frobcmp
Enter frobcmp
Enter frobcmp
Enter frobcmp
Enter frobcmp
Enter frobcmp
Enter frobcmp
Enter frobcmp
Enter frobcmp
Enter frobcmp
Enter frobcmp
Enter frobcmp
Enter frobcmp
Enter frobcmp
Enter frobcmp
Enter frobcmp
Enter frobcmp
Enter frobcmp
Enter frobcmp
Enter frobcmp
Enter frobcmp
Enter frobcmp
Enter frobcmp
Enter frobcmp
Enter frobcmp
Enter frobcmp
Enter frobcmp
Enter frobcmp
Enter frobcmp
Enter frobcmp
Enter frobcmp
Enter frobcmp
Enter frobcmp
Enter frobcmp
Enter frobcmp
Enter frobcmp
Enter frobcmp
Enter frobcmp
Enter frobcmp
Enter frobcmp
Enter frobcmp
Enter frobcmp
Enter frobcmp
Enter frobcmp
Enter frobcmp
Enter frobcmp
Enter frobcmp
Enter frobcmp
Enter frobcmp
Enter frobcmp
Enter frobcmp
Enter frobcmp
Enter frobcmp
Enter frobcmp
Enter frobcmp
Enter frobcmp
Enter frobcmp
Enter frobcmp
Enter frobcmp
Enter frobcmp
Enter frobcmp
Enter frobcmp
Enter frobcmp
Enter frobcmp
Enter frobcmp
Enter frobcmp
Enter frobcmp
Enter frobcmp
Enter frobcmp
Enter frobcmp
Enter frobcmp
Enter frobcmp
Enter frobcmp
Enter frobcmp
Enter frobcmp
Enter frobcmp
Enter frobcmp
Enter frobcmp
Enter frobcmp
Enter frobcmp
Enter frobcmp
Enter frobcmp
Enter frobcmp
Enter frobcmp
Enter frobcmp
Enter frobcmp
Enter frobcmp
Enter frobcmp
Enter frobcmp
Enter frobcmp
Enter frobcmp
Enter frobcmp
Enter frobcmp
Enter frobcmp
Enter frobcmp
Enter frobcmp
Enter frobcmp
Enter frobcmp
Enter frobcmp
Enter frobcmp
Enter frobcmp
Enter frobcmp
Enter frobcmp
Enter frobcmp
Enter frobcmp
Enter frobcmp
Enter frobcmp
Enter frobcmp
Enter frobcmp
Enter frobcmp
Enter frobcmp
Enter frobcmp
Enter frobcmp
Enter frobcmp
Enter frobcmp
Enter frobcmp
Enter frobcmp
Enter frobcmp
Enter frobcmp
Enter frobcmp
Enter frobcmp
Enter frobcmp
Enter frobcmp
Enter frobcmp
Enter frobcmp
Enter frobcmp
Enter frobcmp
Enter frobcmp
Enter frobcmp
Enter frobcmp
Enter frobcmp
Enter frobcmp
Enter frobcmp
Enter frobcmp
Enter frobcmp
Enter frobcmp
Enter frobcmp
Enter frobcmp
Enter frobcmp
Enter frobcmp
Enter frobcmp
Enter frobcmp
Enter frobcmp
Enter frobcmp
Enter frobcmp
Enter frobcmp
Enter frobcmp
Enter frobcmp
Enter frobcmp
Enter frobcmp
Enter frobcmp
Enter frobcmp
Enter frobcmp
Enter frobcmp
Enter frobcmp
Enter frobcmp
Enter frobcmp
Enter frobcmp
Enter frobcmp
Enter frobcmp
Enter frobcmp
Enter frobcmp
Enter frobcmp
Enter frobcmp
Enter frobcmp
Enter frobcmp
Enter frobcmp
Enter frobcmp
Enter frobcmp
Enter frobcmp
Enter frobcmp
Enter frobcmp
Enter frobcmp
Enter frobcmp
Enter frobcmp
Enter frobcmp
Enter frobcmp
Enter frobcmp
Enter frobcmp
Enter frobcmp
Enter frobcmp
Enter frobcmp
Enter frobcmp
Enter frobcmp
Enter frobcmp
Enter frobcmp
Enter frobcmp
Enter frobcmp
Enter frobcmp
Enter frobcmp
Enter frobcmp
Enter frobcmp
Enter frobcmp
Enter frobcmp
Enter frobcmp
Enter frobcmp
Enter frobcmp
Enter frobcmp
Enter frobcmp
Enter frobcmp
Enter frobcmp
Enter frobcmp
Enter frobcmp
Enter frobcmp
Enter frobcmp
Enter frobcmp
Enter frobcmp
Enter frobcmp
Enter frobcmp
Enter frobcmp
Enter frobcmp
Enter frobcmp
Enter frobcmp
Enter frobcmp
Enter frobcmp
Enter frobcmp
Enter frobcmp
Enter frobcmp
Enter frobcmp
Enter frobcmp
Enter frobcmp
Enter frobcmp
Enter frobcmp
Enter frobcmp
Enter frobcmp
Enter frobcmp
Enter frobcmp
Enter frobcmp
Enter frobcmp
Enter frobcmp
Enter frobcmp
Enter frobcmp
Enter frobcmp
Enter frobcmp
Enter frobcmp
Enter frobcmp
Enter frobcmp
Enter frobcmp
Enter frobcmp
Enter frobcmp
Enter frobcmp
Enter frobcmp
Enter frobcmp
Enter frobcmp
Enter frobcmp
Enter frobcmp
Enter frobcmp
Enter frobcmp
Enter frobcmp
Enter frobcmp
Enter frobcmp
Enter frobcmp
Enter frobcmp
Enter frobcmp
Enter frobcmp
Enter frobcmp
Enter frobcmp
Enter frobcmp
Enter frobcmp
Enter frobcmp
Enter frobcmp
Enter frobcmp
Enter frobcmp
Enter frobcmp
Enter frobcmp
Enter frobcmp
Enter frobcmp
Enter frobcmp
Enter frobcmp
Enter frobcmp
Enter frobcmp
Enter frobcmp
Enter frobcmp
Enter frobcmp
Enter frobcmp
Enter frobcmp
Enter frobcmp
Enter frobcmp
Enter frobcmp
Enter frobcmp
Enter frobcmp
Enter frobcmp
Enter frobcmp
Enter frobcmp
Enter frobcmp
Enter frobcmp
Enter frobcmp
Enter frobcmp
Enter frobcmp
Enter frobcmp
Enter frobcmp
Enter frobcmp
Enter frobcmp
Enter frobcmp
Enter frobcmp
Enter frobcmp
Enter frobcmp
Enter frobcmp
Enter frobcmp
Enter frobcmp
Enter frobcmp
Enter frobcmp
Enter frobcmp
Enter frobcmp
Enter frobcmp
Enter frobcmp
Enter frobcmp
Enter frobcmp
Enter frobcmp
Enter frobcmp
Enter frobcmp
Enter frobcmp
Enter frobcmp
Enter frobcmp
Enter frobcmp
Enter frobcmp
Enter frobcmp
Enter frobcmp
Enter frobcmp
Enter frobcmp
Enter frobcmp
Enter frobcmp
Enter frobcmp
Enter frobcmp
Enter frobcmp
Enter frobcmp
Enter frobcmp
Enter frobcmp
Enter frobcmp
Enter frobcmp
Enter frobcmp
Enter frobcmp
Enter frobcmp
Enter frobcmp
Enter frobcmp
Enter frobcmp
Enter frobcmp
Enter frobcmp
Enter frobcmp
Enter frobcmp
Enter frobcmp
Enter frobcmp
Enter frobcmp
Enter frobcmp
Enter frobcmp
Enter frobcmp
Enter frobcmp
Enter frobcmp
Enter frobcmp
Enter frobcmp
Enter frobcmp
Enter frobcmp
Enter frobcmp
Enter frobcmp
Enter frobcmp
Enter frobcmp
Enter frobcmp
Enter frobcmp
Enter frobcmp
Enter frobcmp
Enter frobcmp
Enter frobcmp
Enter frobcmp
Enter frobcmp
Enter frobcmp
Enter frobcmp
Enter frobcmp
Enter frobcmp
Enter frobcmp
Enter frobcmp
Enter frobcmp
Enter frobcmp
Enter frobcmp
Enter frobcmp
Enter frobcmp
Enter frobcmp
Enter frobcmp
Enter frobcmp
Enter frobcmp
Enter frobcmp
Enter frobcmp
Enter frobcmp
Enter frobcmp
Enter frobcmp
Enter frobcmp
Enter frobcmp
Enter frobcmp
Enter frobcmp
Enter frobcmp
Enter frobcmp
Enter frobcmp
Enter frobcmp
Enter frobcmp
Enter frobcmp
Enter frobcmp
Enter frobcmp
Enter frobcmp
Enter frobcmp
Enter frobcmp
Enter frobcmp
Enter frobcmp
Enter frobcmp
Enter frobcmp
Enter frobcmp
Enter frobcmp
Enter frobcmp
Enter frobcmp
Enter frobcmp
Enter frobcmp
Enter frobcmp
Enter frobcmp
Enter frobcmp
Enter frobcmp
Enter frobcmp
Enter frobcmp
Enter frobcmp
Enter frobcmp
Enter frobcmp
Enter frobcmp
Enter frobcmp
Enter frobcmp
Enter frobcmp
Enter frobcmp
Enter frobcmp
Enter frobcmp
Enter frobcmp
Enter frobcmp
Enter frobcmp
Enter frobcmp
Enter frobcmp
Enter frobcmp
Enter frobcmp
Enter frobcmp
Enter frobcmp
Enter frobcmp
Enter frobcmp
Enter frobcmp
Enter frobcmp
Enter frobcmp
Enter frobcmp
Enter frobcmp
Enter frobcmp
Enter frobcmp
Enter frobcmp
Enter frobcmp
Enter frobcmp
Enter frobcmp
Enter frobcmp
Enter frobcmp
Enter frobcmp
Enter frobcmp
Enter frobcmp
Enter frobcmp
Enter frobcmp
Enter frobcmp
Enter frobcmp
Enter frobcmp
Enter frobcmp
Enter frobcmp
Enter frobcmp
Enter frobcmp
Enter frobcmp
Enter frobcmp
Enter frobcmp
Enter frobcmp
Enter frobcmp
Enter frobcmp
Enter frobcmp
Enter frobcmp
Enter frobcmp
Enter frobcmp
Enter frobcmp
Enter frobcmp
Enter frobcmp
Enter frobcmp
Enter frobcmp
Enter frobcmp
Enter frobcmp
Enter frobcmp
Enter frobcmp
Enter frobcmp
Enter frobcmp
Enter frobcmp
Enter frobcmp
Enter frobcmp
Enter frobcmp
Enter frobcmp
Enter frobcmp
Enter frobcmp
Enter frobcmp
Enter frobcmp
Enter frobcmp
Enter frobcmp
Enter frobcmp
Enter frobcmp
Enter frobcmp
Enter frobcmp
Enter frobcmp
Enter frobcmp
Enter frobcmp
Enter frobcmp
Enter frobcmp
Enter frobcmp
Enter frobcmp
Enter frobcmp
Enter frobcmp
Enter frobcmp
Enter frobcmp
Enter frobcmp
Enter frobcmp
Enter frobcmp
Enter frobcmp
Enter frobcmp
Enter frobcmp
Enter frobcmp
Enter frobcmp
Enter frobcmp
Enter frobcmp
Enter frobcmp
Enter frobcmp
Enter frobcmp
Enter frobcmp
Enter frobcmp
Enter frobcmp
Enter frobcmp
Enter frobcmp
Enter frobcmp
Enter frobcmp
Enter frobcmp
Enter frobcmp
Enter frobcmp
Enter frobcmp
Enter frobcmp
Enter frobcmp
Enter frobcmp
Enter frobcmp
Enter frobcmp
Enter frobcmp
Enter frobcmp
Enter frobcmp
Enter frobcmp
Enter frobcmp
Enter frobcmp
Enter frobcmp
Enter frobcmp
Enter frobcmp
Enter frobcmp
Enter frobcmp
Enter frobcmp
Enter frobcmp
Enter frobcmp
Enter frobcmp
Enter frobcmp
Enter frobcmp
Enter frobcmp
Enter frobcmp
Enter frobcmp
Enter frobcmp
Enter frobcmp
Enter frobcmp
Enter frobcmp
Enter frobcmp
Enter frobcmp
Enter frobcmp
Enter frobcmp
Enter frobcmp
Enter frobcmp
Enter frobcmp
Enter frobcmp
Enter frobcmp
Enter frobcmp
Enter frobcmp
Enter frobcmp
Enter frobcmp
Enter frobcmp
Enter frobcmp
Enter frobcmp
Enter frobcmp
Enter frobcmp
Enter frobcmp
Enter frobcmp
Enter frobcmp
Enter frobcmp
Enter frobcmp
Enter frobcmp
Enter frobcmp
Enter frobcmp
Enter frobcmp
Enter frobcmp
Enter frobcmp
Enter frobcmp
Enter frobcmp
Enter frobcmp
Enter frobcmp
Enter frobcmp
Enter frobcmp
Enter frobcmp
Enter frobcmp
Enter frobcmp
Enter frobcmp
Enter frobcmp
Enter frobcmp
Enter frobcmp
Enter frobcmp
Enter frobcmp
Enter frobcmp
Enter frobcmp
Enter frobcmp
Enter frobcmp
Enter frobcmp
Enter frobcmp
Enter frobcmp
Enter frobcmp
Enter frobcmp
Enter frobcmp
Enter frobcmp
Enter frobcmp
Enter frobcmp
Enter frobcmp
Enter frobcmp
Enter frobcmp
Enter frobcmp
Enter frobcmp
Enter frobcmp
Enter frobcmp
Enter frobcmp
Enter frobcmp
Enter frobcmp
Enter frobcmp
Enter frobcmp
Enter frobcmp
Enter frobcmp
Enter frobcmp
Enter frobcmp
Enter frobcmp
Enter frobcmp
Enter frobcmp
Enter frobcmp
Enter frobcmp
Enter frobcmp
Enter frobcmp
Enter frobcmp
Enter frobcmp
Enter frobcmp
Enter frobcmp
Enter frobcmp
Enter frobcmp
Enter frobcmp
Enter frobcmp
Enter frobcmp
Enter frobcmp
Enter frobcmp
Enter frobcmp
Enter frobcmp
Enter frobcmp
Enter frobcmp
Enter frobcmp
Enter frobcmp
Enter frobcmp
Enter frobcmp
Enter frobcmp
Enter frobcmp
Enter frobcmp
Enter frobcmp
Enter frobcmp
Enter frobcmp
Enter frobcmp
Enter frobcmp
Enter frobcmp
Enter frobcmp
Enter frobcmp
Enter frobcmp
Enter frobcmp
Enter frobcmp
Enter frobcmp
Enter frobcmp
Enter frobcmp
Enter frobcmp
Enter frobcmp
Enter frobcmp
Enter frobcmp
Enter frobcmp
Enter frobcmp
Enter frobcmp
Enter frobcmp
Enter frobcmp
Enter frobcmp
Enter frobcmp
Enter frobcmp
Enter frobcmp
Enter frobcmp
Enter frobcmp
Enter frobcmp
Enter frobcmp
Enter frobcmp
Enter frobcmp
Enter frobcmp
Enter frobcmp
Enter frobcmp
Enter frobcmp
Enter frobcmp
Enter frobcmp
Enter frobcmp
Enter frobcmp
Enter frobcmp
Enter frobcmp
Enter frobcmp
Enter frobcmp
Enter frobcmp
Enter frobcmp
Enter frobcmp
Enter frobcmp
Enter frobcmp
Enter frobcmp
Enter frobcmp
Enter frobcmp
Enter frobcmp
Enter frobcmp
Enter frobcmp
Enter frobcmp
Enter frobcmp
Enter frobcmp
Enter frobcmp
Enter frobcmp
Enter frobcmp
Enter frobcmp
Enter frobcmp
Enter frobcmp
Enter frobcmp
Enter frobcmp
Enter frobcmp
Enter frobcmp
Enter frobcmp
Enter frobcmp
Enter frobcmp
Enter frobcmp
Enter frobcmp
Enter frobcmp
Enter frobcmp
Enter frobcmp
Enter frobcmp
Enter frobcmp
Enter frobcmp
Enter frobcmp
Enter frobcmp
Enter frobcmp
Enter frobcmp
Enter frobcmp
Enter frobcmp
Enter frobcmp
Enter frobcmp
Enter frobcmp
Enter frobcmp
Enter frobcmp
Enter frobcmp
Enter frobcmp
Enter frobcmp
Enter frobcmp
Enter frobcmp
Enter frobcmp
Enter frobcmp
Enter frobcmp
Enter frobcmp
Enter frobcmp
Enter frobcmp
Enter frobcmp
Enter frobcmp
Enter frobcmp
Enter frobcmp
Enter frobcmp
Enter frobcmp
Enter frobcmp
Enter frobcmp
Enter frobcmp
Enter frobcmp
Enter frobcmp
Enter frobcmp
Enter frobcmp
Enter frobcmp
Enter frobcmp
Enter frobcmp
Enter frobcmp
Enter frobcmp
Enter frobcmp
Enter frobcmp
Enter frobcmp
Enter frobcmp
Enter frobcmp
Enter frobcmp
Enter frobcmp
Enter frobcmp
Enter frobcmp
Enter frobcmp
Enter frobcmp
Enter frobcmp
Enter frobcmp
Enter frobcmp
Enter frobcmp
Enter frobcmp
Enter frobcmp
Enter frobcmp
Enter frobcmp
Enter frobcmp
Enter frobcmp
Enter frobcmp
Enter frobcmp
Enter frobcmp
Enter frobcmp
Enter frobcmp
Enter frobcmp
Enter frobcmp
Enter frobcmp
Enter frobcmp
Enter frobcmp
Enter frobcmp
Enter frobcmp
Enter frobcmp
Enter frobcmp
Enter frobcmp
Enter frobcmp
Enter frobcmp
Enter frobcmp
Enter frobcmp
Enter frobcmp
Enter frobcmp
Enter frobcmp
Enter frobcmp
Enter frobcmp
Enter frobcmp
Enter frobcmp
Enter frobcmp
Enter frobcmp
Enter frobcmp
Enter frobcmp
Enter frobcmp
Enter frobcmp
Enter frobcmp
Enter frobcmp
Enter frobcmp
Enter frobcmp
Enter frobcmp
Enter frobcmp
Enter frobcmp
Enter frobcmp
Enter frobcmp
Enter frobcmp
Enter frobcmp
Enter frobcmp
Enter frobcmp
Enter frobcmp
Enter frobcmp
Enter frobcmp
Enter frobcmp
Enter frobcmp
Enter frobcmp
Enter frobcmp
Enter frobcmp
Enter frobcmp
Enter frobcmp
Enter frobcmp
Enter frobcmp
Enter frobcmp
Enter frobcmp
Enter frobcmp
Enter frobcmp
Enter frobcmp
Enter frobcmp
Enter frobcmp
Enter frobcmp
Enter frobcmp
Enter frobcmp
Enter frobcmp
Enter frobcmp
Enter frobcmp
Enter frobcmp
Enter frobcmp
Enter frobcmp
Enter frobcmp
Enter frobcmp
Enter frobcmp
Enter frobcmp
Enter frobcmp
Enter frobcmp
Enter frobcmp
Enter frobcmp
Enter frobcmp
Enter frobcmp
Enter frobcmp
Enter frobcmp
Enter frobcmp
Enter frobcmp
Enter frobcmp
Enter frobcmp
Enter frobcmp
Enter frobcmp
Enter frobcmp
Enter frobcmp
Enter frobcmp
Enter frobcmp
Enter frobcmp
Enter frobcmp
Enter frobcmp
Enter frobcmp
Enter frobcmp
Enter frobcmp
Enter frobcmp
Enter frobcmp
Enter frobcmp
Enter frobcmp
Enter frobcmp
Enter frobcmp
Enter frobcmp
Enter frobcmp
Enter frobcmp
Enter frobcmp
Enter frobcmp
Enter frobcmp
Enter frobcmp
Enter frobcmp
Enter frobcmp
Enter frobcmp
Enter frobcmp
Enter frobcmp
Enter frobcmp
Enter frobcmp
Enter frobcmp
Enter frobcmp
Enter frobcmp
Enter frobcmp
Enter frobcmp
Enter frobcmp
Enter frobcmp
Enter frobcmp
Enter frobcmp
Enter frobcmp
Enter frobcmp
Enter frobcmp
Enter frobcmp
Enter frobcmp
Enter frobcmp
Enter frobcmp
Enter frobcmp
Enter frobcmp
Enter frobcmp
Enter frobcmp
Enter frobcmp
Enter frobcmp
Enter frobcmp
Enter frobcmp
Enter frobcmp
Enter frobcmp
Enter frobcmp
Enter frobcmp
Enter frobcmp
Enter frobcmp
Enter frobcmp
Enter frobcmp
Enter frobcmp
Enter frobcmp
Enter frobcmp
Enter frobcmp
Enter frobcmp
Enter frobcmp
Enter frobcmp
Enter frobcmp
Enter frobcmp
Enter frobcmp
Enter frobcmp
Enter frobcmp
Enter frobcmp
Enter frobcmp
Enter frobcmp
Enter frobcmp
Enter frobcmp
Enter frobcmp
Enter frobcmp
Enter frobcmp
Enter frobcmp
Enter frobcmp
Enter frobcmp
Enter frobcmp
Enter frobcmp
Enter frobcmp
Enter frobcmp
Enter frobcmp
Enter frobcmp
Enter frobcmp
Enter frobcmp
Enter frobcmp
Enter frobcmp
Enter frobcmp
Enter frobcmp
Enter frobcmp
Enter frobcmp
Enter frobcmp
Enter frobcmp
Enter frobcmp
Enter frobcmp
Enter frobcmp
Enter frobcmp
Enter frobcmp
Enter frobcmp
Enter frobcmp
Enter frobcmp
Enter frobcmp
Enter frobcmp
Enter frobcmp
Enter frobcmp
Enter frobcmp
Enter frobcmp
Enter frobcmp
Enter frobcmp
Enter frobcmp
Enter frobcmp
Enter frobcmp
Enter frobcmp
Enter frobcmp
Enter frobcmp
Enter frobcmp
Enter frobcmp
Enter frobcmp
Enter frobcmp
Enter frobcmp
Enter frobcmp
Enter frobcmp
Enter frobcmp
Enter frobcmp
Enter frobcmp
Enter frobcmp
Enter frobcmp
Enter frobcmp
Enter frobcmp
Enter frobcmp
Enter frobcmp
Enter frobcmp
Enter frobcmp
Enter frobcmp
Enter frobcmp
Enter frobcmp
Enter frobcmp
Enter frobcmp
Enter frobcmp
Enter frobcmp
Enter frobcmp
Enter frobcmp
Enter frobcmp
Enter frobcmp
Enter frobcmp
Enter frobcmp
Enter frobcmp
Enter frobcmp
Enter frobcmp
Enter frobcmp
Enter frobcmp
Enter frobcmp
Enter frobcmp
Enter frobcmp
Enter frobcmp
Enter frobcmp
Enter frobcmp
Enter frobcmp
Enter frobcmp
Enter frobcmp
Enter frobcmp
Enter frobcmp
Enter frobcmp
Enter frobcmp
Enter frobcmp
Enter frobcmp
Enter frobcmp
Enter frobcmp
Enter frobcmp
Enter frobcmp
Enter frobcmp
Enter frobcmp
Enter frobcmp
Enter frobcmp
Enter frobcmp
Enter frobcmp
Enter frobcmp
Enter frobcmp
Enter frobcmp
Enter frobcmp
Enter frobcmp
Enter frobcmp
Enter frobcmp
Enter frobcmp
Enter frobcmp
Enter frobcmp
Enter frobcmp
Enter frobcmp
Enter frobcmp
Enter frobcmp
Enter frobcmp
Enter frobcmp
Enter frobcmp
Enter frobcmp
Enter frobcmp
Enter frobcmp
Enter frobcmp
Enter frobcmp
Enter frobcmp
Enter frobcmp
Enter frobcmp
Enter frobcmp
Enter frobcmp
Enter frobcmp
Enter frobcmp
Enter frobcmp
Enter frobcmp
Enter frobcmp
Enter frobcmp
Enter frobcmp
Enter frobcmp
Enter frobcmp
Enter frobcmp
Enter frobcmp
Enter frobcmp
Enter frobcmp
Enter frobcmp
Enter frobcmp
Enter frobcmp
Enter frobcmp
Enter frobcmp
Enter frobcmp
Enter frobcmp
Enter frobcmp
Enter frobcmp
Enter frobcmp
Enter frobcmp
Enter frobcmp
Enter frobcmp
Enter frobcmp
Enter frobcmp
Enter frobcmp
Enter frobcmp
Enter frobcmp
Enter frobcmp
Enter frobcmp
Enter frobcmp
Enter frobcmp
Enter frobcmp
Enter frobcmp
Enter frobcmp
Enter frobcmp
Enter frobcmp
Enter frobcmp
Enter frobcmp
Enter frobcmp
Enter frobcmp
Enter frobcmp
Enter frobcmp
Enter frobcmp
Enter frobcmp
Enter frobcmp
Enter frobcmp
Enter frobcmp
Enter frobcmp
Enter frobcmp
Enter frobcmp
Enter frobcmp
Enter frobcmp
Enter frobcmp
Enter frobcmp
Enter frobcmp
Enter frobcmp
Enter frobcmp
Enter frobcmp
Enter frobcmp
Enter frobcmp
Enter frobcmp
Enter frobcmp
Enter frobcmp
Enter frobcmp
Enter frobcmp
Enter frobcmp
Enter frobcmp
Enter frobcmp
Enter frobcmp
Enter frobcmp
Enter frobcmp
Enter frobcmp
Enter frobcmp
Enter frobcmp
Enter frobcmp
Enter frobcmp
Enter frobcmp
Enter frobcmp
Enter frobcmp
Enter frobcmp
Enter frobcmp
Enter frobcmp
Enter frobcmp
Enter frobcmp
Enter frobcmp
Enter frobcmp
Enter frobcmp
Enter frobcmp
Enter frobcmp
Enter frobcmp
Enter frobcmp
Enter frobcmp
Enter frobcmp
Enter frobcmp
Enter frobcmp
Enter frobcmp
Enter frobcmp
Enter frobcmp
Enter frobcmp
Enter frobcmp
Enter frobcmp
Enter frobcmp
Enter frobcmp
Enter frobcmp
Enter frobcmp
Enter frobcmp
Enter frobcmp
Enter frobcmp
Enter frobcmp
Enter frobcmp
Enter frobcmp
Enter frobcmp
Enter frobcmp
Enter frobcmp
Enter frobcmp
Enter frobcmp
Enter frobcmp
Enter frobcmp
Enter frobcmp
Enter frobcmp
Enter frobcmp
Enter frobcmp
Enter frobcmp
Enter frobcmp
Enter frobcmp
Enter frobcmp
Enter frobcmp
Enter frobcmp
Enter frobcmp
Enter frobcmp
Enter frobcmp
Enter frobcmp
Enter frobcmp
Enter frobcmp
Enter frobcmp
Enter frobcmp
Enter frobcmp
Enter frobcmp
Enter frobcmp
Enter frobcmp
Enter frobcmp
Enter frobcmp
Enter frobcmp
Enter frobcmp
Enter frobcmp
Enter frobcmp
Enter frobcmp
Enter frobcmp
Enter frobcmp
Enter frobcmp
Enter frobcmp
Enter frobcmp
Enter frobcmp
Enter frobcmp
Enter frobcmp
Enter frobcmp
Enter frobcmp
Enter frobcmp
Enter frobcmp
Enter frobcmp
Enter frobcmp
Enter frobcmp
Enter frobcmp
Enter frobcmp
Enter frobcmp
Enter frobcmp
Enter frobcmp
Enter frobcmp
Enter frobcmp
Enter frobcmp
Enter frobcmp
Enter frobcmp
Enter frobcmp
Enter frobcmp
Enter frobcmp
Enter frobcmp
Enter frobcmp
Enter frobcmp
Enter frobcmp
Enter frobcmp
Enter frobcmp
Enter frobcmp
Enter frobcmp
Enter frobcmp
Enter frobcmp
Enter frobcmp
Enter frobcmp
Enter frobcmp
Enter frobcmp
Enter frobcmp
Enter frobcmp
Enter frobcmp
Enter frobcmp
Enter frobcmp
Enter frobcmp
Enter frobcmp
Enter frobcmp
Enter frobcmp
Enter frobcmp
Enter frobcmp
Enter frobcmp
Enter frobcmp
Enter frobcmp
Enter frobcmp
Enter frobcmp
Enter frobcmp
Enter frobcmp
Enter frobcmp
Enter frobcmp
Enter frobcmp
Enter frobcmp
Enter frobcmp
Enter frobcmp
Enter frobcmp
Enter frobcmp
Enter frobcmp
Enter frobcmp
Enter frobcmp
Enter frobcmp
Enter frobcmp
Enter frobcmp
Enter frobcmp
Enter frobcmp
Enter frobcmp
Enter frobcmp
Enter frobcmp
Enter frobcmp
Enter frobcmp
Enter frobcmp
Enter frobcmp
Enter frobcmp
Enter frobcmp
Enter frobcmp
Enter frobcmp
Enter frobcmp
Enter frobcmp
Enter frobcmp
Enter frobcmp
Enter frobcmp
Enter frobcmp
Enter frobcmp
Enter frobcmp
Enter frobcmp
Enter frobcmp
Enter frobcmp
Enter frobcmp
Enter frobcmp
Enter frobcmp
Enter frobcmp
Enter frobcmp
Enter frobcmp
Enter frobcmp
Enter frobcmp
Enter frobcmp
Enter frobcmp
Enter frobcmp
Enter frobcmp
Enter frobcmp
Enter frobcmp
Enter frobcmp
Enter frobcmp
Enter frobcmp
Enter frobcmp
Enter frobcmp
Enter frobcmp
Enter frobcmp
Enter frobcmp
Enter frobcmp
Enter frobcmp
Enter frobcmp
Enter frobcmp
Enter frobcmp
Enter frobcmp
Enter frobcmp
Enter frobcmp
Enter frobcmp
Enter frobcmp
Enter frobcmp
Enter frobcmp
Enter frobcmp
Enter frobcmp
Enter frobcmp
Enter frobcmp
Enter frobcmp
Enter frobcmp
Enter frobcmp
Enter frobcmp
Enter frobcmp
Enter frobcmp
Enter frobcmp
Enter frobcmp
Enter frobcmp
Enter frobcmp
Enter frobcmp
Enter frobcmp
Enter frobcmp
Enter frobcmp
Enter frobcmp
Enter frobcmp
Enter frobcmp
Enter frobcmp
Enter frobcmp
Enter frobcmp
Enter frobcmp
Enter frobcmp
Enter frobcmp
Enter frobcmp
Enter frobcmp
Enter frobcmp
Enter frobcmp
Enter frobcmp
Enter frobcmp
Enter frobcmp
Enter frobcmp
Enter frobcmp
Enter frobcmp
Enter frobcmp
Enter frobcmp
Enter frobcmp
Enter frobcmp
Enter frobcmp
Enter frobcmp
Enter frobcmp
Enter frobcmp
Enter frobcmp
Enter frobcmp
Enter frobcmp
Enter frobcmp
Enter frobcmp
Enter frobcmp
Enter frobcmp
Enter frobcmp
Enter frobcmp
Enter frobcmp
Enter frobcmp
Enter frobcmp
Enter frobcmp
Enter frobcmp
Enter frobcmp
Enter frobcmp
Enter frobcmp
Enter frobcmp
Enter frobcmp
Enter frobcmp
Enter frobcmp
Enter frobcmp
Enter frobcmp
Enter frobcmp
Enter frobcmp
Enter frobcmp
Enter frobcmp
Enter frobcmp
Enter frobcmp
Enter frobcmp
Enter frobcmp
Enter frobcmp
Enter frobcmp
Enter frobcmp
Enter frobcmp
Enter frobcmp
Enter frobcmp
Enter frobcmp
Enter frobcmp
Enter frobcmp
Enter frobcmp
Enter frobcmp
Enter frobcmp
Enter frobcmp
Enter frobcmp
Enter frobcmp
Enter frobcmp
Enter frobcmp
Enter frobcmp
Enter frobcmp
Enter frobcmp
Enter frobcmp
Enter frobcmp
Enter frobcmp
Enter frobcmp
Enter frobcmp
Enter frobcmp
Enter frobcmp
Enter frobcmp
Enter frobcmp
Enter frobcmp
Enter frobcmp
Enter frobcmp
Enter frobcmp
Enter frobcmp
Enter frobcmp
Enter frobcmp
Enter frobcmp
Enter frobcmp
Enter frobcmp
Enter frobcmp
Enter frobcmp
Enter frobcmp
Enter frobcmp
Enter frobcmp
Enter frobcmp
Enter frobcmp
Enter frobcmp
Enter frobcmp
Enter frobcmp
Enter frobcmp
Enter frobcmp
Enter frobcmp
Enter frobcmp
Enter frobcmp
Enter frobcmp
Enter frobcmp
Enter frobcmp
Enter frobcmp
Enter frobcmp
Enter frobcmp
Enter frobcmp
Enter frobcmp
Enter frobcmp
Enter frobcmp
Enter frobcmp
Enter frobcmp
Enter frobcmp
Enter frobcmp
Enter frobcmp
Enter frobcmp
Enter frobcmp
Enter frobcmp
Enter frobcmp
Enter frobcmp
Enter frobcmp
Enter frobcmp
Enter frobcmp
Enter frobcmp
Enter frobcmp
Enter frobcmp
Enter frobcmp
Enter frobcmp
Enter frobcmp
Enter frobcmp
Enter frobcmp
Enter frobcmp
Enter frobcmp
Enter frobcmp
Enter frobcmp
Enter frobcmp
Enter frobcmp
Enter frobcmp
Enter frobcmp
Enter frobcmp
Enter frobcmp
Enter frobcmp
Enter frobcmp
Enter frobcmp
Enter frobcmp
Enter frobcmp
Enter frobcmp
Enter frobcmp
Enter frobcmp
Enter frobcmp
Enter frobcmp
Enter frobcmp
Enter frobcmp
Enter frobcmp
Enter frobcmp
Enter frobcmp
Enter frobcmp
Enter frobcmp
Enter frobcmp
Enter frobcmp
Enter frobcmp
Enter frobcmp
Enter frobcmp
Enter frobcmp
Enter frobcmp
Enter frobcmp
Enter frobcmp
Enter frobcmp
Enter frobcmp
Enter frobcmp
Enter frobcmp
Enter frobcmp
Enter frobcmp
Enter frobcmp
Enter frobcmp
Enter frobcmp
Enter frobcmp
Enter frobcmp
Enter frobcmp
Enter frobcmp
Enter frobcmp
Enter frobcmp
Enter frobcmp
Enter frobcmp
Enter frobcmp
Enter frobcmp
Enter frobcmp
Enter frobcmp
Enter frobcmp
Enter frobcmp
Enter frobcmp
Enter frobcmp
Enter frobcmp
Enter frobcmp
Enter frobcmp
Enter frobcmp
Enter frobcmp
Enter frobcmp
Enter frobcmp
Enter frobcmp
Enter frobcmp
Enter frobcmp
Enter frobcmp
Enter frobcmp
Enter frobcmp
Enter frobcmp
Enter frobcmp
Enter frobcmp
Enter frobcmp
Enter frobcmp
Enter frobcmp
Enter frobcmp
Enter frobcmp
Enter frobcmp
Enter frobcmp
Enter frobcmp
Enter frobcmp
Enter frobcmp
Enter frobcmp
Enter frobcmp
Enter frobcmp
Enter frobcmp
Enter frobcmp
Enter frobcmp
Enter frobcmp
Enter frobcmp
Enter frobcmp
Enter frobcmp
Enter frobcmp
Enter frobcmp
Enter frobcmp
Enter frobcmp
Enter frobcmp
Enter frobcmp
Enter frobcmp
Enter frobcmp
Enter frobcmp
Enter frobcmp
Enter frobcmp
Enter frobcmp
Enter frobcmp
Enter frobcmp
Enter frobcmp
Enter frobcmp
Enter frobcmp
Enter frobcmp
Enter frobcmp
Enter frobcmp
Enter frobcmp
Enter frobcmp
Enter frobcmp
Enter frobcmp
Enter frobcmp
Enter frobcmp
Enter frobcmp
Enter frobcmp
Enter frobcmp
Enter frobcmp
Enter frobcmp
Enter frobcmp
Enter frobcmp
Enter frobcmp
Enter frobcmp
Enter frobcmp
Enter frobcmp
Enter frobcmp
Enter frobcmp
Enter frobcmp
Enter frobcmp
Enter frobcmp
Enter frobcmp
Enter frobcmp
Enter frobcmp
Enter frobcmp
Enter frobcmp
Enter frobcmp
Enter frobcmp
Enter frobcmp
Enter frobcmp
Enter frobcmp
Enter frobcmp
Enter frobcmp
Enter frobcmp
Enter frobcmp
Enter frobcmp
Enter frobcmp
Enter frobcmp
Enter frobcmp
Enter frobcmp
Enter frobcmp
Enter frobcmp
Enter frobcmp
Enter frobcmp
Enter frobcmp
Enter frobcmp
Enter frobcmp
Enter frobcmp
Enter frobcmp
Enter frobcmp
Enter frobcmp
Enter frobcmp
Enter frobcmp
Enter frobcmp
Enter frobcmp
Enter frobcmp
Enter frobcmp
Enter frobcmp
Enter frobcmp
Enter frobcmp
Enter frobcmp
Enter frobcmp
Enter frobcmp
Enter frobcmp
Enter frobcmp
Enter frobcmp
Enter frobcmp
Enter frobcmp
Enter frobcmp
Enter frobcmp
Enter frobcmp
Enter frobcmp
Enter frobcmp
Enter frobcmp
Enter frobcmp
Enter frobcmp
Enter frobcmp
Enter frobcmp
Enter frobcmp
Enter frobcmp
Enter frobcmp
Enter frobcmp
Enter frobcmp
Enter frobcmp
Enter frobcmp
Enter frobcmp
Enter frobcmp
Enter frobcmp
Enter frobcmp
Enter frobcmp
Enter frobcmp
Enter frobcmp
Enter frobcmp
Enter frobcmp
Enter frobcmp
Enter frobcmp
Enter frobcmp
Enter frobcmp
Enter frobcmp
Enter frobcmp
Enter frobcmp
Enter frobcmp
Enter frobcmp
Enter frobcmp
Enter frobcmp
Enter frobcmp
Enter frobcmp
Enter frobcmp
Enter frobcmp
Enter frobcmp
Enter frobcmp
Enter frobcmp
Enter frobcmp
Enter frobcmp
Enter frobcmp
Enter frobcmp
Enter frobcmp
Enter frobcmp
Enter frobcmp
Enter frobcmp
Enter frobcmp
Enter frobcmp
Enter frobcmp
Enter frobcmp
Enter frobcmp
Enter frobcmp
Enter frobcmp
Enter frobcmp
Enter frobcmp
Enter frobcmp
Enter frobcmp
Enter frobcmp
Enter frobcmp
Enter frobcmp
Enter frobcmp
Enter frobcmp
Enter frobcmp
Enter frobcmp
Enter frobcmp
Enter frobcmp
Enter frobcmp
Enter frobcmp
Enter frobcmp
Enter frobcmp
Enter frobcmp
Enter frobcmp
Enter frobcmp
Enter frobcmp
Enter frobcmp
Enter frobcmp
Enter frobcmp
Enter frobcmp
Enter frobcmp
Enter frobcmp
Enter frobcmp
Enter frobcmp
Enter frobcmp
Enter frobcmp
Enter frobcmp
Enter frobcmp
Enter frobcmp
Enter frobcmp
Enter frobcmp
Enter frobcmp
Enter frobcmp
Enter frobcmp
Enter frobcmp
Enter frobcmp
Enter frobcmp
Enter frobcmp
Enter frobcmp
Enter frobcmp
Enter frobcmp
Enter frobcmp
Enter frobcmp
Enter frobcmp
Enter frobcmp
Enter frobcmp
Enter frobcmp
Enter frobcmp
Enter frobcmp
Enter frobcmp
Enter frobcmp
Enter frobcmp
Enter frobcmp
Enter frobcmp
Enter frobcmp
Enter frobcmp
Enter frobcmp
Enter frobcmp
Enter frobcmp
Enter frobcmp
Enter frobcmp
Enter frobcmp
Enter frobcmp
Enter frobcmp
Enter frobcmp
Enter frobcmp
Enter frobcmp
Enter frobcmp
Enter frobcmp
Enter frobcmp
Enter frobcmp
Enter frobcmp
Enter frobcmp
Enter frobcmp
Enter frobcmp
Enter frobcmp
Enter frobcmp
Enter frobcmp
Enter frobcmp
Enter frobcmp
Enter frobcmp
Enter frobcmp
Enter frobcmp
Enter frobcmp
Enter frobcmp
Enter frobcmp
Enter frobcmp
Enter frobcmp
Enter frobcmp
Enter frobcmp
Enter frobcmp
Enter frobcmp
Enter frobcmp
Enter frobcmp
Enter frobcmp
Enter frobcmp
Enter frobcmp
Enter frobcmp
Enter frobcmp
Enter frobcmp
Enter frobcmp
Enter frobcmp
Enter frobcmp
Enter frobcmp
Enter frobcmp
Enter frobcmp
Enter frobcmp
Enter frobcmp
Enter frobcmp
Enter frobcmp
Enter frobcmp
Enter frobcmp
Enter frobcmp
Enter frobcmp
Enter frobcmp
Enter frobcmp
Enter frobcmp
Enter frobcmp
Enter frobcmp
Enter frobcmp
Enter frobcmp
Enter frobcmp
Enter frobcmp
Enter frobcmp
Enter frobcmp
Enter frobcmp
Enter frobcmp
Enter frobcmp
Enter frobcmp
Enter frobcmp
Enter frobcmp
Enter frobcmp
Enter frobcmp
Enter frobcmp
Enter frobcmp
Enter frobcmp
Enter frobcmp
Enter frobcmp
Enter frobcmp
Enter frobcmp
Enter frobcmp
Enter frobcmp
Enter frobcmp
Enter frobcmp
Enter frobcmp
Enter frobcmp
Enter frobcmp
Enter frobcmp
Enter frobcmp
Enter frobcmp
Enter frobcmp
Enter frobcmp
Enter frobcmp
Enter frobcmp
Enter frobcmp
Enter frobcmp
Enter frobcmp
Enter frobcmp
Enter frobcmp
Enter frobcmp
Enter frobcmp
Enter frobcmp
Enter frobcmp
Enter frobcmp
Enter frobcmp
Enter frobcmp
Enter frobcmp
Enter frobcmp
Enter frobcmp
Enter frobcmp
Enter frobcmp
Enter frobcmp
Enter frobcmp
Enter frobcmp
Enter frobcmp
Enter frobcmp
Enter frobcmp
Enter frobcmp
Enter frobcmp
Enter frobcmp
Enter frobcmp
Enter frobcmp
Enter frobcmp
Enter frobcmp
Enter frobcmp
Enter frobcmp
Enter frobcmp
Enter frobcmp
Enter frobcmp
Enter frobcmp
Enter frobcmp
Enter frobcmp
Enter frobcmp
Enter frobcmp
Enter frobcmp
Enter frobcmp
Enter frobcmp
Enter frobcmp
Enter frobcmp
Enter frobcmp
Enter frobcmp
Enter frobcmp
Enter frobcmp
Enter frobcmp
Enter frobcmp
Enter frobcmp
Enter frobcmp
Enter frobcmp
Enter frobcmp
Enter frobcmp
Enter frobcmp
Enter frobcmp
Enter frobcmp
Enter frobcmp
Enter frobcmp
Enter frobcmp
Enter frobcmp
Enter frobcmp
Enter frobcmp
Enter frobcmp
Enter frobcmp
Enter frobcmp
Enter frobcmp
Enter frobcmp
Enter frobcmp
Enter frobcmp
Enter frobcmp
Enter frobcmp
Enter frobcmp
Enter frobcmp
Enter frobcmp
Enter frobcmp
Enter frobcmp
Enter frobcmp
Enter frobcmp
Enter frobcmp
Enter frobcmp
Enter frobcmp
Enter frobcmp
Enter frobcmp
Enter frobcmp
Enter frobcmp
Enter frobcmp
Enter frobcmp
Enter frobcmp
Enter frobcmp
Enter frobcmp
Enter frobcmp
Enter frobcmp
Enter frobcmp
Enter frobcmp
Enter frobcmp
Enter frobcmp
Enter frobcmp
Enter frobcmp
Enter frobcmp
Enter frobcmp
Enter frobcmp
Enter frobcmp
Enter frobcmp
Enter frobcmp
Enter frobcmp
Enter frobcmp
Enter frobcmp
Enter frobcmp
Enter frobcmp
Enter frobcmp
Enter frobcmp
Enter frobcmp
Enter frobcmp
Enter frobcmp
Enter frobcmp
Enter frobcmp
Enter frobcmp
Enter frobcmp
Enter frobcmp
Enter frobcmp
Enter frobcmp
Enter frobcmp
Enter frobcmp
Enter frobcmp
Enter frobcmp
Enter frobcmp
Enter frobcmp
Enter frobcmp
Enter frobcmp
Enter frobcmp
Enter frobcmp
Enter frobcmp
Enter frobcmp
Enter frobcmp
Enter frobcmp
Enter frobcmp
Enter frobcmp
Enter frobcmp
Enter frobcmp
Enter frobcmp
Enter frobcmp
Enter frobcmp
Enter frobcmp
Enter frobcmp
Enter frobcmp
Enter frobcmp
Enter frobcmp
Enter frobcmp
Enter frobcmp
Enter frobcmp
Enter frobcmp
Enter frobcmp
Enter frobcmp
Enter frobcmp
Enter frobcmp
Enter frobcmp
Enter frobcmp
Enter frobcmp
Enter frobcmp
Enter frobcmp
Enter frobcmp
Enter frobcmp
Enter frobcmp
Enter frobcmp
Enter frobcmp
Enter frobcmp
Enter frobcmp
Enter frobcmp
Enter frobcmp
Enter frobcmp
Enter frobcmp
Enter frobcmp
Enter frobcmp
Enter frobcmp
Enter frobcmp
Enter frobcmp
Enter frobcmp
Enter frobcmp
Enter frobcmp
Enter frobcmp
Enter frobcmp
Enter frobcmp
Enter frobcmp
Enter frobcmp
Enter frobcmp
Enter frobcmp
Enter frobcmp
Enter frobcmp
Enter frobcmp
Enter frobcmp
Enter frobcmp
Enter frobcmp
Enter frobcmp
Enter frobcmp
Enter frobcmp
Enter frobcmp
Enter frobcmp
Enter frobcmp
Enter frobcmp
Enter frobcmp
Enter frobcmp
Enter frobcmp
Enter frobcmp
Enter frobcmp
Enter frobcmp
Enter frobcmp
Enter frobcmp
Enter frobcmp
Enter frobcmp
Enter frobcmp
Enter frobcmp
Enter frobcmp
Enter frobcmp
Enter frobcmp
Enter frobcmp
Enter frobcmp
Enter frobcmp
Enter frobcmp
Enter frobcmp
Enter frobcmp
Enter frobcmp
Enter frobcmp
Enter frobcmp
Enter frobcmp
Enter frobcmp
Enter frobcmp
Enter frobcmp
Enter frobcmp
Enter frobcmp
Enter frobcmp
Enter frobcmp
Enter frobcmp
Enter frobcmp
Enter frobcmp
Enter frobcmp
Enter frobcmp
Enter frobcmp
Enter frobcmp
Enter frobcmp
Enter frobcmp
Enter frobcmp
Enter frobcmp
Enter frobcmp
Enter frobcmp
Enter frobcmp
Enter frobcmp
Enter frobcmp
Enter frobcmp
Enter frobcmp
Enter frobcmp
Enter frobcmp
Enter frobcmp
Enter frobcmp
Enter frobcmp
Enter frobcmp
Enter frobcmp
Enter frobcmp
Enter frobcmp
Enter frobcmp
Enter frobcmp
Enter frobcmp
Enter frobcmp
Enter frobcmp
Enter frobcmp
Enter frobcmp
Enter frobcmp
Enter frobcmp
Enter frobcmp
Enter frobcmp
Enter frobcmp
Enter frobcmp
Enter frobcmp
Enter frobcmp
Enter frobcmp
Enter frobcmp
Enter frobcmp
Enter frobcmp
Enter frobcmp
Enter frobcmp
Enter frobcmp
Enter frobcmp
Enter frobcmp
Enter frobcmp
Enter frobcmp
Enter frobcmp
Enter frobcmp
Enter frobcmp
Enter frobcmp
Enter frobcmp
Enter frobcmp
Enter frobcmp
Enter frobcmp
Enter frobcmp
Enter frobcmp
Enter frobcmp
Enter frobcmp
Enter frobcmp
Enter frobcmp
Enter frobcmp
Enter frobcmp
Enter frobcmp
Enter frobcmp
Enter frobcmp
Enter frobcmp
Enter frobcmp
Enter frobcmp
Enter frobcmp
Enter frobcmp
Enter frobcmp
Enter frobcmp
Enter frobcmp
Enter frobcmp
Enter frobcmp
Enter frobcmp
Enter frobcmp
Enter frobcmp
Enter frobcmp
Enter frobcmp
Enter frobcmp
Enter frobcmp
Enter frobcmp
Enter frobcmp
Enter frobcmp
Enter frobcmp
Enter frobcmp
Enter frobcmp
Enter frobcmp
Enter frobcmp
Enter frobcmp
Enter frobcmp
Enter frobcmp
Enter frobcmp
Enter frobcmp
Enter frobcmp
Enter frobcmp
Enter frobcmp
Enter frobcmp
Enter frobcmp
Enter frobcmp
Enter frobcmp
Enter frobcmp
Enter frobcmp
Enter frobcmp
Enter frobcmp
Enter frobcmp
Enter frobcmp
Enter frobcmp
Enter frobcmp
Enter frobcmp
Enter frobcmp
Enter frobcmp
Enter frobcmp
Enter frobcmp
Enter frobcmp
Enter frobcmp
Enter frobcmp
Enter frobcmp
Enter frobcmp
Enter frobcmp
Enter frobcmp
Enter frobcmp
Enter frobcmp
Enter frobcmp
Enter frobcmp
Enter frobcmp
Enter frobcmp
Enter frobcmp
Enter frobcmp
Enter frobcmp
Enter frobcmp
Enter frobcmp
Enter frobcmp
Enter frobcmp
Enter frobcmp
Enter frobcmp
Enter frobcmp
Enter frobcmp
Enter frobcmp
Enter frobcmp
Enter frobcmp
Enter frobcmp
Enter frobcmp
Enter frobcmp
Enter frobcmp
Enter frobcmp
Enter frobcmp
Enter frobcmp
Enter frobcmp
Enter frobcmp
Enter frobcmp
Enter frobcmp
Enter frobcmp
Enter frobcmp
Enter frobcmp
Enter frobcmp
Enter frobcmp
Enter frobcmp
Enter frobcmp
Enter frobcmp
Enter frobcmp
Enter frobcmp
Enter frobcmp
Enter frobcmp
Enter frobcmp
Enter frobcmp
Enter frobcmp
Enter frobcmp
Enter frobcmp
Enter frobcmp
Enter frobcmp
Enter frobcmp
Enter frobcmp
Enter frobcmp
Enter frobcmp
Enter frobcmp
Enter frobcmp
Enter frobcmp
Enter frobcmp
Enter frobcmp
Enter frobcmp
Enter frobcmp
Enter frobcmp
Enter frobcmp
Enter frobcmp
Enter frobcmp
Enter frobcmp
Enter frobcmp
Enter frobcmp
Enter frobcmp
Enter frobcmp
Enter frobcmp
Enter frobcmp
Enter frobcmp
Enter frobcmp
Enter frobcmp
Enter frobcmp
Enter frobcmp
Enter frobcmp
Enter frobcmp
Enter frobcmp
Enter frobcmp
Enter frobcmp
Enter frobcmp
Enter frobcmp
Enter frobcmp
Enter frobcmp
Enter frobcmp
Enter frobcmp
Enter frobcmp
Enter frobcmp
Enter frobcmp
Enter frobcmp
Enter frobcmp
Enter frobcmp
Enter frobcmp
Enter frobcmp
Enter frobcmp
Enter frobcmp
Enter frobcmp
Enter frobcmp
Enter frobcmp
Enter frobcmp
Enter frobcmp
Enter frobcmp
Enter frobcmp
Enter frobcmp
Enter frobcmp
Enter frobcmp
Enter frobcmp
Enter frobcmp
Enter frobcmp
Enter frobcmp
Enter frobcmp
Enter frobcmp
Enter frobcmp
Enter frobcmp
Enter frobcmp
Enter frobcmp
Enter frobcmp
Enter frobcmp
Enter frobcmp
Enter frobcmp
Enter frobcmp
Enter frobcmp
Enter frobcmp
Enter frobcmp
Enter frobcmp
Enter frobcmp
Enter frobcmp
Enter frobcmp
Enter frobcmp
Enter frobcmp
Enter frobcmp
Enter frobcmp
Enter frobcmp
Enter frobcmp
Enter frobcmp
Enter frobcmp
Enter frobcmp
Enter frobcmp
Enter frobcmp
Enter frobcmp
Enter frobcmp
Enter frobcmp
Enter frobcmp
Enter frobcmp
Enter frobcmp
Enter frobcmp
Enter frobcmp
Enter frobcmp
Enter frobcmp
Enter frobcmp
Enter frobcmp
Enter frobcmp
Enter frobcmp
Enter frobcmp
Enter frobcmp
Enter frobcmp
Enter frobcmp
Enter frobcmp
Enter frobcmp
Enter frobcmp
Enter frobcmp
Enter frobcmp
Enter frobcmp
Enter frobcmp
Enter frobcmp
Enter frobcmp
Enter frobcmp
Enter frobcmp
Enter frobcmp
Enter frobcmp
Enter frobcmp
Enter frobcmp
Enter frobcmp
Enter frobcmp
Enter frobcmp
Enter frobcmp
Enter frobcmp
Enter frobcmp
Enter frobcmp
Enter frobcmp
Enter frobcmp
Enter frobcmp
Enter frobcmp
Enter frobcmp
Enter frobcmp
Enter frobcmp
Enter frobcmp
Enter frobcmp
Enter frobcmp
Enter frobcmp
Enter frobcmp
Enter frobcmp
Enter frobcmp
Enter frobcmp
Enter frobcmp
Enter frobcmp
Enter frobcmp
Enter frobcmp
Enter frobcmp
Enter frobcmp
Enter frobcmp
Enter frobcmp
Enter frobcmp
Enter frobcmp
Enter frobcmp
Enter frobcmp
Enter frobcmp
Enter frobcmp
Enter frobcmp
Enter frobcmp
Enter frobcmp
Enter frobcmp
Enter frobcmp
Enter frobcmp
Enter frobcmp
Enter frobcmp
Enter frobcmp
Enter frobcmp
Enter frobcmp
Enter frobcmp
Enter frobcmp
Enter frobcmp
Enter frobcmp
Enter frobcmp
Enter frobcmp
Enter frobcmp
Enter frobcmp
Enter frobcmp
Enter frobcmp
Enter frobcmp
Enter frobcmp
Enter frobcmp
Enter frobcmp
Enter frobcmp
Enter frobcmp
Enter frobcmp
Enter frobcmp
Enter frobcmp
Enter frobcmp
Enter frobcmp
Enter frobcmp
Enter frobcmp
Enter frobcmp
Enter frobcmp
Enter frobcmp
Enter frobcmp
Enter frobcmp
Enter frobcmp
Enter frobcmp
Enter frobcmp
Enter frobcmp
Enter frobcmp
Enter frobcmp
Enter frobcmp
Enter frobcmp
Enter frobcmp
Enter frobcmp
Enter frobcmp
Enter frobcmp
Enter frobcmp
Enter frobcmp
Enter frobcmp
Enter frobcmp
Enter frobcmp
Enter frobcmp
Enter frobcmp
Enter frobcmp
Enter frobcmp
Enter frobcmp
Enter frobcmp
Enter frobcmp
Enter frobcmp
Enter frobcmp
Enter frobcmp
Enter frobcmp
Enter frobcmp
Enter frobcmp
Enter frobcmp
Enter frobcmp
Enter frobcmp
Enter frobcmp
Enter frobcmp
Enter frobcmp
Enter frobcmp
Enter frobcmp
Enter frobcmp
Enter frobcmp
Enter frobcmp
Enter frobcmp
Enter frobcmp
Enter frobcmp
Enter frobcmp
Enter frobcmp
Enter frobcmp
Enter frobcmp
Enter frobcmp
Enter frobcmp
Enter frobcmp
Enter frobcmp
Enter frobcmp
Enter frobcmp
Enter frobcmp
Enter frobcmp
Enter frobcmp
Enter frobcmp
Enter frobcmp
Enter frobcmp
Enter frobcmp
Enter frobcmp
Enter frobcmp
Enter frobcmp
Enter frobcmp
Enter frobcmp
Enter frobcmp
Enter frobcmp
Enter frobcmp
Enter frobcmp
Enter frobcmp
Enter frobcmp
Enter frobcmp
Enter frobcmp
Enter frobcmp
Enter frobcmp
Enter frobcmp
Enter frobcmp
Enter frobcmp
Enter frobcmp
Enter frobcmp
Enter frobcmp
Enter frobcmp
Enter frobcmp
Enter frobcmp
Enter frobcmp
Enter frobcmp
Enter frobcmp
Enter frobcmp
Enter frobcmp
Enter frobcmp
Enter frobcmp
Enter frobcmp
Enter frobcmp
Enter frobcmp
Enter frobcmp
Enter frobcmp
Enter frobcmp
Enter frobcmp
Enter frobcmp
Enter frobcmp
Enter frobcmp
Enter frobcmp
Enter frobcmp
Enter frobcmp
Enter frobcmp
Enter frobcmp
Enter frobcmp
Enter frobcmp
Enter frobcmp
Enter frobcmp
Enter frobcmp
Enter frobcmp
Enter frobcmp
Enter frobcmp
Enter frobcmp
Enter frobcmp
Enter frobcmp
Enter frobcmp
Enter frobcmp
Enter frobcmp
Enter frobcmp
Enter frobcmp
Enter frobcmp
Enter frobcmp
Enter frobcmp
Enter frobcmp
Enter frobcmp
Enter frobcmp
Enter frobcmp
Enter frobcmp
Enter frobcmp
Enter frobcmp
Enter frobcmp
Enter frobcmp
Enter frobcmp
Enter frobcmp
Enter frobcmp
Enter frobcmp
Enter frobcmp
Enter frobcmp
Enter frobcmp
Enter frobcmp
Enter frobcmp
Enter frobcmp
Enter frobcmp
Enter frobcmp
Enter frobcmp
Enter frobcmp
Enter frobcmp
Enter frobcmp
Enter frobcmp
Enter frobcmp
Enter frobcmp
Enter frobcmp
Enter frobcmp
Enter frobcmp
Enter frobcmp
Enter frobcmp
Enter frobcmp
Enter frobcmp
Enter frobcmp
Enter frobcmp
Enter frobcmp
Enter frobcmp
Enter frobcmp
Enter frobcmp
Enter frobcmp
Enter frobcmp
Enter frobcmp
Enter frobcmp
Enter frobcmp
Enter frobcmp
Enter frobcmp
Enter frobcmp
Enter frobcmp
Enter frobcmp
Enter frobcmp
Enter frobcmp
Enter frobcmp
Enter frobcmp
Enter frobcmp
Enter frobcmp
Enter frobcmp
Enter frobcmp
Enter frobcmp
Enter frobcmp
Enter frobcmp
Enter frobcmp
Enter frobcmp
Enter frobcmp
Enter frobcmp
Enter frobcmp
Enter frobcmp
Enter frobcmp
Enter frobcmp
Enter frobcmp
Enter frobcmp
Enter frobcmp
Enter frobcmp
Enter frobcmp
Enter frobcmp
Enter frobcmp
Enter frobcmp
Enter frobcmp
Enter frobcmp
Enter frobcmp
Enter frobcmp
Enter frobcmp
Enter frobcmp
Enter frobcmp
Enter frobcmp
Enter frobcmp
Enter frobcmp
Enter frobcmp
Enter frobcmp
Enter frobcmp
Enter frobcmp
Enter frobcmp
Enter frobcmp
Enter frobcmp
Enter frobcmp
Enter frobcmp
Enter frobcmp
Enter frobcmp
Enter frobcmp
Enter frobcmp
Enter frobcmp
Enter frobcmp
Enter frobcmp
Enter frobcmp
Enter frobcmp
Enter frobcmp
Enter frobcmp
Enter frobcmp
Enter frobcmp
Enter frobcmp
Enter frobcmp
Enter frobcmp
Enter frobcmp
Enter frobcmp
Enter frobcmp
Enter frobcmp
Enter frobcmp
Enter frobcmp
Enter frobcmp
Enter frobcmp
Enter frobcmp
Enter frobcmp
Enter frobcmp
Enter frobcmp
Enter frobcmp
Enter frobcmp
Enter frobcmp
Enter frobcmp
Enter frobcmp
Enter frobcmp
Enter frobcmp
Enter frobcmp
Enter frobcmp
Enter frobcmp
Enter frobcmp
Enter frobcmp
Enter frobcmp
Enter frobcmp
Enter frobcmp
Enter frobcmp
Enter frobcmp
Enter frobcmp
Enter frobcmp
Enter frobcmp
Enter frobcmp
Enter frobcmp
Enter frobcmp
Enter frobcmp
Enter frobcmp
Enter frobcmp
Enter frobcmp
Enter frobcmp
Enter frobcmp
Enter frobcmp
Enter frobcmp
Enter frobcmp
Enter frobcmp
Enter frobcmp
Enter frobcmp
Enter frobcmp
Enter frobcmp
Enter frobcmp
Enter frobcmp
Enter frobcmp
Enter frobcmp
Enter frobcmp
Enter frobcmp
Enter frobcmp
Enter frobcmp
Enter frobcmp
Enter frobcmp
Enter frobcmp
Enter frobcmp
Enter frobcmp
Enter frobcmp
Enter frobcmp
Enter frobcmp
Enter frobcmp
Enter frobcmp
Enter frobcmp
Enter frobcmp
Enter frobcmp
Enter frobcmp
Enter frobcmp
Enter frobcmp
Enter frobcmp
Enter frobcmp
Enter frobcmp
Enter frobcmp
Enter frobcmp
Enter frobcmp
Enter frobcmp
Enter frobcmp
Enter frobcmp
Enter frobcmp
Enter frobcmp
Enter frobcmp
Enter frobcmp
Enter frobcmp
Enter frobcmp
Enter frobcmp
Enter frobcmp
Enter frobcmp
Enter frobcmp
Enter frobcmp
Enter frobcmp
Enter frobcmp
Enter frobcmp
Enter frobcmp
Enter frobcmp
Enter frobcmp
Enter frobcmp
Enter frobcmp
Enter frobcmp
Enter frobcmp
Enter frobcmp
Enter frobcmp
Enter frobcmp
Enter frobcmp
Enter frobcmp
Enter frobcmp
Enter frobcmp
Enter frobcmp
Enter frobcmp
Enter frobcmp
Enter frobcmp
Enter frobcmp
Enter frobcmp
Enter frobcmp
Enter frobcmp
Enter frobcmp
Enter frobcmp
Enter frobcmp
Enter frobcmp
Enter frobcmp
Enter frobcmp
Enter frobcmp
Enter frobcmp
Enter frobcmp
Enter frobcmp
Enter frobcmp
Enter frobcmp
Enter frobcmp
Enter frobcmp
Enter frobcmp
Enter frobcmp
Enter frobcmp
Enter frobcmp
Enter frobcmp
Enter frobcmp
Enter frobcmp
Enter frobcmp
Enter frobcmp
Enter frobcmp
Enter frobcmp
Enter frobcmp
Enter frobcmp
Enter frobcmp
Enter frobcmp
Enter frobcmp
Enter frobcmp
Enter frobcmp
Enter frobcmp
Enter frobcmp
Enter frobcmp
Enter frobcmp
Enter frobcmp
Enter frobcmp
Enter frobcmp
Enter frobcmp
Enter frobcmp
Enter frobcmp
Enter frobcmp
Enter frobcmp
Enter frobcmp
Enter frobcmp
Enter frobcmp
Enter frobcmp
Enter frobcmp
Enter frobcmp
Enter frobcmp
Enter frobcmp
Enter frobcmp
Enter frobcmp
Enter frobcmp
Enter frobcmp
Enter frobcmp
Enter frobcmp
Enter frobcmp
Enter frobcmp
Enter frobcmp
Enter frobcmp
Enter frobcmp
Enter frobcmp
Enter frobcmp
Enter frobcmp
Enter frobcmp
Enter frobcmp
Enter frobcmp
Enter frobcmp
Enter frobcmp
Enter frobcmp
Enter frobcmp
Enter frobcmp
Enter frobcmp
Enter frobcmp
Enter frobcmp
Enter frobcmp
Enter frobcmp
Enter frobcmp
Enter frobcmp
Enter frobcmp
Enter frobcmp
Enter frobcmp
Enter frobcmp
Enter frobcmp
Enter frobcmp
Enter frobcmp
Enter frobcmp
Enter frobcmp
Enter frobcmp
Enter frobcmp
Enter frobcmp
Enter frobcmp
Enter frobcmp
Enter frobcmp
Enter frobcmp
Enter frobcmp
Enter frobcmp
Enter frobcmp
Enter frobcmp
Enter frobcmp
Enter frobcmp
Enter frobcmp
Enter frobcmp
Enter frobcmp
Enter frobcmp
Enter frobcmp
Enter frobcmp
Enter frobcmp
Enter frobcmp
Enter frobcmp
Enter frobcmp
Enter frobcmp
Enter frobcmp
Enter frobcmp
Enter frobcmp
Enter frobcmp
Enter frobcmp
Enter frobcmp
Enter frobcmp
Enter frobcmp
Enter frobcmp
Enter frobcmp
Enter frobcmp
Enter frobcmp
Enter frobcmp
Enter frobcmp
Enter frobcmp
Enter frobcmp
Enter frobcmp
Enter frobcmp
Enter frobcmp
Enter frobcmp
Enter frobcmp
Enter frobcmp
Enter frobcmp
Enter frobcmp
Enter frobcmp
Enter frobcmp
Enter frobcmp
Enter frobcmp
Enter frobcmp
Enter frobcmp
Enter frobcmp
Enter frobcmp
Enter frobcmp
Enter frobcmp
Enter frobcmp
Enter frobcmp
Enter frobcmp
Enter frobcmp
Enter frobcmp
Enter frobcmp
Enter frobcmp
Enter frobcmp
Enter frobcmp
Enter frobcmp
Enter frobcmp
Enter frobcmp
Enter frobcmp
Enter frobcmp
Enter frobcmp
Enter frobcmp
Enter frobcmp
Enter frobcmp
Enter frobcmp
Enter frobcmp
Enter frobcmp
Enter frobcmp
Enter frobcmp
Enter frobcmp
Enter frobcmp
Enter frobcmp
Enter frobcmp
Enter frobcmp
Enter frobcmp
Enter frobcmp
Enter frobcmp
Enter frobcmp
Enter frobcmp
Enter frobcmp
Enter frobcmp
Enter frobcmp
Enter frobcmp
Enter frobcmp
Enter frobcmp
Enter frobcmp
Enter frobcmp
Enter frobcmp
Enter frobcmp
Enter frobcmp
Enter frobcmp
Enter frobcmp
Enter frobcmp
Enter frobcmp
Enter frobcmp
Enter frobcmp
Enter frobcmp
Enter frobcmp
Enter frobcmp
Enter frobcmp
Enter frobcmp
Enter frobcmp
Enter frobcmp
Enter frobcmp
Enter frobcmp
Enter frobcmp
Enter frobcmp
Enter frobcmp
Enter frobcmp
Enter frobcmp
Enter frobcmp
Enter frobcmp
Enter frobcmp
Enter frobcmp
Enter frobcmp
Enter frobcmp
Enter frobcmp
Enter frobcmp
Enter frobcmp
Enter frobcmp
Enter frobcmp
Enter frobcmp
Enter frobcmp
Enter frobcmp
Enter frobcmp
Enter frobcmp
Enter frobcmp
Enter frobcmp
Enter frobcmp
Enter frobcmp
Enter frobcmp
Enter frobcmp
Enter frobcmp
Enter frobcmp
Enter frobcmp
Enter frobcmp
Enter frobcmp
Enter frobcmp
Enter frobcmp
Enter frobcmp
Enter frobcmp
Enter frobcmp
Enter frobcmp
Enter frobcmp
Enter frobcmp
Enter frobcmp
Enter frobcmp
Enter frobcmp
Enter frobcmp
Enter frobcmp
Enter frobcmp
Enter frobcmp
Enter frobcmp
Enter frobcmp
Enter frobcmp
Enter frobcmp
Enter frobcmp
Enter frobcmp
Enter frobcmp
Enter frobcmp
Enter frobcmp
Enter frobcmp
Enter frobcmp
Enter frobcmp
Enter frobcmp
Enter frobcmp
Enter frobcmp
Enter frobcmp
Enter frobcmp
Enter frobcmp
Enter frobcmp
Enter frobcmp
Enter frobcmp
Enter frobcmp
Enter frobcmp
Enter frobcmp
Enter frobcmp
Enter frobcmp
Enter frobcmp
Enter frobcmp
Enter frobcmp
Enter frobcmp
Enter frobcmp
Enter frobcmp
Enter frobcmp
Enter frobcmp
Enter frobcmp
Enter frobcmp
Enter frobcmp
Enter frobcmp
Enter frobcmp
Enter frobcmp
Enter frobcmp
Enter frobcmp
Enter frobcmp
Enter frobcmp
Enter frobcmp
Enter frobcmp
Enter frobcmp
Enter frobcmp
Enter frobcmp
Enter frobcmp
Enter frobcmp
Enter frobcmp
Enter frobcmp
Enter frobcmp
Enter frobcmp
Enter frobcmp
Enter frobcmp
Enter frobcmp
Enter frobcmp
Enter frobcmp
Enter frobcmp
Enter frobcmp
Enter frobcmp
Enter frobcmp
Enter frobcmp
Enter frobcmp
Enter frobcmp
Enter frobcmp
Enter frobcmp
Enter frobcmp
Enter frobcmp
Enter frobcmp
Enter frobcmp
Enter frobcmp
Enter frobcmp
Enter frobcmp
Enter frobcmp
Enter frobcmp
Enter frobcmp
Enter frobcmp
Enter frobcmp
Enter frobcmp
Enter frobcmp
Enter frobcmp
Enter frobcmp
Enter frobcmp
Enter frobcmp
Enter frobcmp
Enter frobcmp
Enter frobcmp
Enter frobcmp
Enter frobcmp
Enter frobcmp
Enter frobcmp
Enter frobcmp
Enter frobcmp
Enter frobcmp
Enter frobcmp
Enter frobcmp
Enter frobcmp
Enter frobcmp
Enter frobcmp
Enter frobcmp
Enter frobcmp
Enter frobcmp
Enter frobcmp
Enter frobcmp
Enter frobcmp
Enter frobcmp
Enter frobcmp
Enter frobcmp
Enter frobcmp
Enter frobcmp
Enter frobcmp
Enter frobcmp
Enter frobcmp
Enter frobcmp
Enter frobcmp
Enter frobcmp
Enter frobcmp
Enter frobcmp
Enter frobcmp
Enter frobcmp
Enter frobcmp
Enter frobcmp
Enter frobcmp
Enter frobcmp
Enter frobcmp
Enter frobcmp
Enter frobcmp
Enter frobcmp
Enter frobcmp
Enter frobcmp
Enter frobcmp
Enter frobcmp
Enter frobcmp
Enter frobcmp
Enter frobcmp
Enter frobcmp
Enter frobcmp
Enter frobcmp
Enter frobcmp
Enter frobcmp
Enter frobcmp
Enter frobcmp
Enter frobcmp
Enter frobcmp
Enter frobcmp
Enter frobcmp
Enter frobcmp
Enter frobcmp
Enter frobcmp
Enter frobcmp
Enter frobcmp
Enter frobcmp
Enter frobcmp
Enter frobcmp
Enter frobcmp
Enter frobcmp
Enter frobcmp
Enter frobcmp
Enter frobcmp
Enter frobcmp
Enter frobcmp
Enter frobcmp
Enter frobcmp
Enter frobcmp
Enter frobcmp
Enter frobcmp
Enter frobcmp
Enter frobcmp
Enter frobcmp
Enter frobcmp
Enter frobcmp
Enter frobcmp
Enter frobcmp
Enter frobcmp
Enter frobcmp
Enter frobcmp
Enter frobcmp
Enter frobcmp
Enter frobcmp
Enter frobcmp
Enter frobcmp
Enter frobcmp
Enter frobcmp
Enter frobcmp
Enter frobcmp
Enter frobcmp
Enter frobcmp
Enter frobcmp
Enter frobcmp
Enter frobcmp
Enter frobcmp
Enter frobcmp
Enter frobcmp
Enter frobcmp
Enter frobcmp
Enter frobcmp
Enter frobcmp
Enter frobcmp
Enter frobcmp
Enter frobcmp
Enter frobcmp
Enter frobcmp
Enter frobcmp
Enter frobcmp
Enter frobcmp
Enter frobcmp
Enter frobcmp
Enter frobcmp
Enter frobcmp
Enter frobcmp
Enter frobcmp
Enter frobcmp
Enter frobcmp
Enter frobcmp
Enter frobcmp
Enter frobcmp
Enter frobcmp
Enter frobcmp
Enter frobcmp
Enter frobcmp
Enter frobcmp
Enter frobcmp
Enter frobcmp
Enter frobcmp
Enter frobcmp
Enter frobcmp
Enter frobcmp
Enter frobcmp
Enter frobcmp
Enter frobcmp
Enter frobcmp
Enter frobcmp
Enter frobcmp
Enter frobcmp
Enter frobcmp
Enter frobcmp
Enter frobcmp
Enter frobcmp
Enter frobcmp
Enter frobcmp
Enter frobcmp
Enter frobcmp
Enter frobcmp
Enter frobcmp
Enter frobcmp
Enter frobcmp
Enter frobcmp
Enter frobcmp
Enter frobcmp
Enter frobcmp
Enter frobcmp
Enter frobcmp
Enter frobcmp
Enter frobcmp
Enter frobcmp
Enter frobcmp
Enter frobcmp
Enter frobcmp
Enter frobcmp
Enter frobcmp
Enter frobcmp
Enter frobcmp
Enter frobcmp
Enter frobcmp
Enter frobcmp
Enter frobcmp
Enter frobcmp
Enter frobcmp
Enter frobcmp
Enter frobcmp
Enter frobcmp
Enter frobcmp
Enter frobcmp
Enter frobcmp
Enter frobcmp
Enter frobcmp
Enter frobcmp
Enter frobcmp
Enter frobcmp
Enter frobcmp
Enter frobcmp
Enter frobcmp
Enter frobcmp
Enter frobcmp
Enter frobcmp
Enter frobcmp
Enter frobcmp
Enter frobcmp
Enter frobcmp
Enter frobcmp
Enter frobcmp
Enter frobcmp
Enter frobcmp
Enter frobcmp
Enter frobcmp
Enter frobcmp
Enter frobcmp
Enter frobcmp
Enter frobcmp
Enter frobcmp
Enter frobcmp
Enter frobcmp
Enter frobcmp
Enter frobcmp
Enter frobcmp
Enter frobcmp
Enter frobcmp
Enter frobcmp
Enter frobcmp
Enter frobcmp
Enter frobcmp
Enter frobcmp
Enter frobcmp
Enter frobcmp
Enter frobcmp
Enter frobcmp
Enter frobcmp
Enter frobcmp
Enter frobcmp
Enter frobcmp
Enter frobcmp
Enter frobcmp
Enter frobcmp
Enter frobcmp
Enter frobcmp
Enter frobcmp
Enter frobcmp
Enter frobcmp
Enter frobcmp
Enter frobcmp
Enter frobcmp
Enter frobcmp
Enter frobcmp
Enter frobcmp
Enter frobcmp
Enter frobcmp
Enter frobcmp
Enter frobcmp
Enter frobcmp
Enter frobcmp
Enter frobcmp
Enter frobcmp
Enter frobcmp
Enter frobcmp
Enter frobcmp
Enter frobcmp
Enter frobcmp
Enter frobcmp
Enter frobcmp
Enter frobcmp
Enter frobcmp
Enter frobcmp
Enter frobcmp
Enter frobcmp
Enter frobcmp
Enter frobcmp
Enter frobcmp
Enter frobcmp
Enter frobcmp
Enter frobcmp
Enter frobcmp
Enter frobcmp
Enter frobcmp
Enter frobcmp
Enter frobcmp
Enter frobcmp
Enter frobcmp
Enter frobcmp
Enter frobcmp
Enter frobcmp
Enter frobcmp
Enter frobcmp
Enter frobcmp
Enter frobcmp
Enter frobcmp
Enter frobcmp
Enter frobcmp
Enter frobcmp
Enter frobcmp
Enter frobcmp
Enter frobcmp
Enter frobcmp
Enter frobcmp
Enter frobcmp
Enter frobcmp
Enter frobcmp
Enter frobcmp
Enter frobcmp
Enter frobcmp
Enter frobcmp
Enter frobcmp
Enter frobcmp
Enter frobcmp
Enter frobcmp
Enter frobcmp
Enter frobcmp
Enter frobcmp
Enter frobcmp
Enter frobcmp
Enter frobcmp
Enter frobcmp
Enter frobcmp
Enter frobcmp
Enter frobcmp
Enter frobcmp
Enter frobcmp
Enter frobcmp
Enter frobcmp
Enter frobcmp
Enter frobcmp
Enter frobcmp
Enter frobcmp
Enter frobcmp
Enter frobcmp
Enter frobcmp
Enter frobcmp
Enter frobcmp
Enter frobcmp
Enter frobcmp
Enter frobcmp
Enter frobcmp
Enter frobcmp
Enter frobcmp
Enter frobcmp
Enter frobcmp
Enter frobcmp
Enter frobcmp
Enter frobcmp
Enter frobcmp
Enter frobcmp
Enter frobcmp
Enter frobcmp
Enter frobcmp
Enter frobcmp
Enter frobcmp
Enter frobcmp
Enter frobcmp
Enter frobcmp
Enter frobcmp
Enter frobcmp
Enter frobcmp
Enter frobcmp
Enter frobcmp
Enter frobcmp
Enter frobcmp
Enter frobcmp
Enter frobcmp
Enter frobcmp
Enter frobcmp
Enter frobcmp
Enter frobcmp
Enter frobcmp
Enter frobcmp
Enter frobcmp
Enter frobcmp
Enter frobcmp
Enter frobcmp
Enter frobcmp
Enter frobcmp
Enter frobcmp
Enter frobcmp
Enter frobcmp
Enter frobcmp
Enter frobcmp
Enter frobcmp
Enter frobcmp
Enter frobcmp
Enter frobcmp
Enter frobcmp
Enter frobcmp
Enter frobcmp
Enter frobcmp
Enter frobcmp
Enter frobcmp
Enter frobcmp
Enter frobcmp
Enter frobcmp
Enter frobcmp
Enter frobcmp
Enter frobcmp
Enter frobcmp
Enter frobcmp
Enter frobcmp
Enter frobcmp
Enter frobcmp
Enter frobcmp
Enter frobcmp
Enter frobcmp
Enter frobcmp
Enter frobcmp
Enter frobcmp
Enter frobcmp
Enter frobcmp
Enter frobcmp
Enter frobcmp
Enter frobcmp
Enter frobcmp
Enter frobcmp
Enter frobcmp
Enter frobcmp
Enter frobcmp
Enter frobcmp
Enter frobcmp
Enter frobcmp
Enter frobcmp
Enter frobcmp
Enter frobcmp
Enter frobcmp
Enter frobcmp
Enter frobcmp
Enter frobcmp
Enter frobcmp
Enter frobcmp
Enter frobcmp
Enter frobcmp
Enter frobcmp
Enter frobcmp
Enter frobcmp
Enter frobcmp
Enter frobcmp
Enter frobcmp
Enter frobcmp
Enter frobcmp
Enter frobcmp
Enter frobcmp
Enter frobcmp
Enter frobcmp
Enter frobcmp
Enter frobcmp
Enter frobcmp
Enter frobcmp
Enter frobcmp
Enter frobcmp
Enter frobcmp
Enter frobcmp
Enter frobcmp
Enter frobcmp
Enter frobcmp
Enter frobcmp
Enter frobcmp
Enter frobcmp
Enter frobcmp
Enter frobcmp
Enter frobcmp
Enter frobcmp
Enter frobcmp
Enter frobcmp
Enter frobcmp
Enter frobcmp
Enter frobcmp
Enter frobcmp
Enter frobcmp
Enter frobcmp
Enter frobcmp
Enter frobcmp
Enter frobcmp
Enter frobcmp
Enter frobcmp
Enter frobcmp
Enter frobcmp
Enter frobcmp
Enter frobcmp
Enter frobcmp
Enter frobcmp
Enter frobcmp
Enter frobcmp
Enter frobcmp
Enter frobcmp
Enter frobcmp
Enter frobcmp
Enter frobcmp
Enter frobcmp
Enter frobcmp
Enter frobcmp
Enter frobcmp
Enter frobcmp
Enter frobcmp
Enter frobcmp
Enter frobcmp
Enter frobcmp
Enter frobcmp
Enter frobcmp
Enter frobcmp
Enter frobcmp
Enter frobcmp
Enter frobcmp
Enter frobcmp
Enter frobcmp
Enter frobcmp
Enter frobcmp
Enter frobcmp
Enter frobcmp
Enter frobcmp
Enter frobcmp
Enter frobcmp
Enter frobcmp
Enter frobcmp
Enter frobcmp
Enter frobcmp
Enter frobcmp
Enter frobcmp
Enter frobcmp
Enter frobcmp
Enter frobcmp
Enter frobcmp
Enter frobcmp
Enter frobcmp
Enter frobcmp
Enter frobcmp
Enter frobcmp
Enter frobcmp
Enter frobcmp
Enter frobcmp
Enter frobcmp
Enter frobcmp
Enter frobcmp
Enter frobcmp
Enter frobcmp
Enter frobcmp
Enter frobcmp
Enter frobcmp
Enter frobcmp
Enter frobcmp
Enter frobcmp
Enter frobcmp
Enter frobcmp
Enter frobcmp
Enter frobcmp
Enter frobcmp
Enter frobcmp
Enter frobcmp
Enter frobcmp
Enter frobcmp
Enter frobcmp
Enter frobcmp
Enter frobcmp
Enter frobcmp
Enter frobcmp
Enter frobcmp
Enter frobcmp
Enter frobcmp
Enter frobcmp
Enter frobcmp
Enter frobcmp
Enter frobcmp
Enter frobcmp
Enter frobcmp
Enter frobcmp
Enter frobcmp
Enter frobcmp
Enter frobcmp
Enter frobcmp
Enter frobcmp
Enter frobcmp
Enter frobcmp
Enter frobcmp
Enter frobcmp
Enter frobcmp
Enter frobcmp
Enter frobcmp
Enter frobcmp
Enter frobcmp
Enter frobcmp
Enter frobcmp
Enter frobcmp
Enter frobcmp
Enter frobcmp
Enter frobcmp
Enter frobcmp
Enter frobcmp
Enter frobcmp
Enter frobcmp
Enter frobcmp
Enter frobcmp
Enter frobcmp
Enter frobcmp
Enter frobcmp
Enter frobcmp
Enter frobcmp
Enter frobcmp
Enter frobcmp
Enter frobcmp
Enter frobcmp
Enter frobcmp
Enter frobcmp
Enter frobcmp
Enter frobcmp
Enter frobcmp
Enter frobcmp
Enter frobcmp
Enter frobcmp
Enter frobcmp
Enter frobcmp
Enter frobcmp
Enter frobcmp
Enter frobcmp
Enter frobcmp
Enter frobcmp
Enter frobcmp
Enter frobcmp
Enter frobcmp
Enter frobcmp
Enter frobcmp
Enter frobcmp
Enter frobcmp
Enter frobcmp
Enter frobcmp
Enter frobcmp
Enter frobcmp
Enter frobcmp
Enter frobcmp
Enter frobcmp
Enter frobcmp
Enter frobcmp
Enter frobcmp
Enter frobcmp
Enter frobcmp
Enter frobcmp
Enter frobcmp
Enter frobcmp
Enter frobcmp
Enter frobcmp
Enter frobcmp
Enter frobcmp
Enter frobcmp
Enter frobcmp
Enter frobcmp
Enter frobcmp
Enter frobcmp
Enter frobcmp
Enter frobcmp
Enter frobcmp
Enter frobcmp
Enter frobcmp
Enter frobcmp
Enter frobcmp
Enter frobcmp
Enter frobcmp
Enter frobcmp
Enter frobcmp
Enter frobcmp
Enter frobcmp
Enter frobcmp
Enter frobcmp
Enter frobcmp
Enter frobcmp
Enter frobcmp
Enter frobcmp
Enter frobcmp
Enter frobcmp
Enter frobcmp
Enter frobcmp
Enter frobcmp
Enter frobcmp
Enter frobcmp
Enter frobcmp
Enter frobcmp
Enter frobcmp
Enter frobcmp
Enter frobcmp
Enter frobcmp
Enter frobcmp
Enter frobcmp
Enter frobcmp
Enter frobcmp
Enter frobcmp
Enter frobcmp
Enter frobcmp
Enter frobcmp
Enter frobcmp
Enter frobcmp
Enter frobcmp
Enter frobcmp
Enter frobcmp
Enter frobcmp
==8054== 
==8054== HEAP SUMMARY:
==8054==     in use at exit: 0 bytes in 0 blocks
==8054==   total heap usage: 4,541 allocs, 4,541 frees, 9,181,452 bytes allocated
==8054== 
==8054== All heap blocks were freed -- no leaks are possible
==8054== 
==8054== For counts of detected and suppressed errors, rerun with: -v
==8054== ERROR SUMMARY: 0 errors from 0 contexts (suppressed: 0 from 0)
[huimin@lnxsrv09 ~]$ ./sfrob < s1.txt > o
[huimin@lnxsrv09 ~]$ cat o | wc -l
1
[huimin@lnxsrv09 ~]$ ./sfrobu < s1.txt > o
[huimin@lnxsrv09 ~]$ cat o | wc -l
1
[huimin@lnxsrv09 ~]$ ./sfrobu < s2.txt > o
[huimin@lnxsrv09 ~]$ cat o | wc -l
1
[huimin@lnxsrv09 ~]$ ./sfrobu < s3.txt > o
[huimin@lnxsrv09 ~]$ cat o | wc -l
1
[huimin@lnxsrv09 ~]$ emacs o
[huimin@lnxsrv09 ~]$ emacs sfrobu.c
[huimin@lnxsrv09 ~]$ gcc -o sfrobu sfrobu.c
[huimin@lnxsrv09 ~]$ ./sfrobu < s1.txt > o
[huimin@lnxsrv09 ~]$ cat o | wc -l
1
[huimin@lnxsrv09 ~]$ ./sfrobu < s2.txt > o
[huimin@lnxsrv09 ~]$ cat o | wc -l
5
[huimin@lnxsrv09 ~]$ ./sfrobu < s3.txt > o
[huimin@lnxsrv09 ~]$ cat o | wc -l
16
[huimin@lnxsrv09 ~]$ ./sfrobu < s4.txt > o
[huimin@lnxsrv09 ~]$ cat o | wc -l
44
[huimin@lnxsrv09 ~]$ ./sfrobu < s5.txt > o
[huimin@lnxsrv09 ~]$ cat o | wc -l
112
[huimin@lnxsrv09 ~]$ ./sfrobu < s6.txt > o
[huimin@lnxsrv09 ~]$ cat o | wc -l
272
[huimin@lnxsrv09 ~]$ ./sfrobu < s10.txt > o
[huimin@lnxsrv09 ~]$ cat o | wc -l
7424
[huimin@lnxsrv09 ~]$ 
